Archive member included to satisfy reference by file (symbol)

C:/ST/STM32CubeCLT_1.16.0/GNU-tools-for-STM32/bin/../lib/gcc/arm-none-eabi/12.3.1/../../../../arm-none-eabi/lib/thumb/v7e-m+fp/hard\libc_nano.a(libc_a-exit.o)
                              C:/ST/STM32CubeCLT_1.16.0/GNU-tools-for-STM32/bin/../lib/gcc/arm-none-eabi/12.3.1/../../../../arm-none-eabi/lib/thumb/v7e-m+fp/hard/crt0.o (exit)
C:/ST/STM32CubeCLT_1.16.0/GNU-tools-for-STM32/bin/../lib/gcc/arm-none-eabi/12.3.1/../../../../arm-none-eabi/lib/thumb/v7e-m+fp/hard\libc_nano.a(libc_a-findfp.o)
                              C:/ST/STM32CubeCLT_1.16.0/GNU-tools-for-STM32/bin/../lib/gcc/arm-none-eabi/12.3.1/../../../../arm-none-eabi/lib/thumb/v7e-m+fp/hard\libc_nano.a(libc_a-exit.o) (__stdio_exit_handler)
C:/ST/STM32CubeCLT_1.16.0/GNU-tools-for-STM32/bin/../lib/gcc/arm-none-eabi/12.3.1/../../../../arm-none-eabi/lib/thumb/v7e-m+fp/hard\libc_nano.a(libc_a-fwalk.o)
                              C:/ST/STM32CubeCLT_1.16.0/GNU-tools-for-STM32/bin/../lib/gcc/arm-none-eabi/12.3.1/../../../../arm-none-eabi/lib/thumb/v7e-m+fp/hard\libc_nano.a(libc_a-findfp.o) (_fwalk_sglue)
C:/ST/STM32CubeCLT_1.16.0/GNU-tools-for-STM32/bin/../lib/gcc/arm-none-eabi/12.3.1/../../../../arm-none-eabi/lib/thumb/v7e-m+fp/hard\libc_nano.a(libc_a-stdio.o)
                              C:/ST/STM32CubeCLT_1.16.0/GNU-tools-for-STM32/bin/../lib/gcc/arm-none-eabi/12.3.1/../../../../arm-none-eabi/lib/thumb/v7e-m+fp/hard\libc_nano.a(libc_a-findfp.o) (__sread)
C:/ST/STM32CubeCLT_1.16.0/GNU-tools-for-STM32/bin/../lib/gcc/arm-none-eabi/12.3.1/../../../../arm-none-eabi/lib/thumb/v7e-m+fp/hard\libc_nano.a(libc_a-memset.o)
                              C:/ST/STM32CubeCLT_1.16.0/GNU-tools-for-STM32/bin/../lib/gcc/arm-none-eabi/12.3.1/../../../../arm-none-eabi/lib/thumb/v7e-m+fp/hard/crt0.o (memset)
C:/ST/STM32CubeCLT_1.16.0/GNU-tools-for-STM32/bin/../lib/gcc/arm-none-eabi/12.3.1/../../../../arm-none-eabi/lib/thumb/v7e-m+fp/hard\libc_nano.a(libc_a-closer.o)
                              C:/ST/STM32CubeCLT_1.16.0/GNU-tools-for-STM32/bin/../lib/gcc/arm-none-eabi/12.3.1/../../../../arm-none-eabi/lib/thumb/v7e-m+fp/hard\libc_nano.a(libc_a-stdio.o) (_close_r)
C:/ST/STM32CubeCLT_1.16.0/GNU-tools-for-STM32/bin/../lib/gcc/arm-none-eabi/12.3.1/../../../../arm-none-eabi/lib/thumb/v7e-m+fp/hard\libc_nano.a(libc_a-reent.o)
                              C:/ST/STM32CubeCLT_1.16.0/GNU-tools-for-STM32/bin/../lib/gcc/arm-none-eabi/12.3.1/../../../../arm-none-eabi/lib/thumb/v7e-m+fp/hard\libc_nano.a(libc_a-closer.o) (errno)
C:/ST/STM32CubeCLT_1.16.0/GNU-tools-for-STM32/bin/../lib/gcc/arm-none-eabi/12.3.1/../../../../arm-none-eabi/lib/thumb/v7e-m+fp/hard\libc_nano.a(libc_a-impure.o)
                              C:/ST/STM32CubeCLT_1.16.0/GNU-tools-for-STM32/bin/../lib/gcc/arm-none-eabi/12.3.1/../../../../arm-none-eabi/lib/thumb/v7e-m+fp/hard\libc_nano.a(libc_a-reent.o) (_impure_ptr)
C:/ST/STM32CubeCLT_1.16.0/GNU-tools-for-STM32/bin/../lib/gcc/arm-none-eabi/12.3.1/../../../../arm-none-eabi/lib/thumb/v7e-m+fp/hard\libc_nano.a(libc_a-lseekr.o)
                              C:/ST/STM32CubeCLT_1.16.0/GNU-tools-for-STM32/bin/../lib/gcc/arm-none-eabi/12.3.1/../../../../arm-none-eabi/lib/thumb/v7e-m+fp/hard\libc_nano.a(libc_a-stdio.o) (_lseek_r)
C:/ST/STM32CubeCLT_1.16.0/GNU-tools-for-STM32/bin/../lib/gcc/arm-none-eabi/12.3.1/../../../../arm-none-eabi/lib/thumb/v7e-m+fp/hard\libc_nano.a(libc_a-readr.o)
                              C:/ST/STM32CubeCLT_1.16.0/GNU-tools-for-STM32/bin/../lib/gcc/arm-none-eabi/12.3.1/../../../../arm-none-eabi/lib/thumb/v7e-m+fp/hard\libc_nano.a(libc_a-stdio.o) (_read_r)
C:/ST/STM32CubeCLT_1.16.0/GNU-tools-for-STM32/bin/../lib/gcc/arm-none-eabi/12.3.1/../../../../arm-none-eabi/lib/thumb/v7e-m+fp/hard\libc_nano.a(libc_a-writer.o)
                              C:/ST/STM32CubeCLT_1.16.0/GNU-tools-for-STM32/bin/../lib/gcc/arm-none-eabi/12.3.1/../../../../arm-none-eabi/lib/thumb/v7e-m+fp/hard\libc_nano.a(libc_a-stdio.o) (_write_r)
C:/ST/STM32CubeCLT_1.16.0/GNU-tools-for-STM32/bin/../lib/gcc/arm-none-eabi/12.3.1/../../../../arm-none-eabi/lib/thumb/v7e-m+fp/hard\libc_nano.a(libc_a-errno.o)
                              build/sysmem.o (__errno)
C:/ST/STM32CubeCLT_1.16.0/GNU-tools-for-STM32/bin/../lib/gcc/arm-none-eabi/12.3.1/../../../../arm-none-eabi/lib/thumb/v7e-m+fp/hard\libc_nano.a(libc_a-init.o)
                              C:/ST/STM32CubeCLT_1.16.0/GNU-tools-for-STM32/bin/../lib/gcc/arm-none-eabi/12.3.1/../../../../arm-none-eabi/lib/thumb/v7e-m+fp/hard/crt0.o (__libc_init_array)
C:/ST/STM32CubeCLT_1.16.0/GNU-tools-for-STM32/bin/../lib/gcc/arm-none-eabi/12.3.1/../../../../arm-none-eabi/lib/thumb/v7e-m+fp/hard\libc_nano.a(libc_a-lock.o)
                              C:/ST/STM32CubeCLT_1.16.0/GNU-tools-for-STM32/bin/../lib/gcc/arm-none-eabi/12.3.1/../../../../arm-none-eabi/lib/thumb/v7e-m+fp/hard\libc_nano.a(libc_a-findfp.o) (__retarget_lock_init_recursive)
[...]
Memory Configuration

Name             Origin             Length             Attributes
RAM              0x20000000         0x00018000         xrw
RAM2             0x10000000         0x00008000         xrw
FLASH            0x08000000         0x00100000         xr
*default*        0x00000000         0xffffffff

Linker script and memory map

LOAD C:/ST/STM32CubeCLT_1.16.0/GNU-tools-for-STM32/bin/../lib/gcc/arm-none-eabi/12.3.1/thumb/v7e-m+fp/hard/crti.o
LOAD C:/ST/STM32CubeCLT_1.16.0/GNU-tools-for-STM32/bin/../lib/gcc/arm-none-eabi/12.3.1/thumb/v7e-m+fp/hard/crtbegin.o
LOAD C:/ST/STM32CubeCLT_1.16.0/GNU-tools-for-STM32/bin/../lib/gcc/arm-none-eabi/12.3.1/../../../../arm-none-eabi/lib/thumb/v7e-m+fp/hard/crt0.o
LOAD build/main.o
LOAD build/stm32l4xx_it.o
LOAD build/stm32l4xx_hal_msp.o
LOAD build/sysmem.o
LOAD build/syscalls.o
LOAD build/stm32l4xx_hal_i2c.o
LOAD build/stm32l4xx_hal_i2c_ex.o
LOAD build/stm32l4xx_hal.o
LOAD build/stm32l4xx_hal_rcc.o
LOAD build/stm32l4xx_hal_rcc_ex.o
LOAD build/stm32l4xx_hal_flash.o
LOAD build/stm32l4xx_hal_flash_ex.o
LOAD build/stm32l4xx_hal_flash_ramfunc.o
LOAD build/stm32l4xx_hal_gpio.o
LOAD build/stm32l4xx_hal_dma.o
LOAD build/stm32l4xx_hal_dma_ex.o
LOAD build/stm32l4xx_hal_pwr.o
LOAD build/stm32l4xx_hal_pwr_ex.o
LOAD build/stm32l4xx_hal_cortex.o
LOAD build/stm32l4xx_hal_exti.o
LOAD build/stm32l4xx_hal_rng.o
LOAD build/stm32l4xx_hal_tim.o
LOAD build/stm32l4xx_hal_tim_ex.o
LOAD build/stm32l4xx_hal_uart.o
LOAD build/stm32l4xx_hal_uart_ex.o
LOAD build/system_stm32l4xx.o
LOAD build/startup_stm32l476xx.o
LOAD C:/ST/STM32CubeCLT_1.16.0/GNU-tools-for-STM32/bin/../lib/gcc/arm-none-eabi/12.3.1/../../../../arm-none-eabi/lib/thumb/v7e-m+fp/hard\libc_nano.a
LOAD C:/ST/STM32CubeCLT_1.16.0/GNU-tools-for-STM32/bin/../lib/gcc/arm-none-eabi/12.3.1/../../../../arm-none-eabi/lib/thumb/v7e-m+fp/hard\libm.a
LOAD C:/ST/STM32CubeCLT_1.16.0/GNU-tools-for-STM32/bin/../lib/gcc/arm-none-eabi/12.3.1/../../../../arm-none-eabi/lib/thumb/v7e-m+fp/hard\libnosys.a
START GROUP
LOAD C:/ST/STM32CubeCLT_1.16.0/GNU-tools-for-STM32/bin/../lib/gcc/arm-none-eabi/12.3.1/thumb/v7e-m+fp/hard\libgcc.a
LOAD C:/ST/STM32CubeCLT_1.16.0/GNU-tools-for-STM32/bin/../lib/gcc/arm-none-eabi/12.3.1/../../../../arm-none-eabi/lib/thumb/v7e-m+fp/hard\libc_nano.a
END GROUP
START GROUP
LOAD C:/ST/STM32CubeCLT_1.16.0/GNU-tools-for-STM32/bin/../lib/gcc/arm-none-eabi/12.3.1/thumb/v7e-m+fp/hard\libgcc.a
LOAD C:/ST/STM32CubeCLT_1.16.0/GNU-tools-for-STM32/bin/../lib/gcc/arm-none-eabi/12.3.1/../../../../arm-none-eabi/lib/thumb/v7e-m+fp/hard\libc_nano.a
END GROUP
LOAD C:/ST/STM32CubeCLT_1.16.0/GNU-tools-for-STM32/bin/../lib/gcc/arm-none-eabi/12.3.1/thumb/v7e-m+fp/hard/crtend.o
LOAD C:/ST/STM32CubeCLT_1.16.0/GNU-tools-for-STM32/bin/../lib/gcc/arm-none-eabi/12.3.1/thumb/v7e-m+fp/hard/crtn.o
                0x20018000                        _estack = (ORIGIN (RAM) + LENGTH (RAM))
                0x00000200                        _Min_Heap_Size = 0x200
                0x00000400                        _Min_Stack_Size = 0x400

.isr_vector     0x08000000      0x188
                0x08000000                        . = ALIGN (0x8)
 *(.isr_vector)
 .isr_vector    0x08000000      0x188 build/startup_stm32l476xx.o
                0x08000000                g_pfnVectors
                0x08000188                        . = ALIGN (0x8)

.text           0x08000188     0x2a48
                0x08000188                        . = ALIGN (0x8)
 *(.text)
 .text          0x08000188       0x40 C:/ST/STM32CubeCLT_1.16.0/GNU-tools-for-STM32/bin/../lib/gcc/arm-none-eabi/12.3.1/thumb/v7e-m+fp/hard/crtbegin.o
 .text          0x080001c8       0x30 C:/ST/STM32CubeCLT_1.16.0/GNU-tools-for-STM32/bin/../lib/gcc/arm-none-eabi/12.3.1/thumb/v7e-m+fp/hard\libgcc.a(_aeabi_uldivmod.o)
                0x080001c8                __aeabi_uldivmod
 .text          0x080001f8      0x2bc C:/ST/STM32CubeCLT_1.16.0/GNU-tools-for-STM32/bin/../lib/gcc/arm-none-eabi/12.3.1/thumb/v7e-m+fp/hard\libgcc.a(_udivmoddi4.o)
                0x080001f8                __udivmoddi4
 .text          0x080004b4        0x4 C:/ST/STM32CubeCLT_1.16.0/GNU-tools-for-STM32/bin/../lib/gcc/arm-none-eabi/12.3.1/thumb/v7e-m+fp/hard\libgcc.a(_dvmd_tls.o)
                0x080004b4                __aeabi_idiv0
                0x080004b4                __aeabi_ldiv0
 *(.text*)
 .text.MX_GPIO_Init
                0x080004b8       0xc0 build/main.o
 .text.Error_Handler
                0x08000578        0x4 build/main.o
                0x08000578                Error_Handler
 .text.MX_I2C3_Init
                0x0800057c       0x54 build/main.o
 .text.MX_RNG_Init
                0x080005d0       0x1c build/main.o
 .text.MX_USART2_UART_Init
                0x080005ec       0x38 build/main.o
 .text.MX_TIM3_Init
                0x08000624       0x74 build/main.o
 .text.SystemClock_Config
                0x08000698       0x7a build/main.o
                0x08000698                SystemClock_Config
 *fill*         0x08000712        0x2 
 .text.main     0x08000714       0x4c build/main.o
                0x08000714                main
 .text.NMI_Handler
                0x08000760        0x2 build/stm32l4xx_it.o
                0x08000760                NMI_Handler
 .text.HardFault_Handler
                0x08000762        0x2 build/stm32l4xx_it.o
                0x08000762                HardFault_Handler
 .text.MemManage_Handler
                0x08000764        0x2 build/stm32l4xx_it.o
                0x08000764                MemManage_Handler
 .text.BusFault_Handler
                0x08000766        0x2 build/stm32l4xx_it.o
                0x08000766                BusFault_Handler
 .text.UsageFault_Handler
                0x08000768        0x2 build/stm32l4xx_it.o
                0x08000768                UsageFault_Handler
 .text.SVC_Handler
                0x0800076a        0x2 build/stm32l4xx_it.o
                0x0800076a                SVC_Handler
 .text.DebugMon_Handler
                0x0800076c        0x2 build/stm32l4xx_it.o
                0x0800076c                DebugMon_Handler
 .text.PendSV_Handler
                0x0800076e        0x2 build/stm32l4xx_it.o
                0x0800076e                PendSV_Handler
 .text.SysTick_Handler
                0x08000770        0x8 build/stm32l4xx_it.o
                0x08000770                SysTick_Handler
 .text.TIM3_IRQHandler
                0x08000778       0x10 build/stm32l4xx_it.o
                0x08000778                TIM3_IRQHandler
 .text.HAL_MspInit
                0x08000788       0x30 build/stm32l4xx_hal_msp.o
                0x08000788                HAL_MspInit
 .text.HAL_I2C_MspInit
                0x080007b8       0x88 build/stm32l4xx_hal_msp.o
                0x080007b8                HAL_I2C_MspInit
 .text.HAL_RNG_MspInit
                0x08000840       0x70 build/stm32l4xx_hal_msp.o
                0x08000840                HAL_RNG_MspInit
 .text.HAL_TIM_Base_MspInit
                0x080008b0       0x40 build/stm32l4xx_hal_msp.o
                0x080008b0                HAL_TIM_Base_MspInit
 .text.HAL_UART_MspInit
                0x080008f0       0x88 build/stm32l4xx_hal_msp.o
                0x080008f0                HAL_UART_MspInit
 .text.HAL_I2C_Init
                0x08000978       0xc8 build/stm32l4xx_hal_i2c.o
                0x08000978                HAL_I2C_Init
 .text.HAL_I2CEx_ConfigAnalogFilter
                0x08000a40       0x5c build/stm32l4xx_hal_i2c_ex.o
                0x08000a40                HAL_I2CEx_ConfigAnalogFilter
 .text.HAL_I2CEx_ConfigDigitalFilter
                0x08000a9c       0x58 build/stm32l4xx_hal_i2c_ex.o
                0x08000a9c                HAL_I2CEx_ConfigDigitalFilter
 .text.HAL_InitTick
                0x08000af4       0x50 build/stm32l4xx_hal.o
                0x08000af4                HAL_InitTick
 .text.HAL_Init
                0x08000b44       0x2c build/stm32l4xx_hal.o
                0x08000b44                HAL_Init
 .text.HAL_IncTick
                0x08000b70       0x18 build/stm32l4xx_hal.o
                0x08000b70                HAL_IncTick
 .text.HAL_GetTick
                0x08000b88        0xc build/stm32l4xx_hal.o
                0x08000b88                HAL_GetTick
 .text.HAL_Delay
                0x08000b94       0x28 build/stm32l4xx_hal.o
                0x08000b94                HAL_Delay
 .text.RCC_SetFlashLatencyFromMSIRange
                0x08000bbc       0x90 build/stm32l4xx_hal_rcc.o
 .text.HAL_RCC_GetSysClockFreq
                0x08000c4c       0xb4 build/stm32l4xx_hal_rcc.o
                0x08000c4c                HAL_RCC_GetSysClockFreq
 .text.HAL_RCC_OscConfig
                0x08000d00      0x61c build/stm32l4xx_hal_rcc.o
                0x08000d00                HAL_RCC_OscConfig
 .text.HAL_RCC_ClockConfig
                0x0800131c      0x188 build/stm32l4xx_hal_rcc.o
                0x0800131c                HAL_RCC_ClockConfig
 .text.HAL_RCC_GetHCLKFreq
                0x080014a4        0xc build/stm32l4xx_hal_rcc.o
                0x080014a4                HAL_RCC_GetHCLKFreq
 .text.HAL_RCC_GetPCLK1Freq
                0x080014b0       0x24 build/stm32l4xx_hal_rcc.o
                0x080014b0                HAL_RCC_GetPCLK1Freq
 .text.HAL_RCC_GetPCLK2Freq
                0x080014d4       0x24 build/stm32l4xx_hal_rcc.o
                0x080014d4                HAL_RCC_GetPCLK2Freq
 .text.RCCEx_PLLSAI1_Config
                0x080014f8      0x170 build/stm32l4xx_hal_rcc_ex.o
 .text.RCCEx_PLLSAI2_Config
                0x08001668      0x14c build/stm32l4xx_hal_rcc_ex.o
 .text.HAL_RCCEx_PeriphCLKConfig
                0x080017b4      0x454 build/stm32l4xx_hal_rcc_ex.o
                0x080017b4                HAL_RCCEx_PeriphCLKConfig
 .text.HAL_GPIO_Init
                0x08001c08      0x200 build/stm32l4xx_hal_gpio.o
                0x08001c08                HAL_GPIO_Init
 .text.HAL_GPIO_WritePin
                0x08001e08        0xa build/stm32l4xx_hal_gpio.o
                0x08001e08                HAL_GPIO_WritePin
 .text.HAL_GPIO_TogglePin
                0x08001e12       0x12 build/stm32l4xx_hal_gpio.o
                0x08001e12                HAL_GPIO_TogglePin
 .text.HAL_PWREx_GetVoltageRange
                0x08001e24       0x10 build/stm32l4xx_hal_pwr_ex.o
                0x08001e24                HAL_PWREx_GetVoltageRange
 .text.HAL_PWREx_ControlVoltageScaling
                0x08001e34       0x90 build/stm32l4xx_hal_pwr_ex.o
                0x08001e34                HAL_PWREx_ControlVoltageScaling
 .text.__NVIC_EnableIRQ
                0x08001ec4       0x1c build/stm32l4xx_hal_cortex.o
 .text.__NVIC_SetPriority
                0x08001ee0       0x28 build/stm32l4xx_hal_cortex.o
 .text.NVIC_EncodePriority
                0x08001f08       0x3e build/stm32l4xx_hal_cortex.o
 *fill*         0x08001f46        0x2 
 .text.HAL_NVIC_SetPriorityGrouping
                0x08001f48       0x24 build/stm32l4xx_hal_cortex.o
                0x08001f48                HAL_NVIC_SetPriorityGrouping
 .text.HAL_NVIC_SetPriority
                0x08001f6c       0x20 build/stm32l4xx_hal_cortex.o
                0x08001f6c                HAL_NVIC_SetPriority
 .text.HAL_NVIC_EnableIRQ
                0x08001f8c        0x8 build/stm32l4xx_hal_cortex.o
                0x08001f8c                HAL_NVIC_EnableIRQ
 .text.HAL_SYSTICK_Config
                0x08001f94       0x28 build/stm32l4xx_hal_cortex.o
                0x08001f94                HAL_SYSTICK_Config
 .text.HAL_RNG_Init
                0x08001fbc       0x72 build/stm32l4xx_hal_rng.o
                0x08001fbc                HAL_RNG_Init
 .text.TIM_TI1_ConfigInputStage
                0x0800202e       0x26 build/stm32l4xx_hal_tim.o
 .text.TIM_TI2_ConfigInputStage
                0x08002054       0x28 build/stm32l4xx_hal_tim.o
 .text.TIM_ITRx_SetConfig
                0x0800207c       0x10 build/stm32l4xx_hal_tim.o
 .text.HAL_TIM_PeriodElapsedCallback
                0x0800208c        0x2 build/stm32l4xx_hal_tim.o
                0x0800208c                HAL_TIM_PeriodElapsedCallback
 .text.HAL_TIM_OC_DelayElapsedCallback
                0x0800208e        0x2 build/stm32l4xx_hal_tim.o
                0x0800208e                HAL_TIM_OC_DelayElapsedCallback
 .text.HAL_TIM_IC_CaptureCallback
                0x08002090        0x2 build/stm32l4xx_hal_tim.o
                0x08002090                HAL_TIM_IC_CaptureCallback
 .text.HAL_TIM_PWM_PulseFinishedCallback
                0x08002092        0x2 build/stm32l4xx_hal_tim.o
                0x08002092                HAL_TIM_PWM_PulseFinishedCallback
 .text.HAL_TIM_TriggerCallback
                0x08002094        0x2 build/stm32l4xx_hal_tim.o
                0x08002094                HAL_TIM_TriggerCallback
 .text.HAL_TIM_IRQHandler
                0x08002096      0x17a build/stm32l4xx_hal_tim.o
                0x08002096                HAL_TIM_IRQHandler
 .text.TIM_Base_SetConfig
                0x08002210       0xc8 build/stm32l4xx_hal_tim.o
                0x08002210                TIM_Base_SetConfig
 .text.HAL_TIM_Base_Init
                0x080022d8       0x60 build/stm32l4xx_hal_tim.o
                0x080022d8                HAL_TIM_Base_Init
 .text.TIM_ETR_SetConfig
                0x08002338       0x1a build/stm32l4xx_hal_tim.o
                0x08002338                TIM_ETR_SetConfig
 *fill*         0x08002352        0x2 
 .text.HAL_TIM_ConfigClockSource
                0x08002354      0x100 build/stm32l4xx_hal_tim.o
                0x08002354                HAL_TIM_ConfigClockSource
 .text.HAL_TIMEx_MasterConfigSynchronization
                0x08002454       0x98 build/stm32l4xx_hal_tim_ex.o
                0x08002454                HAL_TIMEx_MasterConfigSynchronization
 .text.HAL_TIMEx_CommutCallback
                0x080024ec        0x2 build/stm32l4xx_hal_tim_ex.o
                0x080024ec                HAL_TIMEx_CommutCallback
 .text.HAL_TIMEx_BreakCallback
                0x080024ee        0x2 build/stm32l4xx_hal_tim_ex.o
                0x080024ee                HAL_TIMEx_BreakCallback
 .text.HAL_TIMEx_Break2Callback
                0x080024f0        0x2 build/stm32l4xx_hal_tim_ex.o
                0x080024f0                HAL_TIMEx_Break2Callback
 .text.UART_EndRxTransfer
                0x080024f2       0x52 build/stm32l4xx_hal_uart.o
 .text.UART_SetConfig
                0x08002544      0x328 build/stm32l4xx_hal_uart.o
                0x08002544                UART_SetConfig
 .text.UART_AdvFeatureConfig
                0x0800286c       0xca build/stm32l4xx_hal_uart.o
                0x0800286c                UART_AdvFeatureConfig
 .text.UART_WaitOnFlagUntilTimeout
                0x08002936       0x96 build/stm32l4xx_hal_uart.o
                0x08002936                UART_WaitOnFlagUntilTimeout
 .text.UART_CheckIdleState
                0x080029cc       0xc6 build/stm32l4xx_hal_uart.o
                0x080029cc                UART_CheckIdleState
 .text.HAL_UART_Init
                0x08002a92       0x62 build/stm32l4xx_hal_uart.o
                0x08002a92                HAL_UART_Init
 .text.SystemInit
                0x08002af4       0x14 build/system_stm32l4xx.o
                0x08002af4                SystemInit
 .text.Reset_Handler
                0x08002b08       0x50 build/startup_stm32l476xx.o
                0x08002b08                Reset_Handler
 .text.Default_Handler
                0x08002b58        0x2 build/startup_stm32l476xx.o
                0x08002b58                RTC_Alarm_IRQHandler
                0x08002b58                EXTI2_IRQHandler
                0x08002b58                TIM8_TRG_COM_IRQHandler
                0x08002b58                TIM8_CC_IRQHandler
                0x08002b58                TIM1_CC_IRQHandler
                0x08002b58                TSC_IRQHandler
                0x08002b58                TAMP_STAMP_IRQHandler
                0x08002b58                EXTI3_IRQHandler
                0x08002b58                LPTIM2_IRQHandler
                0x08002b58                DFSDM1_FLT1_IRQHandler
                0x08002b58                I2C3_ER_IRQHandler
                0x08002b58                DFSDM1_FLT2_IRQHandler
                0x08002b58                EXTI0_IRQHandler
                0x08002b58                I2C2_EV_IRQHandler
                0x08002b58                CAN1_RX0_IRQHandler
                0x08002b58                FPU_IRQHandler
                0x08002b58                TIM1_UP_TIM16_IRQHandler
                0x08002b58                ADC1_2_IRQHandler
                0x08002b58                SPI1_IRQHandler
                0x08002b58                TIM6_DAC_IRQHandler
                0x08002b58                TIM8_UP_IRQHandler
                0x08002b58                DMA2_Channel2_IRQHandler
                0x08002b58                DMA1_Channel4_IRQHandler
                0x08002b58                SAI2_IRQHandler
                0x08002b58                DFSDM1_FLT3_IRQHandler
                0x08002b58                USART3_IRQHandler
                0x08002b58                DMA1_Channel7_IRQHandler
                0x08002b58                CAN1_RX1_IRQHandler
                0x08002b58                LCD_IRQHandler
                0x08002b58                UART5_IRQHandler
                0x08002b58                ADC3_IRQHandler
                0x08002b58                TIM4_IRQHandler
                0x08002b58                DMA2_Channel1_IRQHandler
                0x08002b58                QUADSPI_IRQHandler
                0x08002b58                I2C1_EV_IRQHandler
                0x08002b58                DMA1_Channel6_IRQHandler
                0x08002b58                UART4_IRQHandler
                0x08002b58                DMA2_Channel4_IRQHandler
                0x08002b58                RCC_IRQHandler
                0x08002b58                DMA1_Channel1_IRQHandler
                0x08002b58                Default_Handler
                0x08002b58                DMA2_Channel7_IRQHandler
                0x08002b58                EXTI15_10_IRQHandler
                0x08002b58                TIM7_IRQHandler
                0x08002b58                SDMMC1_IRQHandler
                0x08002b58                TIM5_IRQHandler
                0x08002b58                I2C3_EV_IRQHandler
                0x08002b58                EXTI9_5_IRQHandler
                0x08002b58                RTC_WKUP_IRQHandler
                0x08002b58                PVD_PVM_IRQHandler
                0x08002b58                SPI2_IRQHandler
                0x08002b58                CAN1_TX_IRQHandler
                0x08002b58                DMA2_Channel5_IRQHandler
                0x08002b58                DMA1_Channel5_IRQHandler
                0x08002b58                EXTI4_IRQHandler
                0x08002b58                RNG_IRQHandler
                0x08002b58                TIM1_TRG_COM_TIM17_IRQHandler
                0x08002b58                DMA1_Channel3_IRQHandler
                0x08002b58                COMP_IRQHandler
                0x08002b58                WWDG_IRQHandler
                0x08002b58                LPUART1_IRQHandler
                0x08002b58                DMA2_Channel6_IRQHandler
                0x08002b58                TIM2_IRQHandler
                0x08002b58                EXTI1_IRQHandler
                0x08002b58                USART2_IRQHandler
                0x08002b58                DFSDM1_FLT0_IRQHandler
                0x08002b58                I2C2_ER_IRQHandler
                0x08002b58                DMA1_Channel2_IRQHandler
                0x08002b58                TIM8_BRK_IRQHandler
                0x08002b58                CAN1_SCE_IRQHandler
                0x08002b58                FLASH_IRQHandler
                0x08002b58                USART1_IRQHandler
                0x08002b58                OTG_FS_IRQHandler
                0x08002b58                SPI3_IRQHandler
                0x08002b58                I2C1_ER_IRQHandler
                0x08002b58                FMC_IRQHandler
                0x08002b58                SWPMI1_IRQHandler
                0x08002b58                LPTIM1_IRQHandler
                0x08002b58                SAI1_IRQHandler
                0x08002b58                DMA2_Channel3_IRQHandler
                0x08002b58                TIM1_BRK_TIM15_IRQHandler
 .text.memset   0x08002b5a       0x10 C:/ST/STM32CubeCLT_1.16.0/GNU-tools-for-STM32/bin/../lib/gcc/arm-none-eabi/12.3.1/../../../../arm-none-eabi/lib/thumb/v7e-m+fp/hard\libc_nano.a(libc_a-memset.o)
                0x08002b5a                memset
 *fill*         0x08002b6a        0x2 
 .text.__libc_init_array
                0x08002b6c       0x48 C:/ST/STM32CubeCLT_1.16.0/GNU-tools-for-STM32/bin/../lib/gcc/arm-none-eabi/12.3.1/../../../../arm-none-eabi/lib/thumb/v7e-m+fp/hard\libc_nano.a(libc_a-init.o)
                0x08002b6c                __libc_init_array
 *(.glue_7)
 .glue_7        0x08002bb4        0x0 linker stubs
 *(.glue_7t)
 .glue_7t       0x08002bb4        0x0 linker stubs
 *(.eh_frame)
 .eh_frame      0x08002bb4        0x0 C:/ST/STM32CubeCLT_1.16.0/GNU-tools-for-STM32/bin/../lib/gcc/arm-none-eabi/12.3.1/thumb/v7e-m+fp/hard/crtbegin.o
 *(.init)
 .init          0x08002bb4        0x4 C:/ST/STM32CubeCLT_1.16.0/GNU-tools-for-STM32/bin/../lib/gcc/arm-none-eabi/12.3.1/thumb/v7e-m+fp/hard/crti.o
                0x08002bb4                _init
 .init          0x08002bb8        0x8 C:/ST/STM32CubeCLT_1.16.0/GNU-tools-for-STM32/bin/../lib/gcc/arm-none-eabi/12.3.1/thumb/v7e-m+fp/hard/crtn.o
 *(.fini)
 .fini          0x08002bc0        0x4 C:/ST/STM32CubeCLT_1.16.0/GNU-tools-for-STM32/bin/../lib/gcc/arm-none-eabi/12.3.1/thumb/v7e-m+fp/hard/crti.o
                0x08002bc0                _fini
 .fini          0x08002bc4        0x8 C:/ST/STM32CubeCLT_1.16.0/GNU-tools-for-STM32/bin/../lib/gcc/arm-none-eabi/12.3.1/thumb/v7e-m+fp/hard/crtn.o
                0x08002bd0                        . = ALIGN (0x8)
 *fill*         0x08002bcc        0x4 
                0x08002bd0                        _etext = .

.vfp11_veneer   0x08002bd0        0x0
 .vfp11_veneer  0x08002bd0        0x0 linker stubs

.v4_bx          0x08002bd0        0x0
 .v4_bx         0x08002bd0        0x0 linker stubs

.iplt           0x08002bd0        0x0
 .iplt          0x08002bd0        0x0 C:/ST/STM32CubeCLT_1.16.0/GNU-tools-for-STM32/bin/../lib/gcc/arm-none-eabi/12.3.1/thumb/v7e-m+fp/hard/crtbegin.o

.rodata         0x08002bd0       0x48
                0x08002bd0                        . = ALIGN (0x8)
 *(.rodata)
 *(.rodata*)
 .rodata.MSIRangeTable
                0x08002bd0       0x30 build/system_stm32l4xx.o
                0x08002bd0                MSIRangeTable
 .rodata.APBPrescTable
                0x08002c00        0x8 build/system_stm32l4xx.o
                0x08002c00                APBPrescTable
 .rodata.AHBPrescTable
                0x08002c08       0x10 build/system_stm32l4xx.o
                0x08002c08                AHBPrescTable
                0x08002c18                        . = ALIGN (0x8)

.ARM.extab      0x08002c18        0x0
                0x08002c18                        . = ALIGN (0x8)
 *(.ARM.extab* .gnu.linkonce.armextab.*)
                0x08002c18                        . = ALIGN (0x8)

.ARM            0x08002c18        0x8
                0x08002c18                        . = ALIGN (0x8)
                0x08002c18                        __exidx_start = .
 *(.ARM.exidx*)
 .ARM.exidx     0x08002c18        0x8 C:/ST/STM32CubeCLT_1.16.0/GNU-tools-for-STM32/bin/../lib/gcc/arm-none-eabi/12.3.1/thumb/v7e-m+fp/hard\libgcc.a(_udivmoddi4.o)
                0x08002c20                        __exidx_end = .
                0x08002c20                        . = ALIGN (0x8)

.rel.dyn        0x08002c20        0x0
 .rel.iplt      0x08002c20        0x0 C:/ST/STM32CubeCLT_1.16.0/GNU-tools-for-STM32/bin/../lib/gcc/arm-none-eabi/12.3.1/thumb/v7e-m+fp/hard/crtbegin.o

.preinit_array  0x08002c20        0x0
                0x08002c20                        . = ALIGN (0x8)
                0x08002c20                        PROVIDE (__preinit_array_start = .)
 *(.preinit_array*)
                0x08002c20                        PROVIDE (__preinit_array_end = .)
                0x08002c20                        . = ALIGN (0x8)

.init_array     0x08002c20        0x8
                0x08002c20                        . = ALIGN (0x8)
                0x08002c20                        PROVIDE (__init_array_start = .)
 *(SORT_BY_NAME(.init_array.*))
 *(.init_array*)
 .init_array    0x08002c20        0x4 C:/ST/STM32CubeCLT_1.16.0/GNU-tools-for-STM32/bin/../lib/gcc/arm-none-eabi/12.3.1/thumb/v7e-m+fp/hard/crtbegin.o
                0x08002c24                        PROVIDE (__init_array_end = .)
                0x08002c28                        . = ALIGN (0x8)
 *fill*         0x08002c24        0x4 

.fini_array     0x08002c28        0x8
                0x08002c28                        . = ALIGN (0x8)
                [!provide]                        PROVIDE (__fini_array_start = .)
 *(SORT_BY_NAME(.fini_array.*))
 *(.fini_array*)
 .fini_array    0x08002c28        0x4 C:/ST/STM32CubeCLT_1.16.0/GNU-tools-for-STM32/bin/../lib/gcc/arm-none-eabi/12.3.1/thumb/v7e-m+fp/hard/crtbegin.o
                [!provide]                        PROVIDE (__fini_array_end = .)
                0x08002c30                        . = ALIGN (0x8)
 *fill*         0x08002c2c        0x4 
                0x08002c30                        _sidata = LOADADDR (.data)

.data           0x20000000       0x10 load address 0x08002c30
                0x20000000                        . = ALIGN (0x8)
                0x20000000                        _sdata = .
 *(.data)
 *(.data*)
 .data.uwTickFreq
                0x20000000        0x1 build/stm32l4xx_hal.o
                0x20000000                uwTickFreq
 *fill*         0x20000001        0x3 
 .data.uwTickPrio
                0x20000004        0x4 build/stm32l4xx_hal.o
                0x20000004                uwTickPrio
 .data.SystemCoreClock
                0x20000008        0x4 build/system_stm32l4xx.o
                0x20000008                SystemCoreClock
                0x20000010                        . = ALIGN (0x8)
 *fill*         0x2000000c        0x4 
                0x20000010                        _edata = .

.igot.plt       0x20000010        0x0 load address 0x08002c40
 .igot.plt      0x20000010        0x0 C:/ST/STM32CubeCLT_1.16.0/GNU-tools-for-STM32/bin/../lib/gcc/arm-none-eabi/12.3.1/thumb/v7e-m+fp/hard/crtbegin.o
                0x20000010                        . = ALIGN (0x4)

.bss            0x20000010      0x158 load address 0x08002c40
                0x20000010                        _sbss = .
                0x20000010                        __bss_start__ = _sbss
 *(.bss)
 .bss           0x20000010       0x1c C:/ST/STM32CubeCLT_1.16.0/GNU-tools-for-STM32/bin/../lib/gcc/arm-none-eabi/12.3.1/thumb/v7e-m+fp/hard/crtbegin.o
 *(.bss*)
 .bss.huart2    0x2000002c       0x88 build/main.o
                0x2000002c                huart2
 .bss.htim3     0x200000b4       0x4c build/main.o
                0x200000b4                htim3
 .bss.hrng      0x20000100       0x10 build/main.o
                0x20000100                hrng
 .bss.hi2c3     0x20000110       0x54 build/main.o
                0x20000110                hi2c3
 .bss.uwTick    0x20000164        0x4 build/stm32l4xx_hal.o
                0x20000164                uwTick
 *(COMMON)
                0x20000168                        . = ALIGN (0x4)
                0x20000168                        _ebss = .
                0x20000168                        __bss_end__ = _ebss

._user_heap_stack
                0x20000168      0x600 load address 0x08002c40
                0x20000168                        . = ALIGN (0x8)
                [!provide]                        PROVIDE (end = .)
                0x20000168                        PROVIDE (_end = .)
                0x20000368                        . = (. + _Min_Heap_Size)
 *fill*         0x20000168      0x200 
                0x20000768                        . = (. + _Min_Stack_Size)
 *fill*         0x20000368      0x400 
                0x20000768                        . = ALIGN (0x8)

/DISCARD/
 libc.a(*)
 libm.a(*)
 libgcc.a(*)

.ARM.attributes
                0x00000000       0x30
 *(.ARM.attributes)
 .ARM.attributes
                0x00000000       0x22 C:/ST/STM32CubeCLT_1.16.0/GNU-tools-for-STM32/bin/../lib/gcc/arm-none-eabi/12.3.1/thumb/v7e-m+fp/hard/crti.o
 .ARM.attributes
                0x00000022       0x34 C:/ST/STM32CubeCLT_1.16.0/GNU-tools-for-STM32/bin/../lib/gcc/arm-none-eabi/12.3.1/thumb/v7e-m+fp/hard/crtbegin.o
 .ARM.attributes
                0x00000056       0x34 build/main.o
 .ARM.attributes
                0x0000008a       0x34 build/stm32l4xx_it.o
 .ARM.attributes
                0x000000be       0x34 build/stm32l4xx_hal_msp.o
 .ARM.attributes
                0x000000f2       0x34 build/stm32l4xx_hal_i2c.o
 .ARM.attributes
                0x00000126       0x34 build/stm32l4xx_hal_i2c_ex.o
 .ARM.attributes
                0x0000015a       0x34 build/stm32l4xx_hal.o
 .ARM.attributes
                0x0000018e       0x34 build/stm32l4xx_hal_rcc.o
 .ARM.attributes
                0x000001c2       0x34 build/stm32l4xx_hal_rcc_ex.o
 .ARM.attributes
                0x000001f6       0x34 build/stm32l4xx_hal_gpio.o
 .ARM.attributes
                0x0000022a       0x34 build/stm32l4xx_hal_pwr_ex.o
 .ARM.attributes
                0x0000025e       0x34 build/stm32l4xx_hal_cortex.o
 .ARM.attributes
                0x00000292       0x34 build/stm32l4xx_hal_rng.o
 .ARM.attributes
                0x000002c6       0x34 build/stm32l4xx_hal_tim.o
 .ARM.attributes
                0x000002fa       0x34 build/stm32l4xx_hal_tim_ex.o
 .ARM.attributes
                0x0000032e       0x34 build/stm32l4xx_hal_uart.o
 .ARM.attributes
                0x00000362       0x34 build/system_stm32l4xx.o
 .ARM.attributes
                0x00000396       0x21 build/startup_stm32l476xx.o
 .ARM.attributes
                0x000003b7       0x34 C:/ST/STM32CubeCLT_1.16.0/GNU-tools-for-STM32/bin/../lib/gcc/arm-none-eabi/12.3.1/../../../../arm-none-eabi/lib/thumb/v7e-m+fp/hard\libc_nano.a(libc_a-memset.o)
 .ARM.attributes
                0x000003eb       0x34 C:/ST/STM32CubeCLT_1.16.0/GNU-tools-for-STM32/bin/../lib/gcc/arm-none-eabi/12.3.1/../../../../arm-none-eabi/lib/thumb/v7e-m+fp/hard\libc_nano.a(libc_a-init.o)
 .ARM.attributes
                0x0000041f       0x22 C:/ST/STM32CubeCLT_1.16.0/GNU-tools-for-STM32/bin/../lib/gcc/arm-none-eabi/12.3.1/thumb/v7e-m+fp/hard\libgcc.a(_aeabi_uldivmod.o)
 .ARM.attributes
                0x00000441       0x34 C:/ST/STM32CubeCLT_1.16.0/GNU-tools-for-STM32/bin/../lib/gcc/arm-none-eabi/12.3.1/thumb/v7e-m+fp/hard\libgcc.a(_udivmoddi4.o)
 .ARM.attributes
                0x00000475       0x22 C:/ST/STM32CubeCLT_1.16.0/GNU-tools-for-STM32/bin/../lib/gcc/arm-none-eabi/12.3.1/thumb/v7e-m+fp/hard\libgcc.a(_dvmd_tls.o)
 .ARM.attributes
                0x00000497       0x22 C:/ST/STM32CubeCLT_1.16.0/GNU-tools-for-STM32/bin/../lib/gcc/arm-none-eabi/12.3.1/thumb/v7e-m+fp/hard/crtn.o
OUTPUT(build/NUCLEO_L476RG.elf elf32-littlearm)
LOAD linker stubs
LOAD C:/ST/STM32CubeCLT_1.16.0/GNU-tools-for-STM32/bin/../lib/gcc/arm-none-eabi/12.3.1/../../../../arm-none-eabi/lib/thumb/v7e-m+fp/hard\libc.a
LOAD C:/ST/STM32CubeCLT_1.16.0/GNU-tools-for-STM32/bin/../lib/gcc/arm-none-eabi/12.3.1/../../../../arm-none-eabi/lib/thumb/v7e-m+fp/hard\libm.a
LOAD C:/ST/STM32CubeCLT_1.16.0/GNU-tools-for-STM32/bin/../lib/gcc/arm-none-eabi/12.3.1/thumb/v7e-m+fp/hard\libgcc.a

.debug_info     0x00000000    0x1af72
 .debug_info    0x00000000     0x1c71 build/main.o
 .debug_info    0x00001c71      0x839 build/stm32l4xx_it.o
 .debug_info    0x000024aa     0x1cfd build/stm32l4xx_hal_msp.o
 .debug_info    0x000041a7     0x45ae build/stm32l4xx_hal_i2c.o
 .debug_info    0x00008755      0xb5e build/stm32l4xx_hal_i2c_ex.o
 .debug_info    0x000092b3      0xe51 build/stm32l4xx_hal.o
 .debug_info    0x0000a104     0x10ad build/stm32l4xx_hal_rcc.o
 .debug_info    0x0000b1b1     0x13ed build/stm32l4xx_hal_rcc_ex.o
 .debug_info    0x0000c59e      0x91b build/stm32l4xx_hal_gpio.o
 .debug_info    0x0000ceb9      0xbc9 build/stm32l4xx_hal_pwr_ex.o
 .debug_info    0x0000da82     0x115a build/stm32l4xx_hal_cortex.o
 .debug_info    0x0000ebdc      0x60b build/stm32l4xx_hal_rng.o
 .debug_info    0x0000f1e7     0x4220 build/stm32l4xx_hal_tim.o
 .debug_info    0x00013407     0x1fb8 build/stm32l4xx_hal_tim_ex.o
 .debug_info    0x000153bf     0x550c build/stm32l4xx_hal_uart.o
 .debug_info    0x0001a8cb      0x677 build/system_stm32l4xx.o
 .debug_info    0x0001af42       0x30 build/startup_stm32l476xx.o

.debug_abbrev   0x00000000     0x27ab
 .debug_abbrev  0x00000000      0x2c1 build/main.o
 .debug_abbrev  0x000002c1      0x190 build/stm32l4xx_it.o
 .debug_abbrev  0x00000451      0x283 build/stm32l4xx_hal_msp.o
 .debug_abbrev  0x000006d4      0x2e4 build/stm32l4xx_hal_i2c.o
 .debug_abbrev  0x000009b8      0x1b5 build/stm32l4xx_hal_i2c_ex.o
 .debug_abbrev  0x00000b6d      0x284 build/stm32l4xx_hal.o
 .debug_abbrev  0x00000df1      0x2de build/stm32l4xx_hal_rcc.o
 .debug_abbrev  0x000010cf      0x2de build/stm32l4xx_hal_rcc_ex.o
 .debug_abbrev  0x000013ad      0x222 build/stm32l4xx_hal_gpio.o
 .debug_abbrev  0x000015cf      0x233 build/stm32l4xx_hal_pwr_ex.o
 .debug_abbrev  0x00001802      0x3d3 build/stm32l4xx_hal_cortex.o
 .debug_abbrev  0x00001bd5      0x1fb build/stm32l4xx_hal_rng.o
 .debug_abbrev  0x00001dd0      0x2bd build/stm32l4xx_hal_tim.o
 .debug_abbrev  0x0000208d      0x2b7 build/stm32l4xx_hal_tim_ex.o
 .debug_abbrev  0x00002344      0x32f build/stm32l4xx_hal_uart.o
 .debug_abbrev  0x00002673      0x11b build/system_stm32l4xx.o
 .debug_abbrev  0x0000278e       0x1d build/startup_stm32l476xx.o

.debug_loc      0x00000000    0x1804c
 .debug_loc     0x00000000      0x142 build/main.o
 .debug_loc     0x00000142       0x40 build/stm32l4xx_it.o
 .debug_loc     0x00000182      0x304 build/stm32l4xx_hal_msp.o
 .debug_loc     0x00000486     0x5a59 build/stm32l4xx_hal_i2c.o
 .debug_loc     0x00005edf      0x237 build/stm32l4xx_hal_i2c_ex.o
 .debug_loc     0x00006116      0x2af build/stm32l4xx_hal.o
 .debug_loc     0x000063c5      0x9ac build/stm32l4xx_hal_rcc.o
 .debug_loc     0x00006d71     0x1ca4 build/stm32l4xx_hal_rcc_ex.o
 .debug_loc     0x00008a15      0x489 build/stm32l4xx_hal_gpio.o
 .debug_loc     0x00008e9e      0x8e8 build/stm32l4xx_hal_pwr_ex.o
 .debug_loc     0x00009786      0x7c7 build/stm32l4xx_hal_cortex.o
 .debug_loc     0x00009f4d      0x4e0 build/stm32l4xx_hal_rng.o
 .debug_loc     0x0000a42d     0x6108 build/stm32l4xx_hal_tim.o
 .debug_loc     0x00010535     0x2897 build/stm32l4xx_hal_tim_ex.o
 .debug_loc     0x00012dcc     0x5159 build/stm32l4xx_hal_uart.o
 .debug_loc     0x00017f25      0x127 build/system_stm32l4xx.o

.debug_aranges  0x00000000     0x1180
 .debug_aranges
                0x00000000       0x58 build/main.o
 .debug_aranges
                0x00000058       0x68 build/stm32l4xx_it.o
 .debug_aranges
                0x000000c0       0x60 build/stm32l4xx_hal_msp.o
 .debug_aranges
                0x00000120      0x2a0 build/stm32l4xx_hal_i2c.o
 .debug_aranges
                0x000003c0       0x48 build/stm32l4xx_hal_i2c_ex.o
 .debug_aranges
                0x00000408      0x130 build/stm32l4xx_hal.o
 .debug_aranges
                0x00000538       0x90 build/stm32l4xx_hal_rcc.o
 .debug_aranges
                0x000005c8       0xc0 build/stm32l4xx_hal_rcc_ex.o
 .debug_aranges
                0x00000688       0x58 build/stm32l4xx_hal_gpio.o
 .debug_aranges
                0x000006e0      0x160 build/stm32l4xx_hal_pwr_ex.o
 .debug_aranges
                0x00000840       0xe0 build/stm32l4xx_hal_cortex.o
 .debug_aranges
                0x00000920       0x88 build/stm32l4xx_hal_rng.o
 .debug_aranges
                0x000009a8      0x3e0 build/stm32l4xx_hal_tim.o
 .debug_aranges
                0x00000d88      0x180 build/stm32l4xx_hal_tim_ex.o
 .debug_aranges
                0x00000f08      0x228 build/stm32l4xx_hal_uart.o
 .debug_aranges
                0x00001130       0x28 build/system_stm32l4xx.o
 .debug_aranges
                0x00001158       0x28 build/startup_stm32l476xx.o

.debug_ranges   0x00000000     0x10c0
 .debug_ranges  0x00000000       0x48 build/main.o
 .debug_ranges  0x00000048       0x58 build/stm32l4xx_it.o
 .debug_ranges  0x000000a0       0x50 build/stm32l4xx_hal_msp.o
 .debug_ranges  0x000000f0      0x290 build/stm32l4xx_hal_i2c.o
 .debug_ranges  0x00000380       0x38 build/stm32l4xx_hal_i2c_ex.o
 .debug_ranges  0x000003b8      0x120 build/stm32l4xx_hal.o
 .debug_ranges  0x000004d8       0x98 build/stm32l4xx_hal_rcc.o
 .debug_ranges  0x00000570       0xc8 build/stm32l4xx_hal_rcc_ex.o
 .debug_ranges  0x00000638       0x48 build/stm32l4xx_hal_gpio.o
 .debug_ranges  0x00000680      0x150 build/stm32l4xx_hal_pwr_ex.o
 .debug_ranges  0x000007d0       0xd0 build/stm32l4xx_hal_cortex.o
 .debug_ranges  0x000008a0       0x78 build/stm32l4xx_hal_rng.o
 .debug_ranges  0x00000918      0x3d0 build/stm32l4xx_hal_tim.o
 .debug_ranges  0x00000ce8      0x170 build/stm32l4xx_hal_tim_ex.o
 .debug_ranges  0x00000e58      0x230 build/stm32l4xx_hal_uart.o
 .debug_ranges  0x00001088       0x18 build/system_stm32l4xx.o
 .debug_ranges  0x000010a0       0x20 build/startup_stm32l476xx.o

.debug_line     0x00000000    0x1785c
 .debug_line    0x00000000      0x684 build/main.o
 .debug_line    0x00000684      0x325 build/stm32l4xx_it.o
 .debug_line    0x000009a9      0x562 build/stm32l4xx_hal_msp.o
 .debug_line    0x00000f0b     0x5284 build/stm32l4xx_hal_i2c.o
 .debug_line    0x0000618f      0x547 build/stm32l4xx_hal_i2c_ex.o
 .debug_line    0x000066d6      0x6ef build/stm32l4xx_hal.o
 .debug_line    0x00006dc5      0xf45 build/stm32l4xx_hal_rcc.o
 .debug_line    0x00007d0a     0x156d build/stm32l4xx_hal_rcc_ex.o
 .debug_line    0x00009277      0x737 build/stm32l4xx_hal_gpio.o
 .debug_line    0x000099ae      0xae6 build/stm32l4xx_hal_pwr_ex.o
 .debug_line    0x0000a494      0x868 build/stm32l4xx_hal_cortex.o
 .debug_line    0x0000acfc      0x677 build/stm32l4xx_hal_rng.o
 .debug_line    0x0000b373     0x4f48 build/stm32l4xx_hal_tim.o
 .debug_line    0x000102bb     0x2033 build/stm32l4xx_hal_tim_ex.o
 .debug_line    0x000122ee     0x520d build/stm32l4xx_hal_uart.o
 .debug_line    0x000174fb      0x2eb build/system_stm32l4xx.o
 .debug_line    0x000177e6       0x76 build/startup_stm32l476xx.o

.debug_str      0x00000000     0x56fc
 .debug_str     0x00000000     0x10e2 build/main.o
                               0x121b (size before relaxing)
 .debug_str     0x000010e2       0xd7 build/stm32l4xx_it.o
                                0x73f (size before relaxing)
 .debug_str     0x000011b9      0x89d build/stm32l4xx_hal_msp.o
                               0x16de (size before relaxing)
 .debug_str     0x00001a56      0x8f0 build/stm32l4xx_hal_i2c.o
                                0xfbc (size before relaxing)
 .debug_str     0x00002346       0xe8 build/stm32l4xx_hal_i2c_ex.o
                                0x8e5 (size before relaxing)
 .debug_str     0x0000242e      0x4b5 build/stm32l4xx_hal.o
                                0xd39 (size before relaxing)
 .debug_str     0x000028e3      0x2a5 build/stm32l4xx_hal_rcc.o
                                0x871 (size before relaxing)
 .debug_str     0x00002b88      0x33b build/stm32l4xx_hal_rcc_ex.o
                                0xa90 (size before relaxing)
 .debug_str     0x00002ec3       0xb4 build/stm32l4xx_hal_gpio.o
                                0x515 (size before relaxing)
 .debug_str     0x00002f77      0x537 build/stm32l4xx_hal_pwr_ex.o
                                0x824 (size before relaxing)
 .debug_str     0x000034ae      0x41a build/stm32l4xx_hal_cortex.o
                                0xbf5 (size before relaxing)
 .debug_str     0x000038c8      0x150 build/stm32l4xx_hal_rng.o
                                0x435 (size before relaxing)
 .debug_str     0x00003a18      0xed4 build/stm32l4xx_hal_tim.o
                               0x16ee (size before relaxing)
 .debug_str     0x000048ec      0x5e0 build/stm32l4xx_hal_tim_ex.o
                               0x1002 (size before relaxing)
 .debug_str     0x00004ecc      0x7c1 build/stm32l4xx_hal_uart.o
                                0xfe9 (size before relaxing)
 .debug_str     0x0000568d       0x3d build/system_stm32l4xx.o
                                0x3ae (size before relaxing)
 .debug_str     0x000056ca       0x32 build/startup_stm32l476xx.o
                                 0x57 (size before relaxing)

.comment        0x00000000       0x43
 .comment       0x00000000       0x43 build/main.o
                                 0x44 (size before relaxing)
 .comment       0x00000043       0x44 build/stm32l4xx_it.o
 .comment       0x00000043       0x44 build/stm32l4xx_hal_msp.o
 .comment       0x00000043       0x44 build/stm32l4xx_hal_i2c.o
 .comment       0x00000043       0x44 build/stm32l4xx_hal_i2c_ex.o
 .comment       0x00000043       0x44 build/stm32l4xx_hal.o
 .comment       0x00000043       0x44 build/stm32l4xx_hal_rcc.o
 .comment       0x00000043       0x44 build/stm32l4xx_hal_rcc_ex.o
 .comment       0x00000043       0x44 build/stm32l4xx_hal_gpio.o
 .comment       0x00000043       0x44 build/stm32l4xx_hal_pwr_ex.o
 .comment       0x00000043       0x44 build/stm32l4xx_hal_cortex.o
 .comment       0x00000043       0x44 build/stm32l4xx_hal_rng.o
 .comment       0x00000043       0x44 build/stm32l4xx_hal_tim.o
 .comment       0x00000043       0x44 build/stm32l4xx_hal_tim_ex.o
 .comment       0x00000043       0x44 build/stm32l4xx_hal_uart.o
 .comment       0x00000043       0x44 build/system_stm32l4xx.o

.debug_frame    0x00000000     0x3000
 .debug_frame   0x00000000       0xe4 build/main.o
 .debug_frame   0x000000e4       0xc0 build/stm32l4xx_it.o
 .debug_frame   0x000001a4      0x108 build/stm32l4xx_hal_msp.o
 .debug_frame   0x000002ac      0x984 build/stm32l4xx_hal_i2c.o
 .debug_frame   0x00000c30       0x80 build/stm32l4xx_hal_i2c_ex.o
 .debug_frame   0x00000cb0      0x274 build/stm32l4xx_hal.o
 .debug_frame   0x00000f24      0x19c build/stm32l4xx_hal_rcc.o
 .debug_frame   0x000010c0      0x204 build/stm32l4xx_hal_rcc_ex.o
 .debug_frame   0x000012c4       0xd0 build/stm32l4xx_hal_gpio.o
 .debug_frame   0x00001394      0x2b8 build/stm32l4xx_hal_pwr_ex.o
 .debug_frame   0x0000164c      0x1e4 build/stm32l4xx_hal_cortex.o
 .debug_frame   0x00001830      0x130 build/stm32l4xx_hal_rng.o
 .debug_frame   0x00001960      0xb54 build/stm32l4xx_hal_tim.o
 .debug_frame   0x000024b4      0x470 build/stm32l4xx_hal_tim_ex.o
 .debug_frame   0x00002924      0x600 build/stm32l4xx_hal_uart.o
 .debug_frame   0x00002f24       0x30 build/system_stm32l4xx.o
 .debug_frame   0x00002f54       0x20 C:/ST/STM32CubeCLT_1.16.0/GNU-tools-for-STM32/bin/../lib/gcc/arm-none-eabi/12.3.1/../../../../arm-none-eabi/lib/thumb/v7e-m+fp/hard\libc_nano.a(libc_a-memset.o)
 .debug_frame   0x00002f74       0x2c C:/ST/STM32CubeCLT_1.16.0/GNU-tools-for-STM32/bin/../lib/gcc/arm-none-eabi/12.3.1/../../../../arm-none-eabi/lib/thumb/v7e-m+fp/hard\libc_nano.a(libc_a-init.o)
 .debug_frame   0x00002fa0       0x2c C:/ST/STM32CubeCLT_1.16.0/GNU-tools-for-STM32/bin/../lib/gcc/arm-none-eabi/12.3.1/thumb/v7e-m+fp/hard\libgcc.a(_aeabi_uldivmod.o)
 .debug_frame   0x00002fcc       0x34 C:/ST/STM32CubeCLT_1.16.0/GNU-tools-for-STM32/bin/../lib/gcc/arm-none-eabi/12.3.1/thumb/v7e-m+fp/hard\libgcc.a(_udivmoddi4.o)

Cross Reference Table

Symbol                                            File
ADC1_2_IRQHandler                                 build/startup_stm32l476xx.o
ADC3_IRQHandler                                   build/startup_stm32l476xx.o
AHBPrescTable                                     build/system_stm32l4xx.o
                                                  build/stm32l4xx_hal_rcc.o
APBPrescTable                                     build/system_stm32l4xx.o
                                                  build/stm32l4xx_hal_rcc.o
BusFault_Handler                                  build/stm32l4xx_it.o
CAN1_RX0_IRQHandler                               build/startup_stm32l476xx.o
CAN1_RX1_IRQHandler                               build/startup_stm32l476xx.o
CAN1_SCE_IRQHandler                               build/startup_stm32l476xx.o
CAN1_TX_IRQHandler                                build/startup_stm32l476xx.o
COMP_IRQHandler                                   build/startup_stm32l476xx.o
DFSDM1_FLT0_IRQHandler                            build/startup_stm32l476xx.o
DFSDM1_FLT1_IRQHandler                            build/startup_stm32l476xx.o
DFSDM1_FLT2_IRQHandler                            build/startup_stm32l476xx.o
DFSDM1_FLT3_IRQHandler                            build/startup_stm32l476xx.o
DMA1_Channel1_IRQHandler                          build/startup_stm32l476xx.o
DMA1_Channel2_IRQHandler                          build/startup_stm32l476xx.o
DMA1_Channel3_IRQHandler                          build/startup_stm32l476xx.o
DMA1_Channel4_IRQHandler                          build/startup_stm32l476xx.o
DMA1_Channel5_IRQHandler                          build/startup_stm32l476xx.o
DMA1_Channel6_IRQHandler                          build/startup_stm32l476xx.o
DMA1_Channel7_IRQHandler                          build/startup_stm32l476xx.o
DMA2_Channel1_IRQHandler                          build/startup_stm32l476xx.o
DMA2_Channel2_IRQHandler                          build/startup_stm32l476xx.o
DMA2_Channel3_IRQHandler                          build/startup_stm32l476xx.o
DMA2_Channel4_IRQHandler                          build/startup_stm32l476xx.o
DMA2_Channel5_IRQHandler                          build/startup_stm32l476xx.o
DMA2_Channel6_IRQHandler                          build/startup_stm32l476xx.o
DMA2_Channel7_IRQHandler                          build/startup_stm32l476xx.o
DebugMon_Handler                                  build/stm32l4xx_it.o
Default_Handler                                   build/startup_stm32l476xx.o
EXTI0_IRQHandler                                  build/startup_stm32l476xx.o
EXTI15_10_IRQHandler                              build/startup_stm32l476xx.o
EXTI1_IRQHandler                                  build/startup_stm32l476xx.o
EXTI2_IRQHandler                                  build/startup_stm32l476xx.o
EXTI3_IRQHandler                                  build/startup_stm32l476xx.o
EXTI4_IRQHandler                                  build/startup_stm32l476xx.o
EXTI9_5_IRQHandler                                build/startup_stm32l476xx.o
Error_Handler                                     build/main.o
                                                  build/stm32l4xx_hal_msp.o
FLASH_FlushCaches                                 build/stm32l4xx_hal_flash_ex.o
                                                  build/stm32l4xx_hal_flash.o
FLASH_IRQHandler                                  build/startup_stm32l476xx.o
FLASH_PageErase                                   build/stm32l4xx_hal_flash_ex.o
                                                  build/stm32l4xx_hal_flash.o
FLASH_WaitForLastOperation                        build/stm32l4xx_hal_flash.o
                                                  build/stm32l4xx_hal_flash_ex.o
FMC_IRQHandler                                    build/startup_stm32l476xx.o
FPU_IRQHandler                                    build/startup_stm32l476xx.o
HAL_DBGMCU_DisableDBGSleepMode                    build/stm32l4xx_hal.o
HAL_DBGMCU_DisableDBGStandbyMode                  build/stm32l4xx_hal.o
HAL_DBGMCU_DisableDBGStopMode                     build/stm32l4xx_hal.o
HAL_DBGMCU_EnableDBGSleepMode                     build/stm32l4xx_hal.o
HAL_DBGMCU_EnableDBGStandbyMode                   build/stm32l4xx_hal.o
HAL_DBGMCU_EnableDBGStopMode                      build/stm32l4xx_hal.o
HAL_DMA_Abort                                     build/stm32l4xx_hal_dma.o
                                                  build/stm32l4xx_hal_uart.o
HAL_DMA_Abort_IT                                  build/stm32l4xx_hal_dma.o
                                                  build/stm32l4xx_hal_uart.o
                                                  build/stm32l4xx_hal_tim_ex.o
                                                  build/stm32l4xx_hal_tim.o
                                                  build/stm32l4xx_hal_i2c.o
HAL_DMA_DeInit                                    build/stm32l4xx_hal_dma.o
HAL_DMA_GetError                                  build/stm32l4xx_hal_dma.o
                                                  build/stm32l4xx_hal_uart.o
HAL_DMA_GetState                                  build/stm32l4xx_hal_dma.o
                                                  build/stm32l4xx_hal_i2c.o
HAL_DMA_IRQHandler                                build/stm32l4xx_hal_dma.o
HAL_DMA_Init                                      build/stm32l4xx_hal_dma.o
HAL_DMA_PollForTransfer                           build/stm32l4xx_hal_dma.o
HAL_DMA_RegisterCallback                          build/stm32l4xx_hal_dma.o
HAL_DMA_Start                                     build/stm32l4xx_hal_dma.o
HAL_DMA_Start_IT                                  build/stm32l4xx_hal_dma.o
                                                  build/stm32l4xx_hal_uart.o
                                                  build/stm32l4xx_hal_tim_ex.o
                                                  build/stm32l4xx_hal_tim.o
                                                  build/stm32l4xx_hal_i2c.o
HAL_DMA_UnRegisterCallback                        build/stm32l4xx_hal_dma.o
HAL_DeInit                                        build/stm32l4xx_hal.o
HAL_Delay                                         build/stm32l4xx_hal.o
                                                  build/main.o
HAL_EXTI_ClearConfigLine                          build/stm32l4xx_hal_exti.o
HAL_EXTI_ClearPending                             build/stm32l4xx_hal_exti.o
HAL_EXTI_GenerateSWI                              build/stm32l4xx_hal_exti.o
HAL_EXTI_GetConfigLine                            build/stm32l4xx_hal_exti.o
HAL_EXTI_GetHandle                                build/stm32l4xx_hal_exti.o
HAL_EXTI_GetPending                               build/stm32l4xx_hal_exti.o
HAL_EXTI_IRQHandler                               build/stm32l4xx_hal_exti.o
HAL_EXTI_RegisterCallback                         build/stm32l4xx_hal_exti.o
HAL_EXTI_SetConfigLine                            build/stm32l4xx_hal_exti.o
HAL_FLASHEx_DisableRunPowerDown                   build/stm32l4xx_hal_flash_ramfunc.o
HAL_FLASHEx_EnableRunPowerDown                    build/stm32l4xx_hal_flash_ramfunc.o
HAL_FLASHEx_Erase                                 build/stm32l4xx_hal_flash_ex.o
HAL_FLASHEx_Erase_IT                              build/stm32l4xx_hal_flash_ex.o
HAL_FLASHEx_OBGetConfig                           build/stm32l4xx_hal_flash_ex.o
HAL_FLASHEx_OBProgram                             build/stm32l4xx_hal_flash_ex.o
HAL_FLASH_EndOfOperationCallback                  build/stm32l4xx_hal_flash.o
HAL_FLASH_GetError                                build/stm32l4xx_hal_flash.o
HAL_FLASH_IRQHandler                              build/stm32l4xx_hal_flash.o
HAL_FLASH_Lock                                    build/stm32l4xx_hal_flash.o
HAL_FLASH_OB_Launch                               build/stm32l4xx_hal_flash.o
HAL_FLASH_OB_Lock                                 build/stm32l4xx_hal_flash.o
HAL_FLASH_OB_Unlock                               build/stm32l4xx_hal_flash.o
HAL_FLASH_OperationErrorCallback                  build/stm32l4xx_hal_flash.o
HAL_FLASH_Program                                 build/stm32l4xx_hal_flash.o
HAL_FLASH_Program_IT                              build/stm32l4xx_hal_flash.o
HAL_FLASH_Unlock                                  build/stm32l4xx_hal_flash.o
HAL_GPIO_DeInit                                   build/stm32l4xx_hal_gpio.o
                                                  build/stm32l4xx_hal_msp.o
HAL_GPIO_EXTI_Callback                            build/stm32l4xx_hal_gpio.o
HAL_GPIO_EXTI_IRQHandler                          build/stm32l4xx_hal_gpio.o
HAL_GPIO_Init                                     build/stm32l4xx_hal_gpio.o
                                                  build/stm32l4xx_hal_rcc_ex.o
                                                  build/stm32l4xx_hal_rcc.o
                                                  build/stm32l4xx_hal_msp.o
                                                  build/main.o
HAL_GPIO_LockPin                                  build/stm32l4xx_hal_gpio.o
HAL_GPIO_ReadPin                                  build/stm32l4xx_hal_gpio.o
HAL_GPIO_TogglePin                                build/stm32l4xx_hal_gpio.o
                                                  build/main.o
HAL_GPIO_WritePin                                 build/stm32l4xx_hal_gpio.o
                                                  build/main.o
HAL_GetDEVID                                      build/stm32l4xx_hal.o
HAL_GetHalVersion                                 build/stm32l4xx_hal.o
HAL_GetREVID                                      build/stm32l4xx_hal.o
HAL_GetTick                                       build/stm32l4xx_hal.o
                                                  build/stm32l4xx_hal_uart_ex.o
                                                  build/stm32l4xx_hal_uart.o
                                                  build/stm32l4xx_hal_rng.o
                                                  build/stm32l4xx_hal_dma.o
                                                  build/stm32l4xx_hal_flash.o
                                                  build/stm32l4xx_hal_rcc_ex.o
                                                  build/stm32l4xx_hal_rcc.o
                                                  build/stm32l4xx_hal_i2c.o
HAL_GetTickFreq                                   build/stm32l4xx_hal.o
HAL_GetTickPrio                                   build/stm32l4xx_hal.o
HAL_GetUIDw0                                      build/stm32l4xx_hal.o
HAL_GetUIDw1                                      build/stm32l4xx_hal.o
HAL_GetUIDw2                                      build/stm32l4xx_hal.o
HAL_HalfDuplex_EnableReceiver                     build/stm32l4xx_hal_uart.o
HAL_HalfDuplex_EnableTransmitter                  build/stm32l4xx_hal_uart.o
HAL_HalfDuplex_Init                               build/stm32l4xx_hal_uart.o
HAL_I2CEx_ConfigAnalogFilter                      build/stm32l4xx_hal_i2c_ex.o
                                                  build/main.o
HAL_I2CEx_ConfigDigitalFilter                     build/stm32l4xx_hal_i2c_ex.o
                                                  build/main.o
HAL_I2CEx_DisableFastModePlus                     build/stm32l4xx_hal_i2c_ex.o
HAL_I2CEx_DisableWakeUp                           build/stm32l4xx_hal_i2c_ex.o
HAL_I2CEx_EnableFastModePlus                      build/stm32l4xx_hal_i2c_ex.o
HAL_I2CEx_EnableWakeUp                            build/stm32l4xx_hal_i2c_ex.o
HAL_I2C_AbortCpltCallback                         build/stm32l4xx_hal_i2c.o
HAL_I2C_AddrCallback                              build/stm32l4xx_hal_i2c.o
HAL_I2C_DeInit                                    build/stm32l4xx_hal_i2c.o
HAL_I2C_DisableListen_IT                          build/stm32l4xx_hal_i2c.o
HAL_I2C_ER_IRQHandler                             build/stm32l4xx_hal_i2c.o
HAL_I2C_EV_IRQHandler                             build/stm32l4xx_hal_i2c.o
HAL_I2C_EnableListen_IT                           build/stm32l4xx_hal_i2c.o
HAL_I2C_ErrorCallback                             build/stm32l4xx_hal_i2c.o
HAL_I2C_GetError                                  build/stm32l4xx_hal_i2c.o
HAL_I2C_GetMode                                   build/stm32l4xx_hal_i2c.o
HAL_I2C_GetState                                  build/stm32l4xx_hal_i2c.o
HAL_I2C_Init                                      build/stm32l4xx_hal_i2c.o
                                                  build/main.o
HAL_I2C_IsDeviceReady                             build/stm32l4xx_hal_i2c.o
HAL_I2C_ListenCpltCallback                        build/stm32l4xx_hal_i2c.o
HAL_I2C_MasterRxCpltCallback                      build/stm32l4xx_hal_i2c.o
HAL_I2C_MasterTxCpltCallback                      build/stm32l4xx_hal_i2c.o
HAL_I2C_Master_Abort_IT                           build/stm32l4xx_hal_i2c.o
HAL_I2C_Master_Receive                            build/stm32l4xx_hal_i2c.o
HAL_I2C_Master_Receive_DMA                        build/stm32l4xx_hal_i2c.o
HAL_I2C_Master_Receive_IT                         build/stm32l4xx_hal_i2c.o
HAL_I2C_Master_Seq_Receive_DMA                    build/stm32l4xx_hal_i2c.o
HAL_I2C_Master_Seq_Receive_IT                     build/stm32l4xx_hal_i2c.o
HAL_I2C_Master_Seq_Transmit_DMA                   build/stm32l4xx_hal_i2c.o
HAL_I2C_Master_Seq_Transmit_IT                    build/stm32l4xx_hal_i2c.o
HAL_I2C_Master_Transmit                           build/stm32l4xx_hal_i2c.o
HAL_I2C_Master_Transmit_DMA                       build/stm32l4xx_hal_i2c.o
HAL_I2C_Master_Transmit_IT                        build/stm32l4xx_hal_i2c.o
HAL_I2C_MemRxCpltCallback                         build/stm32l4xx_hal_i2c.o
HAL_I2C_MemTxCpltCallback                         build/stm32l4xx_hal_i2c.o
HAL_I2C_Mem_Read                                  build/stm32l4xx_hal_i2c.o
HAL_I2C_Mem_Read_DMA                              build/stm32l4xx_hal_i2c.o
HAL_I2C_Mem_Read_IT                               build/stm32l4xx_hal_i2c.o
HAL_I2C_Mem_Write                                 build/stm32l4xx_hal_i2c.o
HAL_I2C_Mem_Write_DMA                             build/stm32l4xx_hal_i2c.o
HAL_I2C_Mem_Write_IT                              build/stm32l4xx_hal_i2c.o
HAL_I2C_MspDeInit                                 build/stm32l4xx_hal_msp.o
HAL_I2C_MspInit                                   build/stm32l4xx_hal_msp.o
HAL_I2C_SlaveRxCpltCallback                       build/stm32l4xx_hal_i2c.o
HAL_I2C_SlaveTxCpltCallback                       build/stm32l4xx_hal_i2c.o
HAL_I2C_Slave_Receive                             build/stm32l4xx_hal_i2c.o
HAL_I2C_Slave_Receive_DMA                         build/stm32l4xx_hal_i2c.o
HAL_I2C_Slave_Receive_IT                          build/stm32l4xx_hal_i2c.o
HAL_I2C_Slave_Seq_Receive_DMA                     build/stm32l4xx_hal_i2c.o
HAL_I2C_Slave_Seq_Receive_IT                      build/stm32l4xx_hal_i2c.o
HAL_I2C_Slave_Seq_Transmit_DMA                    build/stm32l4xx_hal_i2c.o
HAL_I2C_Slave_Seq_Transmit_IT                     build/stm32l4xx_hal_i2c.o
HAL_I2C_Slave_Transmit                            build/stm32l4xx_hal_i2c.o
HAL_I2C_Slave_Transmit_DMA                        build/stm32l4xx_hal_i2c.o
HAL_I2C_Slave_Transmit_IT                         build/stm32l4xx_hal_i2c.o
HAL_IncTick                                       build/stm32l4xx_hal.o
                                                  build/stm32l4xx_it.o
HAL_Init                                          build/stm32l4xx_hal.o
                                                  build/main.o
HAL_InitTick                                      build/stm32l4xx_hal.o
                                                  build/stm32l4xx_hal_rcc.o
HAL_LIN_Init                                      build/stm32l4xx_hal_uart.o
HAL_LIN_SendBreak                                 build/stm32l4xx_hal_uart.o
HAL_MPU_ConfigRegion                              build/stm32l4xx_hal_cortex.o
HAL_MPU_Disable                                   build/stm32l4xx_hal_cortex.o
HAL_MPU_Enable                                    build/stm32l4xx_hal_cortex.o
HAL_MspDeInit                                     build/stm32l4xx_hal.o
HAL_MspInit                                       build/stm32l4xx_hal_msp.o
HAL_MultiProcessorEx_AddressLength_Set            build/stm32l4xx_hal_uart_ex.o
HAL_MultiProcessor_DisableMuteMode                build/stm32l4xx_hal_uart.o
HAL_MultiProcessor_EnableMuteMode                 build/stm32l4xx_hal_uart.o
HAL_MultiProcessor_EnterMuteMode                  build/stm32l4xx_hal_uart.o
HAL_MultiProcessor_Init                           build/stm32l4xx_hal_uart.o
HAL_NVIC_ClearPendingIRQ                          build/stm32l4xx_hal_cortex.o
HAL_NVIC_DisableIRQ                               build/stm32l4xx_hal_cortex.o
                                                  build/stm32l4xx_hal_msp.o
HAL_NVIC_EnableIRQ                                build/stm32l4xx_hal_cortex.o
                                                  build/stm32l4xx_hal_msp.o
HAL_NVIC_GetActive                                build/stm32l4xx_hal_cortex.o
HAL_NVIC_GetPendingIRQ                            build/stm32l4xx_hal_cortex.o
HAL_NVIC_GetPriority                              build/stm32l4xx_hal_cortex.o
HAL_NVIC_GetPriorityGrouping                      build/stm32l4xx_hal_cortex.o
HAL_NVIC_SetPendingIRQ                            build/stm32l4xx_hal_cortex.o
HAL_NVIC_SetPriority                              build/stm32l4xx_hal_cortex.o
                                                  build/stm32l4xx_hal.o
                                                  build/stm32l4xx_hal_msp.o
HAL_NVIC_SetPriorityGrouping                      build/stm32l4xx_hal_cortex.o
                                                  build/stm32l4xx_hal.o
HAL_NVIC_SystemReset                              build/stm32l4xx_hal_cortex.o
HAL_PWREx_ConfigPVM                               build/stm32l4xx_hal_pwr_ex.o
HAL_PWREx_ControlVoltageScaling                   build/stm32l4xx_hal_pwr_ex.o
                                                  build/main.o
HAL_PWREx_DisableBatteryCharging                  build/stm32l4xx_hal_pwr_ex.o
HAL_PWREx_DisableExtSMPS_0V95                     build/stm32l4xx_hal_pwr_ex.o
HAL_PWREx_DisableGPIOPullDown                     build/stm32l4xx_hal_pwr_ex.o
HAL_PWREx_DisableGPIOPullUp                       build/stm32l4xx_hal_pwr_ex.o
HAL_PWREx_DisableInternalWakeUpLine               build/stm32l4xx_hal_pwr_ex.o
HAL_PWREx_DisableLowPowerRunMode                  build/stm32l4xx_hal_pwr_ex.o
                                                  build/stm32l4xx_hal_pwr.o
HAL_PWREx_DisablePVM1                             build/stm32l4xx_hal_pwr_ex.o
HAL_PWREx_DisablePVM2                             build/stm32l4xx_hal_pwr_ex.o
HAL_PWREx_DisablePVM3                             build/stm32l4xx_hal_pwr_ex.o
HAL_PWREx_DisablePVM4                             build/stm32l4xx_hal_pwr_ex.o
HAL_PWREx_DisablePullUpPullDownConfig             build/stm32l4xx_hal_pwr_ex.o
HAL_PWREx_DisableSRAM2ContentRetention            build/stm32l4xx_hal_pwr_ex.o
HAL_PWREx_DisableVddIO2                           build/stm32l4xx_hal_pwr_ex.o
HAL_PWREx_DisableVddUSB                           build/stm32l4xx_hal_pwr_ex.o
HAL_PWREx_EnableBatteryCharging                   build/stm32l4xx_hal_pwr_ex.o
HAL_PWREx_EnableExtSMPS_0V95                      build/stm32l4xx_hal_pwr_ex.o
HAL_PWREx_EnableGPIOPullDown                      build/stm32l4xx_hal_pwr_ex.o
HAL_PWREx_EnableGPIOPullUp                        build/stm32l4xx_hal_pwr_ex.o
HAL_PWREx_EnableInternalWakeUpLine                build/stm32l4xx_hal_pwr_ex.o
HAL_PWREx_EnableLowPowerRunMode                   build/stm32l4xx_hal_pwr_ex.o
                                                  build/stm32l4xx_hal_pwr.o
HAL_PWREx_EnablePVM1                              build/stm32l4xx_hal_pwr_ex.o
HAL_PWREx_EnablePVM2                              build/stm32l4xx_hal_pwr_ex.o
HAL_PWREx_EnablePVM3                              build/stm32l4xx_hal_pwr_ex.o
HAL_PWREx_EnablePVM4                              build/stm32l4xx_hal_pwr_ex.o
HAL_PWREx_EnablePullUpPullDownConfig              build/stm32l4xx_hal_pwr_ex.o
HAL_PWREx_EnableSRAM2ContentRetention             build/stm32l4xx_hal_pwr_ex.o
HAL_PWREx_EnableVddIO2                            build/stm32l4xx_hal_pwr_ex.o
HAL_PWREx_EnableVddUSB                            build/stm32l4xx_hal_pwr_ex.o
HAL_PWREx_EnterSHUTDOWNMode                       build/stm32l4xx_hal_pwr_ex.o
HAL_PWREx_EnterSTOP0Mode                          build/stm32l4xx_hal_pwr_ex.o
                                                  build/stm32l4xx_hal_pwr.o
HAL_PWREx_EnterSTOP1Mode                          build/stm32l4xx_hal_pwr_ex.o
                                                  build/stm32l4xx_hal_pwr.o
HAL_PWREx_EnterSTOP2Mode                          build/stm32l4xx_hal_pwr_ex.o
HAL_PWREx_GetVoltageRange                         build/stm32l4xx_hal_pwr_ex.o
                                                  build/stm32l4xx_hal_rcc.o
HAL_PWREx_PVD_PVM_IRQHandler                      build/stm32l4xx_hal_pwr_ex.o
HAL_PWREx_PVM1Callback                            build/stm32l4xx_hal_pwr_ex.o
HAL_PWREx_PVM2Callback                            build/stm32l4xx_hal_pwr_ex.o
HAL_PWREx_PVM3Callback                            build/stm32l4xx_hal_pwr_ex.o
HAL_PWREx_PVM4Callback                            build/stm32l4xx_hal_pwr_ex.o
HAL_PWREx_SetSRAM2ContentRetention                build/stm32l4xx_hal_pwr_ex.o
HAL_PWR_ConfigPVD                                 build/stm32l4xx_hal_pwr.o
HAL_PWR_DeInit                                    build/stm32l4xx_hal_pwr.o
HAL_PWR_DisableBkUpAccess                         build/stm32l4xx_hal_pwr.o
                                                  build/stm32l4xx_hal_rcc_ex.o
HAL_PWR_DisablePVD                                build/stm32l4xx_hal_pwr.o
HAL_PWR_DisableSEVOnPend                          build/stm32l4xx_hal_pwr.o
HAL_PWR_DisableSleepOnExit                        build/stm32l4xx_hal_pwr.o
HAL_PWR_DisableWakeUpPin                          build/stm32l4xx_hal_pwr.o
HAL_PWR_EnableBkUpAccess                          build/stm32l4xx_hal_pwr.o
                                                  build/stm32l4xx_hal_rcc_ex.o
HAL_PWR_EnablePVD                                 build/stm32l4xx_hal_pwr.o
HAL_PWR_EnableSEVOnPend                           build/stm32l4xx_hal_pwr.o
HAL_PWR_EnableSleepOnExit                         build/stm32l4xx_hal_pwr.o
HAL_PWR_EnableWakeUpPin                           build/stm32l4xx_hal_pwr.o
HAL_PWR_EnterSLEEPMode                            build/stm32l4xx_hal_pwr.o
HAL_PWR_EnterSTANDBYMode                          build/stm32l4xx_hal_pwr.o
HAL_PWR_EnterSTOPMode                             build/stm32l4xx_hal_pwr.o
HAL_PWR_PVDCallback                               build/stm32l4xx_hal_pwr.o
                                                  build/stm32l4xx_hal_pwr_ex.o
HAL_RCCEx_DisableLSCO                             build/stm32l4xx_hal_rcc_ex.o
HAL_RCCEx_DisableLSECSS                           build/stm32l4xx_hal_rcc_ex.o
HAL_RCCEx_DisableMSIPLLMode                       build/stm32l4xx_hal_rcc_ex.o
HAL_RCCEx_DisablePLLSAI1                          build/stm32l4xx_hal_rcc_ex.o
HAL_RCCEx_DisablePLLSAI2                          build/stm32l4xx_hal_rcc_ex.o
HAL_RCCEx_EnableLSCO                              build/stm32l4xx_hal_rcc_ex.o
HAL_RCCEx_EnableLSECSS                            build/stm32l4xx_hal_rcc_ex.o
HAL_RCCEx_EnableLSECSS_IT                         build/stm32l4xx_hal_rcc_ex.o
HAL_RCCEx_EnableMSIPLLMode                        build/stm32l4xx_hal_rcc_ex.o
HAL_RCCEx_EnablePLLSAI1                           build/stm32l4xx_hal_rcc_ex.o
HAL_RCCEx_EnablePLLSAI2                           build/stm32l4xx_hal_rcc_ex.o
HAL_RCCEx_GetPeriphCLKConfig                      build/stm32l4xx_hal_rcc_ex.o
HAL_RCCEx_GetPeriphCLKFreq                        build/stm32l4xx_hal_rcc_ex.o
HAL_RCCEx_LSECSS_Callback                         build/stm32l4xx_hal_rcc_ex.o
HAL_RCCEx_LSECSS_IRQHandler                       build/stm32l4xx_hal_rcc_ex.o
HAL_RCCEx_PeriphCLKConfig                         build/stm32l4xx_hal_rcc_ex.o
                                                  build/stm32l4xx_hal_msp.o
HAL_RCCEx_StandbyMSIRangeConfig                   build/stm32l4xx_hal_rcc_ex.o
HAL_RCCEx_WakeUpStopCLKConfig                     build/stm32l4xx_hal_rcc_ex.o
HAL_RCC_CSSCallback                               build/stm32l4xx_hal_rcc.o
HAL_RCC_ClockConfig                               build/stm32l4xx_hal_rcc.o
                                                  build/main.o
HAL_RCC_DeInit                                    build/stm32l4xx_hal_rcc.o
HAL_RCC_EnableCSS                                 build/stm32l4xx_hal_rcc.o
HAL_RCC_GetClockConfig                            build/stm32l4xx_hal_rcc.o
HAL_RCC_GetHCLKFreq                               build/stm32l4xx_hal_rcc.o
HAL_RCC_GetOscConfig                              build/stm32l4xx_hal_rcc.o
HAL_RCC_GetPCLK1Freq                              build/stm32l4xx_hal_rcc.o
                                                  build/stm32l4xx_hal_uart.o
                                                  build/stm32l4xx_hal_rcc_ex.o
HAL_RCC_GetPCLK2Freq                              build/stm32l4xx_hal_rcc.o
                                                  build/stm32l4xx_hal_uart.o
                                                  build/stm32l4xx_hal_rcc_ex.o
HAL_RCC_GetResetSource                            build/stm32l4xx_hal_rcc.o
HAL_RCC_GetSysClockFreq                           build/stm32l4xx_hal_rcc.o
                                                  build/stm32l4xx_hal_uart.o
                                                  build/stm32l4xx_hal_rcc_ex.o
HAL_RCC_MCOConfig                                 build/stm32l4xx_hal_rcc.o
HAL_RCC_NMI_IRQHandler                            build/stm32l4xx_hal_rcc.o
HAL_RCC_OscConfig                                 build/stm32l4xx_hal_rcc.o
                                                  build/main.o
HAL_RNG_DeInit                                    build/stm32l4xx_hal_rng.o
HAL_RNG_ErrorCallback                             build/stm32l4xx_hal_rng.o
HAL_RNG_GenerateRandomNumber                      build/stm32l4xx_hal_rng.o
HAL_RNG_GenerateRandomNumber_IT                   build/stm32l4xx_hal_rng.o
HAL_RNG_GetError                                  build/stm32l4xx_hal_rng.o
HAL_RNG_GetRandomNumber                           build/stm32l4xx_hal_rng.o
HAL_RNG_GetRandomNumber_IT                        build/stm32l4xx_hal_rng.o
HAL_RNG_GetState                                  build/stm32l4xx_hal_rng.o
HAL_RNG_IRQHandler                                build/stm32l4xx_hal_rng.o
HAL_RNG_Init                                      build/stm32l4xx_hal_rng.o
                                                  build/main.o
HAL_RNG_MspDeInit                                 build/stm32l4xx_hal_msp.o
HAL_RNG_MspInit                                   build/stm32l4xx_hal_msp.o
HAL_RNG_ReadLastRandomNumber                      build/stm32l4xx_hal_rng.o
HAL_RNG_ReadyDataCallback                         build/stm32l4xx_hal_rng.o
HAL_RS485Ex_Init                                  build/stm32l4xx_hal_uart_ex.o
HAL_ResumeTick                                    build/stm32l4xx_hal.o
HAL_SYSCFG_DisableIOAnalogSwitchBooster           build/stm32l4xx_hal.o
HAL_SYSCFG_DisableMemorySwappingBank              build/stm32l4xx_hal.o
HAL_SYSCFG_DisableVREFBUF                         build/stm32l4xx_hal.o
HAL_SYSCFG_EnableIOAnalogSwitchBooster            build/stm32l4xx_hal.o
HAL_SYSCFG_EnableMemorySwappingBank               build/stm32l4xx_hal.o
HAL_SYSCFG_EnableVREFBUF                          build/stm32l4xx_hal.o
HAL_SYSCFG_SRAM2Erase                             build/stm32l4xx_hal.o
HAL_SYSCFG_VREFBUF_HighImpedanceConfig            build/stm32l4xx_hal.o
HAL_SYSCFG_VREFBUF_TrimmingConfig                 build/stm32l4xx_hal.o
HAL_SYSCFG_VREFBUF_VoltageScalingConfig           build/stm32l4xx_hal.o
HAL_SYSTICK_CLKSourceConfig                       build/stm32l4xx_hal_cortex.o
HAL_SYSTICK_Callback                              build/stm32l4xx_hal_cortex.o
HAL_SYSTICK_Config                                build/stm32l4xx_hal_cortex.o
                                                  build/stm32l4xx_hal.o
HAL_SYSTICK_IRQHandler                            build/stm32l4xx_hal_cortex.o
HAL_SetTickFreq                                   build/stm32l4xx_hal.o
HAL_SuspendTick                                   build/stm32l4xx_hal.o
HAL_TIMEx_Break2Callback                          build/stm32l4xx_hal_tim_ex.o
                                                  build/stm32l4xx_hal_tim.o
HAL_TIMEx_BreakCallback                           build/stm32l4xx_hal_tim_ex.o
                                                  build/stm32l4xx_hal_tim.o
HAL_TIMEx_CommutCallback                          build/stm32l4xx_hal_tim_ex.o
                                                  build/stm32l4xx_hal_tim.o
HAL_TIMEx_CommutHalfCpltCallback                  build/stm32l4xx_hal_tim_ex.o
HAL_TIMEx_ConfigBreakDeadTime                     build/stm32l4xx_hal_tim_ex.o
HAL_TIMEx_ConfigBreakInput                        build/stm32l4xx_hal_tim_ex.o
HAL_TIMEx_ConfigCommutEvent                       build/stm32l4xx_hal_tim_ex.o
HAL_TIMEx_ConfigCommutEvent_DMA                   build/stm32l4xx_hal_tim_ex.o
HAL_TIMEx_ConfigCommutEvent_IT                    build/stm32l4xx_hal_tim_ex.o
HAL_TIMEx_GetChannelNState                        build/stm32l4xx_hal_tim_ex.o
HAL_TIMEx_GroupChannel5                           build/stm32l4xx_hal_tim_ex.o
HAL_TIMEx_HallSensor_DeInit                       build/stm32l4xx_hal_tim_ex.o
HAL_TIMEx_HallSensor_GetState                     build/stm32l4xx_hal_tim_ex.o
HAL_TIMEx_HallSensor_Init                         build/stm32l4xx_hal_tim_ex.o
HAL_TIMEx_HallSensor_MspDeInit                    build/stm32l4xx_hal_tim_ex.o
HAL_TIMEx_HallSensor_MspInit                      build/stm32l4xx_hal_tim_ex.o
HAL_TIMEx_HallSensor_Start                        build/stm32l4xx_hal_tim_ex.o
HAL_TIMEx_HallSensor_Start_DMA                    build/stm32l4xx_hal_tim_ex.o
HAL_TIMEx_HallSensor_Start_IT                     build/stm32l4xx_hal_tim_ex.o
HAL_TIMEx_HallSensor_Stop                         build/stm32l4xx_hal_tim_ex.o
HAL_TIMEx_HallSensor_Stop_DMA                     build/stm32l4xx_hal_tim_ex.o
HAL_TIMEx_HallSensor_Stop_IT                      build/stm32l4xx_hal_tim_ex.o
HAL_TIMEx_MasterConfigSynchronization             build/stm32l4xx_hal_tim_ex.o
                                                  build/main.o
HAL_TIMEx_OCN_Start                               build/stm32l4xx_hal_tim_ex.o
HAL_TIMEx_OCN_Start_DMA                           build/stm32l4xx_hal_tim_ex.o
HAL_TIMEx_OCN_Start_IT                            build/stm32l4xx_hal_tim_ex.o
HAL_TIMEx_OCN_Stop                                build/stm32l4xx_hal_tim_ex.o
HAL_TIMEx_OCN_Stop_DMA                            build/stm32l4xx_hal_tim_ex.o
HAL_TIMEx_OCN_Stop_IT                             build/stm32l4xx_hal_tim_ex.o
HAL_TIMEx_OnePulseN_Start                         build/stm32l4xx_hal_tim_ex.o
HAL_TIMEx_OnePulseN_Start_IT                      build/stm32l4xx_hal_tim_ex.o
HAL_TIMEx_OnePulseN_Stop                          build/stm32l4xx_hal_tim_ex.o
HAL_TIMEx_OnePulseN_Stop_IT                       build/stm32l4xx_hal_tim_ex.o
HAL_TIMEx_PWMN_Start                              build/stm32l4xx_hal_tim_ex.o
HAL_TIMEx_PWMN_Start_DMA                          build/stm32l4xx_hal_tim_ex.o
HAL_TIMEx_PWMN_Start_IT                           build/stm32l4xx_hal_tim_ex.o
HAL_TIMEx_PWMN_Stop                               build/stm32l4xx_hal_tim_ex.o
HAL_TIMEx_PWMN_Stop_DMA                           build/stm32l4xx_hal_tim_ex.o
HAL_TIMEx_PWMN_Stop_IT                            build/stm32l4xx_hal_tim_ex.o
HAL_TIMEx_RemapConfig                             build/stm32l4xx_hal_tim_ex.o
HAL_TIM_Base_DeInit                               build/stm32l4xx_hal_tim.o
HAL_TIM_Base_GetState                             build/stm32l4xx_hal_tim.o
HAL_TIM_Base_Init                                 build/stm32l4xx_hal_tim.o
                                                  build/main.o
HAL_TIM_Base_MspDeInit                            build/stm32l4xx_hal_msp.o
HAL_TIM_Base_MspInit                              build/stm32l4xx_hal_msp.o
HAL_TIM_Base_Start                                build/stm32l4xx_hal_tim.o
HAL_TIM_Base_Start_DMA                            build/stm32l4xx_hal_tim.o
HAL_TIM_Base_Start_IT                             build/stm32l4xx_hal_tim.o
HAL_TIM_Base_Stop                                 build/stm32l4xx_hal_tim.o
HAL_TIM_Base_Stop_DMA                             build/stm32l4xx_hal_tim.o
HAL_TIM_Base_Stop_IT                              build/stm32l4xx_hal_tim.o
HAL_TIM_ConfigClockSource                         build/stm32l4xx_hal_tim.o
                                                  build/main.o
HAL_TIM_ConfigOCrefClear                          build/stm32l4xx_hal_tim.o
HAL_TIM_ConfigTI1Input                            build/stm32l4xx_hal_tim.o
HAL_TIM_DMABurstState                             build/stm32l4xx_hal_tim.o
HAL_TIM_DMABurst_MultiReadStart                   build/stm32l4xx_hal_tim.o
HAL_TIM_DMABurst_MultiWriteStart                  build/stm32l4xx_hal_tim.o
HAL_TIM_DMABurst_ReadStart                        build/stm32l4xx_hal_tim.o
HAL_TIM_DMABurst_ReadStop                         build/stm32l4xx_hal_tim.o
HAL_TIM_DMABurst_WriteStart                       build/stm32l4xx_hal_tim.o
HAL_TIM_DMABurst_WriteStop                        build/stm32l4xx_hal_tim.o
HAL_TIM_Encoder_DeInit                            build/stm32l4xx_hal_tim.o
HAL_TIM_Encoder_GetState                          build/stm32l4xx_hal_tim.o
HAL_TIM_Encoder_Init                              build/stm32l4xx_hal_tim.o
HAL_TIM_Encoder_MspDeInit                         build/stm32l4xx_hal_tim.o
HAL_TIM_Encoder_MspInit                           build/stm32l4xx_hal_tim.o
HAL_TIM_Encoder_Start                             build/stm32l4xx_hal_tim.o
HAL_TIM_Encoder_Start_DMA                         build/stm32l4xx_hal_tim.o
HAL_TIM_Encoder_Start_IT                          build/stm32l4xx_hal_tim.o
HAL_TIM_Encoder_Stop                              build/stm32l4xx_hal_tim.o
HAL_TIM_Encoder_Stop_DMA                          build/stm32l4xx_hal_tim.o
HAL_TIM_Encoder_Stop_IT                           build/stm32l4xx_hal_tim.o
HAL_TIM_ErrorCallback                             build/stm32l4xx_hal_tim.o
                                                  build/stm32l4xx_hal_tim_ex.o
HAL_TIM_GenerateEvent                             build/stm32l4xx_hal_tim.o
HAL_TIM_GetActiveChannel                          build/stm32l4xx_hal_tim.o
HAL_TIM_GetChannelState                           build/stm32l4xx_hal_tim.o
HAL_TIM_IC_CaptureCallback                        build/stm32l4xx_hal_tim.o
HAL_TIM_IC_CaptureHalfCpltCallback                build/stm32l4xx_hal_tim.o
HAL_TIM_IC_ConfigChannel                          build/stm32l4xx_hal_tim.o
HAL_TIM_IC_DeInit                                 build/stm32l4xx_hal_tim.o
HAL_TIM_IC_GetState                               build/stm32l4xx_hal_tim.o
HAL_TIM_IC_Init                                   build/stm32l4xx_hal_tim.o
HAL_TIM_IC_MspDeInit                              build/stm32l4xx_hal_tim.o
HAL_TIM_IC_MspInit                                build/stm32l4xx_hal_tim.o
HAL_TIM_IC_Start                                  build/stm32l4xx_hal_tim.o
HAL_TIM_IC_Start_DMA                              build/stm32l4xx_hal_tim.o
HAL_TIM_IC_Start_IT                               build/stm32l4xx_hal_tim.o
HAL_TIM_IC_Stop                                   build/stm32l4xx_hal_tim.o
HAL_TIM_IC_Stop_DMA                               build/stm32l4xx_hal_tim.o
HAL_TIM_IC_Stop_IT                                build/stm32l4xx_hal_tim.o
HAL_TIM_IRQHandler                                build/stm32l4xx_hal_tim.o
                                                  build/stm32l4xx_it.o
HAL_TIM_OC_ConfigChannel                          build/stm32l4xx_hal_tim.o
HAL_TIM_OC_DeInit                                 build/stm32l4xx_hal_tim.o
HAL_TIM_OC_DelayElapsedCallback                   build/stm32l4xx_hal_tim.o
HAL_TIM_OC_GetState                               build/stm32l4xx_hal_tim.o
HAL_TIM_OC_Init                                   build/stm32l4xx_hal_tim.o
HAL_TIM_OC_MspDeInit                              build/stm32l4xx_hal_tim.o
HAL_TIM_OC_MspInit                                build/stm32l4xx_hal_tim.o
HAL_TIM_OC_Start                                  build/stm32l4xx_hal_tim.o
HAL_TIM_OC_Start_DMA                              build/stm32l4xx_hal_tim.o
HAL_TIM_OC_Start_IT                               build/stm32l4xx_hal_tim.o
HAL_TIM_OC_Stop                                   build/stm32l4xx_hal_tim.o
HAL_TIM_OC_Stop_DMA                               build/stm32l4xx_hal_tim.o
HAL_TIM_OC_Stop_IT                                build/stm32l4xx_hal_tim.o
HAL_TIM_OnePulse_ConfigChannel                    build/stm32l4xx_hal_tim.o
HAL_TIM_OnePulse_DeInit                           build/stm32l4xx_hal_tim.o
HAL_TIM_OnePulse_GetState                         build/stm32l4xx_hal_tim.o
HAL_TIM_OnePulse_Init                             build/stm32l4xx_hal_tim.o
HAL_TIM_OnePulse_MspDeInit                        build/stm32l4xx_hal_tim.o
HAL_TIM_OnePulse_MspInit                          build/stm32l4xx_hal_tim.o
HAL_TIM_OnePulse_Start                            build/stm32l4xx_hal_tim.o
HAL_TIM_OnePulse_Start_IT                         build/stm32l4xx_hal_tim.o
HAL_TIM_OnePulse_Stop                             build/stm32l4xx_hal_tim.o
HAL_TIM_OnePulse_Stop_IT                          build/stm32l4xx_hal_tim.o
HAL_TIM_PWM_ConfigChannel                         build/stm32l4xx_hal_tim.o
HAL_TIM_PWM_DeInit                                build/stm32l4xx_hal_tim.o
HAL_TIM_PWM_GetState                              build/stm32l4xx_hal_tim.o
HAL_TIM_PWM_Init                                  build/stm32l4xx_hal_tim.o
HAL_TIM_PWM_MspDeInit                             build/stm32l4xx_hal_tim.o
HAL_TIM_PWM_MspInit                               build/stm32l4xx_hal_tim.o
HAL_TIM_PWM_PulseFinishedCallback                 build/stm32l4xx_hal_tim.o
                                                  build/stm32l4xx_hal_tim_ex.o
HAL_TIM_PWM_PulseFinishedHalfCpltCallback         build/stm32l4xx_hal_tim.o
HAL_TIM_PWM_Start                                 build/stm32l4xx_hal_tim.o
HAL_TIM_PWM_Start_DMA                             build/stm32l4xx_hal_tim.o
HAL_TIM_PWM_Start_IT                              build/stm32l4xx_hal_tim.o
HAL_TIM_PWM_Stop                                  build/stm32l4xx_hal_tim.o
HAL_TIM_PWM_Stop_DMA                              build/stm32l4xx_hal_tim.o
HAL_TIM_PWM_Stop_IT                               build/stm32l4xx_hal_tim.o
HAL_TIM_PeriodElapsedCallback                     build/stm32l4xx_hal_tim.o
HAL_TIM_PeriodElapsedHalfCpltCallback             build/stm32l4xx_hal_tim.o
HAL_TIM_ReadCapturedValue                         build/stm32l4xx_hal_tim.o
HAL_TIM_SlaveConfigSynchro                        build/stm32l4xx_hal_tim.o
HAL_TIM_SlaveConfigSynchro_IT                     build/stm32l4xx_hal_tim.o
HAL_TIM_TriggerCallback                           build/stm32l4xx_hal_tim.o
HAL_TIM_TriggerHalfCpltCallback                   build/stm32l4xx_hal_tim.o
HAL_UARTEx_DisableClockStopMode                   build/stm32l4xx_hal_uart_ex.o
HAL_UARTEx_DisableStopMode                        build/stm32l4xx_hal_uart_ex.o
HAL_UARTEx_EnableClockStopMode                    build/stm32l4xx_hal_uart_ex.o
HAL_UARTEx_EnableStopMode                         build/stm32l4xx_hal_uart_ex.o
HAL_UARTEx_GetRxEventType                         build/stm32l4xx_hal_uart_ex.o
HAL_UARTEx_ReceiveToIdle                          build/stm32l4xx_hal_uart_ex.o
HAL_UARTEx_ReceiveToIdle_DMA                      build/stm32l4xx_hal_uart_ex.o
HAL_UARTEx_ReceiveToIdle_IT                       build/stm32l4xx_hal_uart_ex.o
HAL_UARTEx_RxEventCallback                        build/stm32l4xx_hal_uart.o
HAL_UARTEx_StopModeWakeUpSourceConfig             build/stm32l4xx_hal_uart_ex.o
HAL_UARTEx_WakeupCallback                         build/stm32l4xx_hal_uart_ex.o
                                                  build/stm32l4xx_hal_uart.o
HAL_UART_Abort                                    build/stm32l4xx_hal_uart.o
HAL_UART_AbortCpltCallback                        build/stm32l4xx_hal_uart.o
HAL_UART_AbortReceive                             build/stm32l4xx_hal_uart.o
HAL_UART_AbortReceiveCpltCallback                 build/stm32l4xx_hal_uart.o
HAL_UART_AbortReceive_IT                          build/stm32l4xx_hal_uart.o
HAL_UART_AbortTransmit                            build/stm32l4xx_hal_uart.o
HAL_UART_AbortTransmitCpltCallback                build/stm32l4xx_hal_uart.o
HAL_UART_AbortTransmit_IT                         build/stm32l4xx_hal_uart.o
HAL_UART_Abort_IT                                 build/stm32l4xx_hal_uart.o
HAL_UART_DMAPause                                 build/stm32l4xx_hal_uart.o
HAL_UART_DMAResume                                build/stm32l4xx_hal_uart.o
HAL_UART_DMAStop                                  build/stm32l4xx_hal_uart.o
HAL_UART_DeInit                                   build/stm32l4xx_hal_uart.o
HAL_UART_DisableReceiverTimeout                   build/stm32l4xx_hal_uart.o
HAL_UART_EnableReceiverTimeout                    build/stm32l4xx_hal_uart.o
HAL_UART_ErrorCallback                            build/stm32l4xx_hal_uart.o
HAL_UART_GetError                                 build/stm32l4xx_hal_uart.o
HAL_UART_GetState                                 build/stm32l4xx_hal_uart.o
HAL_UART_IRQHandler                               build/stm32l4xx_hal_uart.o
HAL_UART_Init                                     build/stm32l4xx_hal_uart.o
                                                  build/main.o
HAL_UART_MspDeInit                                build/stm32l4xx_hal_msp.o
HAL_UART_MspInit                                  build/stm32l4xx_hal_msp.o
                                                  build/stm32l4xx_hal_uart_ex.o
HAL_UART_Receive                                  build/stm32l4xx_hal_uart.o
HAL_UART_Receive_DMA                              build/stm32l4xx_hal_uart.o
HAL_UART_Receive_IT                               build/stm32l4xx_hal_uart.o
HAL_UART_ReceiverTimeout_Config                   build/stm32l4xx_hal_uart.o
HAL_UART_RxCpltCallback                           build/stm32l4xx_hal_uart.o
HAL_UART_RxHalfCpltCallback                       build/stm32l4xx_hal_uart.o
HAL_UART_Transmit                                 build/stm32l4xx_hal_uart.o
HAL_UART_Transmit_DMA                             build/stm32l4xx_hal_uart.o
HAL_UART_Transmit_IT                              build/stm32l4xx_hal_uart.o
HAL_UART_TxCpltCallback                           build/stm32l4xx_hal_uart.o
HAL_UART_TxHalfCpltCallback                       build/stm32l4xx_hal_uart.o
HardFault_Handler                                 build/stm32l4xx_it.o
I2C1_ER_IRQHandler                                build/startup_stm32l476xx.o
I2C1_EV_IRQHandler                                build/startup_stm32l476xx.o
I2C2_ER_IRQHandler                                build/startup_stm32l476xx.o
I2C2_EV_IRQHandler                                build/startup_stm32l476xx.o
I2C3_ER_IRQHandler                                build/startup_stm32l476xx.o
I2C3_EV_IRQHandler                                build/startup_stm32l476xx.o
LCD_IRQHandler                                    build/startup_stm32l476xx.o
LPTIM1_IRQHandler                                 build/startup_stm32l476xx.o
LPTIM2_IRQHandler                                 build/startup_stm32l476xx.o
LPUART1_IRQHandler                                build/startup_stm32l476xx.o
MSIRangeTable                                     build/system_stm32l4xx.o
                                                  build/stm32l4xx_hal_rcc_ex.o
                                                  build/stm32l4xx_hal_rcc.o
MemManage_Handler                                 build/stm32l4xx_it.o
NMI_Handler                                       build/stm32l4xx_it.o
OTG_FS_IRQHandler                                 build/startup_stm32l476xx.o
PVD_PVM_IRQHandler                                build/startup_stm32l476xx.o
PendSV_Handler                                    build/stm32l4xx_it.o
QUADSPI_IRQHandler                                build/startup_stm32l476xx.o
RCC_IRQHandler                                    build/startup_stm32l476xx.o
RNG_IRQHandler                                    build/startup_stm32l476xx.o
RTC_Alarm_IRQHandler                              build/startup_stm32l476xx.o
RTC_WKUP_IRQHandler                               build/startup_stm32l476xx.o
Reset_Handler                                     build/startup_stm32l476xx.o
SAI1_IRQHandler                                   build/startup_stm32l476xx.o
SAI2_IRQHandler                                   build/startup_stm32l476xx.o
SDMMC1_IRQHandler                                 build/startup_stm32l476xx.o
SPI1_IRQHandler                                   build/startup_stm32l476xx.o
SPI2_IRQHandler                                   build/startup_stm32l476xx.o
SPI3_IRQHandler                                   build/startup_stm32l476xx.o
SVC_Handler                                       build/stm32l4xx_it.o
SWPMI1_IRQHandler                                 build/startup_stm32l476xx.o
SysTick_Handler                                   build/stm32l4xx_it.o
SystemClock_Config                                build/main.o
SystemCoreClock                                   build/system_stm32l4xx.o
                                                  build/stm32l4xx_hal_pwr_ex.o
                                                  build/stm32l4xx_hal_rcc.o
                                                  build/stm32l4xx_hal.o
SystemCoreClockUpdate                             build/system_stm32l4xx.o
SystemInit                                        build/system_stm32l4xx.o
                                                  build/startup_stm32l476xx.o
TAMP_STAMP_IRQHandler                             build/startup_stm32l476xx.o
TIM1_BRK_TIM15_IRQHandler                         build/startup_stm32l476xx.o
TIM1_CC_IRQHandler                                build/startup_stm32l476xx.o
TIM1_TRG_COM_TIM17_IRQHandler                     build/startup_stm32l476xx.o
TIM1_UP_TIM16_IRQHandler                          build/startup_stm32l476xx.o
TIM2_IRQHandler                                   build/startup_stm32l476xx.o
TIM3_IRQHandler                                   build/stm32l4xx_it.o
TIM4_IRQHandler                                   build/startup_stm32l476xx.o
TIM5_IRQHandler                                   build/startup_stm32l476xx.o
TIM6_DAC_IRQHandler                               build/startup_stm32l476xx.o
TIM7_IRQHandler                                   build/startup_stm32l476xx.o
TIM8_BRK_IRQHandler                               build/startup_stm32l476xx.o
TIM8_CC_IRQHandler                                build/startup_stm32l476xx.o
TIM8_TRG_COM_IRQHandler                           build/startup_stm32l476xx.o
TIM8_UP_IRQHandler                                build/startup_stm32l476xx.o
TIMEx_DMACommutationCplt                          build/stm32l4xx_hal_tim_ex.o
                                                  build/stm32l4xx_hal_tim.o
TIMEx_DMACommutationHalfCplt                      build/stm32l4xx_hal_tim_ex.o
                                                  build/stm32l4xx_hal_tim.o
TIM_Base_SetConfig                                build/stm32l4xx_hal_tim.o
                                                  build/stm32l4xx_hal_tim_ex.o
TIM_CCxChannelCmd                                 build/stm32l4xx_hal_tim.o
                                                  build/stm32l4xx_hal_tim_ex.o
TIM_DMACaptureCplt                                build/stm32l4xx_hal_tim.o
                                                  build/stm32l4xx_hal_tim_ex.o
TIM_DMACaptureHalfCplt                            build/stm32l4xx_hal_tim.o
                                                  build/stm32l4xx_hal_tim_ex.o
TIM_DMADelayPulseHalfCplt                         build/stm32l4xx_hal_tim.o
                                                  build/stm32l4xx_hal_tim_ex.o
TIM_DMAError                                      build/stm32l4xx_hal_tim.o
                                                  build/stm32l4xx_hal_tim_ex.o
TIM_ETR_SetConfig                                 build/stm32l4xx_hal_tim.o
TIM_OC2_SetConfig                                 build/stm32l4xx_hal_tim.o
                                                  build/stm32l4xx_hal_tim_ex.o
TIM_TI1_SetConfig                                 build/stm32l4xx_hal_tim.o
                                                  build/stm32l4xx_hal_tim_ex.o
TSC_IRQHandler                                    build/startup_stm32l476xx.o
UART4_IRQHandler                                  build/startup_stm32l476xx.o
UART5_IRQHandler                                  build/startup_stm32l476xx.o
UART_AdvFeatureConfig                             build/stm32l4xx_hal_uart.o
                                                  build/stm32l4xx_hal_uart_ex.o
UART_CheckIdleState                               build/stm32l4xx_hal_uart.o
                                                  build/stm32l4xx_hal_uart_ex.o
UART_SetConfig                                    build/stm32l4xx_hal_uart.o
                                                  build/stm32l4xx_hal_uart_ex.o
UART_Start_Receive_DMA                            build/stm32l4xx_hal_uart.o
                                                  build/stm32l4xx_hal_uart_ex.o
UART_Start_Receive_IT                             build/stm32l4xx_hal_uart.o
                                                  build/stm32l4xx_hal_uart_ex.o
UART_WaitOnFlagUntilTimeout                       build/stm32l4xx_hal_uart.o
                                                  build/stm32l4xx_hal_uart_ex.o
USART1_IRQHandler                                 build/startup_stm32l476xx.o
USART2_IRQHandler                                 build/startup_stm32l476xx.o
USART3_IRQHandler                                 build/startup_stm32l476xx.o
UsageFault_Handler                                build/stm32l4xx_it.o
WWDG_IRQHandler                                   build/startup_stm32l476xx.o
_Min_Stack_Size                                   build/sysmem.o