Archive member included to satisfy reference by file (symbol)

C:/ST/STM32CubeCLT_1.16.0/GNU-tools-for-STM32/bin/../lib/gcc/arm-none-eabi/12.3.1/../../../../arm-none-eabi/lib/thumb/v7e-m+fp/hard\libc_nano.a(libc_a-exit.o)
                              C:/ST/STM32CubeCLT_1.16.0/GNU-tools-for-STM32/bin/../lib/gcc/arm-none-eabi/12.3.1/../../../../arm-none-eabi/lib/thumb/v7e-m+fp/hard/crt0.o (exit)
C:/ST/STM32CubeCLT_1.16.0/GNU-tools-for-STM32/bin/../lib/gcc/arm-none-eabi/12.3.1/../../../../arm-none-eabi/lib/thumb/v7e-m+fp/hard\libc_nano.a(libc_a-findfp.o)
                              C:/ST/STM32CubeCLT_1.16.0/GNU-tools-for-STM32/bin/../lib/gcc/arm-none-eabi/12.3.1/../../../../arm-none-eabi/lib/thumb/v7e-m+fp/hard\libc_nano.a(libc_a-exit.o) (__stdio_exit_handler)
C:/ST/STM32CubeCLT_1.16.0/GNU-tools-for-STM32/bin/../lib/gcc/arm-none-eabi/12.3.1/../../../../arm-none-eabi/lib/thumb/v7e-m+fp/hard\libc_nano.a(libc_a-fwalk.o)
                              C:/ST/STM32CubeCLT_1.16.0/GNU-tools-for-STM32/bin/../lib/gcc/arm-none-eabi/12.3.1/../../../../arm-none-eabi/lib/thumb/v7e-m+fp/hard\libc_nano.a(libc_a-findfp.o) (_fwalk_sglue)
C:/ST/STM32CubeCLT_1.16.0/GNU-tools-for-STM32/bin/../lib/gcc/arm-none-eabi/12.3.1/../../../../arm-none-eabi/lib/thumb/v7e-m+fp/hard\libc_nano.a(libc_a-snprintf.o)
                              build/main.o (snprintf)
C:/ST/STM32CubeCLT_1.16.0/GNU-tools-for-STM32/bin/../lib/gcc/arm-none-eabi/12.3.1/../../../../arm-none-eabi/lib/thumb/v7e-m+fp/hard\libc_nano.a(libc_a-stdio.o)
                              C:/ST/STM32CubeCLT_1.16.0/GNU-tools-for-STM32/bin/../lib/gcc/arm-none-eabi/12.3.1/../../../../arm-none-eabi/lib/thumb/v7e-m+fp/hard\libc_nano.a(libc_a-findfp.o) (__sread)
C:/ST/STM32CubeCLT_1.16.0/GNU-tools-for-STM32/bin/../lib/gcc/arm-none-eabi/12.3.1/../../../../arm-none-eabi/lib/thumb/v7e-m+fp/hard\libc_nano.a(libc_a-memset.o)
                              C:/ST/STM32CubeCLT_1.16.0/GNU-tools-for-STM32/bin/../lib/gcc/arm-none-eabi/12.3.1/../../../../arm-none-eabi/lib/thumb/v7e-m+fp/hard/crt0.o (memset)
C:/ST/STM32CubeCLT_1.16.0/GNU-tools-for-STM32/bin/../lib/gcc/arm-none-eabi/12.3.1/../../../../arm-none-eabi/lib/thumb/v7e-m+fp/hard\libc_nano.a(libc_a-closer.o)
                              C:/ST/STM32CubeCLT_1.16.0/GNU-tools-for-STM32/bin/../lib/gcc/arm-none-eabi/12.3.1/../../../../arm-none-eabi/lib/thumb/v7e-m+fp/hard\libc_nano.a(libc_a-stdio.o) (_close_r)
C:/ST/STM32CubeCLT_1.16.0/GNU-tools-for-STM32/bin/../lib/gcc/arm-none-eabi/12.3.1/../../../../arm-none-eabi/lib/thumb/v7e-m+fp/hard\libc_nano.a(libc_a-reent.o)
                              C:/ST/STM32CubeCLT_1.16.0/GNU-tools-for-STM32/bin/../lib/gcc/arm-none-eabi/12.3.1/../../../../arm-none-eabi/lib/thumb/v7e-m+fp/hard\libc_nano.a(libc_a-closer.o) (errno)
C:/ST/STM32CubeCLT_1.16.0/GNU-tools-for-STM32/bin/../lib/gcc/arm-none-eabi/12.3.1/../../../../arm-none-eabi/lib/thumb/v7e-m+fp/hard\libc_nano.a(libc_a-impure.o)
                              C:/ST/STM32CubeCLT_1.16.0/GNU-tools-for-STM32/bin/../lib/gcc/arm-none-eabi/12.3.1/../../../../arm-none-eabi/lib/thumb/v7e-m+fp/hard\libc_nano.a(libc_a-snprintf.o) (_impure_ptr)
C:/ST/STM32CubeCLT_1.16.0/GNU-tools-for-STM32/bin/../lib/gcc/arm-none-eabi/12.3.1/../../../../arm-none-eabi/lib/thumb/v7e-m+fp/hard\libc_nano.a(libc_a-lseekr.o)
                              C:/ST/STM32CubeCLT_1.16.0/GNU-tools-for-STM32/bin/../lib/gcc/arm-none-eabi/12.3.1/../../../../arm-none-eabi/lib/thumb/v7e-m+fp/hard\libc_nano.a(libc_a-stdio.o) (_lseek_r)
C:/ST/STM32CubeCLT_1.16.0/GNU-tools-for-STM32/bin/../lib/gcc/arm-none-eabi/12.3.1/../../../../arm-none-eabi/lib/thumb/v7e-m+fp/hard\libc_nano.a(libc_a-readr.o)
                              C:/ST/STM32CubeCLT_1.16.0/GNU-tools-for-STM32/bin/../lib/gcc/arm-none-eabi/12.3.1/../../../../arm-none-eabi/lib/thumb/v7e-m+fp/hard\libc_nano.a(libc_a-stdio.o) (_read_r)
C:/ST/STM32CubeCLT_1.16.0/GNU-tools-for-STM32/bin/../lib/gcc/arm-none-eabi/12.3.1/../../../../arm-none-eabi/lib/thumb/v7e-m+fp/hard\libc_nano.a(libc_a-writer.o)
                              C:/ST/STM32CubeCLT_1.16.0/GNU-tools-for-STM32/bin/../lib/gcc/arm-none-eabi/12.3.1/../../../../arm-none-eabi/lib/thumb/v7e-m+fp/hard\libc_nano.a(libc_a-stdio.o) (_write_r)
C:/ST/STM32CubeCLT_1.16.0/GNU-tools-for-STM32/bin/../lib/gcc/arm-none-eabi/12.3.1/../../../../arm-none-eabi/lib/thumb/v7e-m+fp/hard\libc_nano.a(libc_a-errno.o)
                              build/sysmem.o (__errno)
C:/ST/STM32CubeCLT_1.16.0/GNU-tools-for-STM32/bin/../lib/gcc/arm-none-eabi/12.3.1/../../../../arm-none-eabi/lib/thumb/v7e-m+fp/hard\libc_nano.a(libc_a-init.o)
                              C:/ST/STM32CubeCLT_1.16.0/GNU-tools-for-STM32/bin/../lib/gcc/arm-none-eabi/12.3.1/../../../../arm-none-eabi/lib/thumb/v7e-m+fp/hard/crt0.o (__libc_init_array)
C:/ST/STM32CubeCLT_1.16.0/GNU-tools-for-STM32/bin/../lib/gcc/arm-none-eabi/12.3.1/../../../../arm-none-eabi/lib/thumb/v7e-m+fp/hard\libc_nano.a(libc_a-lock.o)
[...]
Memory Configuration

Name             Origin             Length             Attributes
RAM              0x20000000         0x00018000         xrw
RAM2             0x10000000         0x00008000         xrw
FLASH            0x08000000         0x00100000         xr
*default*        0x00000000         0xffffffff

Linker script and memory map

LOAD C:/ST/STM32CubeCLT_1.16.0/GNU-tools-for-STM32/bin/../lib/gcc/arm-none-eabi/12.3.1/thumb/v7e-m+fp/hard/crti.o
LOAD C:/ST/STM32CubeCLT_1.16.0/GNU-tools-for-STM32/bin/../lib/gcc/arm-none-eabi/12.3.1/thumb/v7e-m+fp/hard/crtbegin.o
LOAD C:/ST/STM32CubeCLT_1.16.0/GNU-tools-for-STM32/bin/../lib/gcc/arm-none-eabi/12.3.1/../../../../arm-none-eabi/lib/thumb/v7e-m+fp/hard/crt0.o
LOAD build/main.o
LOAD build/stm32l4xx_it.o
LOAD build/stm32l4xx_hal_msp.o
LOAD build/sysmem.o
LOAD build/syscalls.o
LOAD build/stm32l4xx_hal_i2c.o
LOAD build/stm32l4xx_hal_i2c_ex.o
LOAD build/stm32l4xx_hal.o
LOAD build/stm32l4xx_hal_rcc.o
LOAD build/stm32l4xx_hal_rcc_ex.o
LOAD build/stm32l4xx_hal_flash.o
LOAD build/stm32l4xx_hal_flash_ex.o
LOAD build/stm32l4xx_hal_flash_ramfunc.o
LOAD build/stm32l4xx_hal_gpio.o
LOAD build/stm32l4xx_hal_dma.o
LOAD build/stm32l4xx_hal_dma_ex.o
LOAD build/stm32l4xx_hal_pwr.o
LOAD build/stm32l4xx_hal_pwr_ex.o
LOAD build/stm32l4xx_hal_cortex.o
LOAD build/stm32l4xx_hal_exti.o
LOAD build/stm32l4xx_hal_rng.o
LOAD build/stm32l4xx_hal_tim.o
LOAD build/stm32l4xx_hal_tim_ex.o
LOAD build/stm32l4xx_hal_uart.o
LOAD build/stm32l4xx_hal_uart_ex.o
LOAD build/system_stm32l4xx.o
LOAD build/startup_stm32l476xx.o
LOAD C:/ST/STM32CubeCLT_1.16.0/GNU-tools-for-STM32/bin/../lib/gcc/arm-none-eabi/12.3.1/../../../../arm-none-eabi/lib/thumb/v7e-m+fp/hard\libc_nano.a
LOAD C:/ST/STM32CubeCLT_1.16.0/GNU-tools-for-STM32/bin/../lib/gcc/arm-none-eabi/12.3.1/../../../../arm-none-eabi/lib/thumb/v7e-m+fp/hard\libm.a
LOAD C:/ST/STM32CubeCLT_1.16.0/GNU-tools-for-STM32/bin/../lib/gcc/arm-none-eabi/12.3.1/../../../../arm-none-eabi/lib/thumb/v7e-m+fp/hard\libnosys.a
START GROUP
LOAD C:/ST/STM32CubeCLT_1.16.0/GNU-tools-for-STM32/bin/../lib/gcc/arm-none-eabi/12.3.1/thumb/v7e-m+fp/hard\libgcc.a
LOAD C:/ST/STM32CubeCLT_1.16.0/GNU-tools-for-STM32/bin/../lib/gcc/arm-none-eabi/12.3.1/../../../../arm-none-eabi/lib/thumb/v7e-m+fp/hard\libc_nano.a
END GROUP
START GROUP
LOAD C:/ST/STM32CubeCLT_1.16.0/GNU-tools-for-STM32/bin/../lib/gcc/arm-none-eabi/12.3.1/thumb/v7e-m+fp/hard\libgcc.a
LOAD C:/ST/STM32CubeCLT_1.16.0/GNU-tools-for-STM32/bin/../lib/gcc/arm-none-eabi/12.3.1/../../../../arm-none-eabi/lib/thumb/v7e-m+fp/hard\libc_nano.a
END GROUP
LOAD C:/ST/STM32CubeCLT_1.16.0/GNU-tools-for-STM32/bin/../lib/gcc/arm-none-eabi/12.3.1/thumb/v7e-m+fp/hard/crtend.o
LOAD C:/ST/STM32CubeCLT_1.16.0/GNU-tools-for-STM32/bin/../lib/gcc/arm-none-eabi/12.3.1/thumb/v7e-m+fp/hard/crtn.o
                0x20018000                        _estack = (ORIGIN (RAM) + LENGTH (RAM))
                0x00000200                        _Min_Heap_Size = 0x200
                0x00000400                        _Min_Stack_Size = 0x400

.isr_vector     0x08000000      0x188
                0x08000000                        . = ALIGN (0x8)
 *(.isr_vector)
 .isr_vector    0x08000000      0x188 build/startup_stm32l476xx.o
                0x08000000                g_pfnVectors
                0x08000188                        . = ALIGN (0x8)

.text           0x08000190     0x3628
                0x08000190                        . = ALIGN (0x8)
 *(.text)
 .text          0x08000190       0x40 C:/ST/STM32CubeCLT_1.16.0/GNU-tools-for-STM32/bin/../lib/gcc/arm-none-eabi/12.3.1/thumb/v7e-m+fp/hard/crtbegin.o
 .text          0x080001d0       0xa0 C:/ST/STM32CubeCLT_1.16.0/GNU-tools-for-STM32/bin/../lib/gcc/arm-none-eabi/12.3.1/../../../../arm-none-eabi/lib/thumb/v7e-m+fp/hard\libc_nano.a(libc_a-memchr.o)
                0x080001d0                memchr
 .text          0x08000270       0x30 C:/ST/STM32CubeCLT_1.16.0/GNU-tools-for-STM32/bin/../lib/gcc/arm-none-eabi/12.3.1/thumb/v7e-m+fp/hard\libgcc.a(_aeabi_uldivmod.o)
                0x08000270                __aeabi_uldivmod
 .text          0x080002a0      0x2bc C:/ST/STM32CubeCLT_1.16.0/GNU-tools-for-STM32/bin/../lib/gcc/arm-none-eabi/12.3.1/thumb/v7e-m+fp/hard\libgcc.a(_udivmoddi4.o)
                0x080002a0                __udivmoddi4
 .text          0x0800055c        0x4 C:/ST/STM32CubeCLT_1.16.0/GNU-tools-for-STM32/bin/../lib/gcc/arm-none-eabi/12.3.1/thumb/v7e-m+fp/hard\libgcc.a(_dvmd_tls.o)
                0x0800055c                __aeabi_idiv0
                0x0800055c                __aeabi_ldiv0
 *(.text*)
 .text.MX_GPIO_Init
                0x08000560       0xc0 build/main.o
 .text.Error_Handler
                0x08000620        0x4 build/main.o
                0x08000620                Error_Handler
 .text.MX_I2C3_Init
                0x08000624       0x58 build/main.o
 .text.MX_RNG_Init
                0x0800067c       0x1c build/main.o
 .text.MX_USART2_UART_Init
                0x08000698       0x38 build/main.o
 .text.MX_TIM3_Init
                0x080006d0       0x74 build/main.o
 .text.MX_USART3_UART_Init
                0x08000744       0x38 build/main.o
 .text.SystemClock_Config
                0x0800077c       0x7a build/main.o
                0x0800077c                SystemClock_Config
 *fill*         0x080007f6        0x2 
 .text.main     0x080007f8       0xa0 build/main.o
                0x080007f8                main
 .text.NMI_Handler
                0x08000898        0x2 build/stm32l4xx_it.o
                0x08000898                NMI_Handler
 .text.HardFault_Handler
                0x0800089a        0x2 build/stm32l4xx_it.o
                0x0800089a                HardFault_Handler
 .text.MemManage_Handler
                0x0800089c        0x2 build/stm32l4xx_it.o
                0x0800089c                MemManage_Handler
 .text.BusFault_Handler
                0x0800089e        0x2 build/stm32l4xx_it.o
                0x0800089e                BusFault_Handler
 .text.UsageFault_Handler
                0x080008a0        0x2 build/stm32l4xx_it.o
                0x080008a0                UsageFault_Handler
 .text.SVC_Handler
                0x080008a2        0x2 build/stm32l4xx_it.o
                0x080008a2                SVC_Handler
 .text.DebugMon_Handler
                0x080008a4        0x2 build/stm32l4xx_it.o
                0x080008a4                DebugMon_Handler
 .text.PendSV_Handler
                0x080008a6        0x2 build/stm32l4xx_it.o
                0x080008a6                PendSV_Handler
 .text.SysTick_Handler
                0x080008a8        0x8 build/stm32l4xx_it.o
                0x080008a8                SysTick_Handler
 .text.TIM3_IRQHandler
                0x080008b0       0x10 build/stm32l4xx_it.o
                0x080008b0                TIM3_IRQHandler
 .text.HAL_MspInit
                0x080008c0       0x30 build/stm32l4xx_hal_msp.o
                0x080008c0                HAL_MspInit
 .text.HAL_I2C_MspInit
                0x080008f0       0x88 build/stm32l4xx_hal_msp.o
                0x080008f0                HAL_I2C_MspInit
 .text.HAL_RNG_MspInit
                0x08000978       0x70 build/stm32l4xx_hal_msp.o
                0x08000978                HAL_RNG_MspInit
 .text.HAL_TIM_Base_MspInit
                0x080009e8       0x40 build/stm32l4xx_hal_msp.o
                0x080009e8                HAL_TIM_Base_MspInit
 .text.HAL_UART_MspInit
                0x08000a28      0x118 build/stm32l4xx_hal_msp.o
                0x08000a28                HAL_UART_MspInit
 .text._sbrk    0x08000b40       0x48 build/sysmem.o
                0x08000b40                _sbrk
 .text.HAL_I2C_Init
                0x08000b88       0xc8 build/stm32l4xx_hal_i2c.o
                0x08000b88                HAL_I2C_Init
 .text.HAL_I2CEx_ConfigAnalogFilter
                0x08000c50       0x5c build/stm32l4xx_hal_i2c_ex.o
                0x08000c50                HAL_I2CEx_ConfigAnalogFilter
 .text.HAL_I2CEx_ConfigDigitalFilter
                0x08000cac       0x58 build/stm32l4xx_hal_i2c_ex.o
                0x08000cac                HAL_I2CEx_ConfigDigitalFilter
 .text.HAL_InitTick
                0x08000d04       0x50 build/stm32l4xx_hal.o
                0x08000d04                HAL_InitTick
 .text.HAL_Init
                0x08000d54       0x2c build/stm32l4xx_hal.o
                0x08000d54                HAL_Init
 .text.HAL_IncTick
                0x08000d80       0x18 build/stm32l4xx_hal.o
                0x08000d80                HAL_IncTick
 .text.HAL_GetTick
                0x08000d98        0xc build/stm32l4xx_hal.o
                0x08000d98                HAL_GetTick
 .text.HAL_Delay
                0x08000da4       0x28 build/stm32l4xx_hal.o
                0x08000da4                HAL_Delay
 .text.RCC_SetFlashLatencyFromMSIRange
                0x08000dcc       0x90 build/stm32l4xx_hal_rcc.o
 .text.HAL_RCC_GetSysClockFreq
                0x08000e5c       0xb4 build/stm32l4xx_hal_rcc.o
                0x08000e5c                HAL_RCC_GetSysClockFreq
 .text.HAL_RCC_OscConfig
                0x08000f10      0x61c build/stm32l4xx_hal_rcc.o
                0x08000f10                HAL_RCC_OscConfig
 .text.HAL_RCC_ClockConfig
                0x0800152c      0x188 build/stm32l4xx_hal_rcc.o
                0x0800152c                HAL_RCC_ClockConfig
 .text.HAL_RCC_GetHCLKFreq
                0x080016b4        0xc build/stm32l4xx_hal_rcc.o
                0x080016b4                HAL_RCC_GetHCLKFreq
 .text.HAL_RCC_GetPCLK1Freq
                0x080016c0       0x24 build/stm32l4xx_hal_rcc.o
                0x080016c0                HAL_RCC_GetPCLK1Freq
 .text.HAL_RCC_GetPCLK2Freq
                0x080016e4       0x24 build/stm32l4xx_hal_rcc.o
                0x080016e4                HAL_RCC_GetPCLK2Freq
 .text.RCCEx_PLLSAI1_Config
                0x08001708      0x170 build/stm32l4xx_hal_rcc_ex.o
 .text.RCCEx_PLLSAI2_Config
                0x08001878      0x14c build/stm32l4xx_hal_rcc_ex.o
 .text.HAL_RCCEx_PeriphCLKConfig
                0x080019c4      0x454 build/stm32l4xx_hal_rcc_ex.o
                0x080019c4                HAL_RCCEx_PeriphCLKConfig
 .text.HAL_GPIO_Init
                0x08001e18      0x200 build/stm32l4xx_hal_gpio.o
                0x08001e18                HAL_GPIO_Init
 .text.HAL_GPIO_WritePin
                0x08002018        0xa build/stm32l4xx_hal_gpio.o
                0x08002018                HAL_GPIO_WritePin
 .text.HAL_GPIO_TogglePin
                0x08002022       0x12 build/stm32l4xx_hal_gpio.o
                0x08002022                HAL_GPIO_TogglePin
 .text.HAL_PWREx_GetVoltageRange
                0x08002034       0x10 build/stm32l4xx_hal_pwr_ex.o
                0x08002034                HAL_PWREx_GetVoltageRange
 .text.HAL_PWREx_ControlVoltageScaling
                0x08002044       0x90 build/stm32l4xx_hal_pwr_ex.o
                0x08002044                HAL_PWREx_ControlVoltageScaling
 .text.__NVIC_EnableIRQ
                0x080020d4       0x1c build/stm32l4xx_hal_cortex.o
 .text.__NVIC_SetPriority
                0x080020f0       0x28 build/stm32l4xx_hal_cortex.o
 .text.NVIC_EncodePriority
                0x08002118       0x3e build/stm32l4xx_hal_cortex.o
 *fill*         0x08002156        0x2 
 .text.HAL_NVIC_SetPriorityGrouping
                0x08002158       0x24 build/stm32l4xx_hal_cortex.o
                0x08002158                HAL_NVIC_SetPriorityGrouping
 .text.HAL_NVIC_SetPriority
                0x0800217c       0x20 build/stm32l4xx_hal_cortex.o
                0x0800217c                HAL_NVIC_SetPriority
 .text.HAL_NVIC_EnableIRQ
                0x0800219c        0x8 build/stm32l4xx_hal_cortex.o
                0x0800219c                HAL_NVIC_EnableIRQ
 .text.HAL_SYSTICK_Config
                0x080021a4       0x28 build/stm32l4xx_hal_cortex.o
                0x080021a4                HAL_SYSTICK_Config
 .text.HAL_RNG_Init
                0x080021cc       0x72 build/stm32l4xx_hal_rng.o
                0x080021cc                HAL_RNG_Init
 .text.TIM_TI1_ConfigInputStage
                0x0800223e       0x26 build/stm32l4xx_hal_tim.o
 .text.TIM_TI2_ConfigInputStage
                0x08002264       0x28 build/stm32l4xx_hal_tim.o
 .text.TIM_ITRx_SetConfig
                0x0800228c       0x10 build/stm32l4xx_hal_tim.o
 .text.HAL_TIM_PeriodElapsedCallback
                0x0800229c        0x2 build/stm32l4xx_hal_tim.o
                0x0800229c                HAL_TIM_PeriodElapsedCallback
 .text.HAL_TIM_OC_DelayElapsedCallback
                0x0800229e        0x2 build/stm32l4xx_hal_tim.o
                0x0800229e                HAL_TIM_OC_DelayElapsedCallback
 .text.HAL_TIM_IC_CaptureCallback
                0x080022a0        0x2 build/stm32l4xx_hal_tim.o
                0x080022a0                HAL_TIM_IC_CaptureCallback
 .text.HAL_TIM_PWM_PulseFinishedCallback
                0x080022a2        0x2 build/stm32l4xx_hal_tim.o
                0x080022a2                HAL_TIM_PWM_PulseFinishedCallback
 .text.HAL_TIM_TriggerCallback
                0x080022a4        0x2 build/stm32l4xx_hal_tim.o
                0x080022a4                HAL_TIM_TriggerCallback
 .text.HAL_TIM_IRQHandler
                0x080022a6      0x17a build/stm32l4xx_hal_tim.o
                0x080022a6                HAL_TIM_IRQHandler
 .text.TIM_Base_SetConfig
                0x08002420       0xc8 build/stm32l4xx_hal_tim.o
                0x08002420                TIM_Base_SetConfig
 .text.HAL_TIM_Base_Init
                0x080024e8       0x60 build/stm32l4xx_hal_tim.o
                0x080024e8                HAL_TIM_Base_Init
 .text.TIM_ETR_SetConfig
                0x08002548       0x1a build/stm32l4xx_hal_tim.o
                0x08002548                TIM_ETR_SetConfig
 *fill*         0x08002562        0x2 
 .text.HAL_TIM_ConfigClockSource
                0x08002564      0x100 build/stm32l4xx_hal_tim.o
                0x08002564                HAL_TIM_ConfigClockSource
 .text.HAL_TIMEx_MasterConfigSynchronization
                0x08002664       0x98 build/stm32l4xx_hal_tim_ex.o
                0x08002664                HAL_TIMEx_MasterConfigSynchronization
 .text.HAL_TIMEx_CommutCallback
                0x080026fc        0x2 build/stm32l4xx_hal_tim_ex.o
                0x080026fc                HAL_TIMEx_CommutCallback
 .text.HAL_TIMEx_BreakCallback
                0x080026fe        0x2 build/stm32l4xx_hal_tim_ex.o
                0x080026fe                HAL_TIMEx_BreakCallback
 .text.HAL_TIMEx_Break2Callback
                0x08002700        0x2 build/stm32l4xx_hal_tim_ex.o
                0x08002700                HAL_TIMEx_Break2Callback
 .text.UART_EndRxTransfer
                0x08002702       0x52 build/stm32l4xx_hal_uart.o
 .text.UART_SetConfig
                0x08002754      0x328 build/stm32l4xx_hal_uart.o
                0x08002754                UART_SetConfig
 .text.UART_AdvFeatureConfig
                0x08002a7c       0xca build/stm32l4xx_hal_uart.o
                0x08002a7c                UART_AdvFeatureConfig
 .text.UART_WaitOnFlagUntilTimeout
                0x08002b46       0x96 build/stm32l4xx_hal_uart.o
                0x08002b46                UART_WaitOnFlagUntilTimeout
 .text.HAL_UART_Transmit
                0x08002bdc       0xc8 build/stm32l4xx_hal_uart.o
                0x08002bdc                HAL_UART_Transmit
 .text.UART_CheckIdleState
                0x08002ca4       0xc6 build/stm32l4xx_hal_uart.o
                0x08002ca4                UART_CheckIdleState
 .text.HAL_UART_Init
                0x08002d6a       0x62 build/stm32l4xx_hal_uart.o
                0x08002d6a                HAL_UART_Init
 .text.SystemInit
                0x08002dcc       0x14 build/system_stm32l4xx.o
                0x08002dcc                SystemInit
 .text.Reset_Handler
                0x08002de0       0x50 build/startup_stm32l476xx.o
                0x08002de0                Reset_Handler
 .text.Default_Handler
                0x08002e30        0x2 build/startup_stm32l476xx.o
                0x08002e30                RTC_Alarm_IRQHandler
                0x08002e30                EXTI2_IRQHandler
                0x08002e30                TIM8_TRG_COM_IRQHandler
                0x08002e30                TIM8_CC_IRQHandler
                0x08002e30                TIM1_CC_IRQHandler
                0x08002e30                TSC_IRQHandler
                0x08002e30                TAMP_STAMP_IRQHandler
                0x08002e30                EXTI3_IRQHandler
                0x08002e30                LPTIM2_IRQHandler
                0x08002e30                DFSDM1_FLT1_IRQHandler
                0x08002e30                I2C3_ER_IRQHandler
                0x08002e30                DFSDM1_FLT2_IRQHandler
                0x08002e30                EXTI0_IRQHandler
                0x08002e30                I2C2_EV_IRQHandler
                0x08002e30                CAN1_RX0_IRQHandler
                0x08002e30                FPU_IRQHandler
                0x08002e30                TIM1_UP_TIM16_IRQHandler
                0x08002e30                ADC1_2_IRQHandler
                0x08002e30                SPI1_IRQHandler
                0x08002e30                TIM6_DAC_IRQHandler
                0x08002e30                TIM8_UP_IRQHandler
                0x08002e30                DMA2_Channel2_IRQHandler
                0x08002e30                DMA1_Channel4_IRQHandler
                0x08002e30                SAI2_IRQHandler
                0x08002e30                DFSDM1_FLT3_IRQHandler
                0x08002e30                USART3_IRQHandler
                0x08002e30                DMA1_Channel7_IRQHandler
                0x08002e30                CAN1_RX1_IRQHandler
                0x08002e30                LCD_IRQHandler
                0x08002e30                UART5_IRQHandler
                0x08002e30                ADC3_IRQHandler
                0x08002e30                TIM4_IRQHandler
                0x08002e30                DMA2_Channel1_IRQHandler
                0x08002e30                QUADSPI_IRQHandler
                0x08002e30                I2C1_EV_IRQHandler
                0x08002e30                DMA1_Channel6_IRQHandler
                0x08002e30                UART4_IRQHandler
                0x08002e30                DMA2_Channel4_IRQHandler
                0x08002e30                RCC_IRQHandler
                0x08002e30                DMA1_Channel1_IRQHandler
                0x08002e30                Default_Handler
                0x08002e30                DMA2_Channel7_IRQHandler
                0x08002e30                EXTI15_10_IRQHandler
                0x08002e30                TIM7_IRQHandler
                0x08002e30                SDMMC1_IRQHandler
                0x08002e30                TIM5_IRQHandler
                0x08002e30                I2C3_EV_IRQHandler
                0x08002e30                EXTI9_5_IRQHandler
                0x08002e30                RTC_WKUP_IRQHandler
                0x08002e30                PVD_PVM_IRQHandler
                0x08002e30                SPI2_IRQHandler
                0x08002e30                CAN1_TX_IRQHandler
                0x08002e30                DMA2_Channel5_IRQHandler
                0x08002e30                DMA1_Channel5_IRQHandler
                0x08002e30                EXTI4_IRQHandler
                0x08002e30                RNG_IRQHandler
                0x08002e30                TIM1_TRG_COM_TIM17_IRQHandler
                0x08002e30                DMA1_Channel3_IRQHandler
                0x08002e30                COMP_IRQHandler
                0x08002e30                WWDG_IRQHandler
                0x08002e30                LPUART1_IRQHandler
                0x08002e30                DMA2_Channel6_IRQHandler
                0x08002e30                TIM2_IRQHandler
                0x08002e30                EXTI1_IRQHandler
                0x08002e30                USART2_IRQHandler
                0x08002e30                DFSDM1_FLT0_IRQHandler
                0x08002e30                I2C2_ER_IRQHandler
                0x08002e30                DMA1_Channel2_IRQHandler
                0x08002e30                TIM8_BRK_IRQHandler
                0x08002e30                CAN1_SCE_IRQHandler
                0x08002e30                FLASH_IRQHandler
                0x08002e30                USART1_IRQHandler
                0x08002e30                OTG_FS_IRQHandler
                0x08002e30                SPI3_IRQHandler
                0x08002e30                I2C1_ER_IRQHandler
                0x08002e30                FMC_IRQHandler
                0x08002e30                SWPMI1_IRQHandler
                0x08002e30                LPTIM1_IRQHandler
                0x08002e30                SAI1_IRQHandler
                0x08002e30                DMA2_Channel3_IRQHandler
                0x08002e30                TIM1_BRK_TIM15_IRQHandler
 *fill*         0x08002e32        0x2 
 .text.snprintf
                0x08002e34       0x68 C:/ST/STM32CubeCLT_1.16.0/GNU-tools-for-STM32/bin/../lib/gcc/arm-none-eabi/12.3.1/../../../../arm-none-eabi/lib/thumb/v7e-m+fp/hard\libc_nano.a(libc_a-snprintf.o)
                0x08002e34                sniprintf
                0x08002e34                snprintf
 .text.memset   0x08002e9c       0x10 C:/ST/STM32CubeCLT_1.16.0/GNU-tools-for-STM32/bin/../lib/gcc/arm-none-eabi/12.3.1/../../../../arm-none-eabi/lib/thumb/v7e-m+fp/hard\libc_nano.a(libc_a-memset.o)
                0x08002e9c                memset
 .text.__errno  0x08002eac        0xc C:/ST/STM32CubeCLT_1.16.0/GNU-tools-for-STM32/bin/../lib/gcc/arm-none-eabi/12.3.1/../../../../arm-none-eabi/lib/thumb/v7e-m+fp/hard\libc_nano.a(libc_a-errno.o)
                0x08002eac                __errno
 .text.__libc_init_array
                0x08002eb8       0x48 C:/ST/STM32CubeCLT_1.16.0/GNU-tools-for-STM32/bin/../lib/gcc/arm-none-eabi/12.3.1/../../../../arm-none-eabi/lib/thumb/v7e-m+fp/hard\libc_nano.a(libc_a-init.o)
                0x08002eb8                __libc_init_array
 .text.__retarget_lock_acquire_recursive
                0x08002f00        0x2 C:/ST/STM32CubeCLT_1.16.0/GNU-tools-for-STM32/bin/../lib/gcc/arm-none-eabi/12.3.1/../../../../arm-none-eabi/lib/thumb/v7e-m+fp/hard\libc_nano.a(libc_a-lock.o)
                0x08002f00                __retarget_lock_acquire_recursive
 .text.__retarget_lock_release_recursive
                0x08002f02        0x2 C:/ST/STM32CubeCLT_1.16.0/GNU-tools-for-STM32/bin/../lib/gcc/arm-none-eabi/12.3.1/../../../../arm-none-eabi/lib/thumb/v7e-m+fp/hard\libc_nano.a(libc_a-lock.o)
                0x08002f02                __retarget_lock_release_recursive
 .text._free_r  0x08002f04       0x94 C:/ST/STM32CubeCLT_1.16.0/GNU-tools-for-STM32/bin/../lib/gcc/arm-none-eabi/12.3.1/../../../../arm-none-eabi/lib/thumb/v7e-m+fp/hard\libc_nano.a(libc_a-freer.o)
                0x08002f04                _free_r
 .text.sbrk_aligned
                0x08002f98       0x44 C:/ST/STM32CubeCLT_1.16.0/GNU-tools-for-STM32/bin/../lib/gcc/arm-none-eabi/12.3.1/../../../../arm-none-eabi/lib/thumb/v7e-m+fp/hard\libc_nano.a(libc_a-mallocr.o)
 .text._malloc_r
                0x08002fdc      0x100 C:/ST/STM32CubeCLT_1.16.0/GNU-tools-for-STM32/bin/../lib/gcc/arm-none-eabi/12.3.1/../../../../arm-none-eabi/lib/thumb/v7e-m+fp/hard\libc_nano.a(libc_a-mallocr.o)
                0x08002fdc                _malloc_r
 .text.__malloc_lock
                0x080030dc        0xc C:/ST/STM32CubeCLT_1.16.0/GNU-tools-for-STM32/bin/../lib/gcc/arm-none-eabi/12.3.1/../../../../arm-none-eabi/lib/thumb/v7e-m+fp/hard\libc_nano.a(libc_a-mlock.o)
                0x080030dc                __malloc_lock
 .text.__malloc_unlock
                0x080030e8        0xc C:/ST/STM32CubeCLT_1.16.0/GNU-tools-for-STM32/bin/../lib/gcc/arm-none-eabi/12.3.1/../../../../arm-none-eabi/lib/thumb/v7e-m+fp/hard\libc_nano.a(libc_a-mlock.o)
                0x080030e8                __malloc_unlock
 .text.__ssputs_r
                0x080030f4       0xb6 C:/ST/STM32CubeCLT_1.16.0/GNU-tools-for-STM32/bin/../lib/gcc/arm-none-eabi/12.3.1/../../../../arm-none-eabi/lib/thumb/v7e-m+fp/hard\libc_nano.a(libc_a-nano-svfprintf.o)
                0x080030f4                __ssputs_r
 *fill*         0x080031aa        0x2 
 .text._svfprintf_r
                0x080031ac      0x1f8 C:/ST/STM32CubeCLT_1.16.0/GNU-tools-for-STM32/bin/../lib/gcc/arm-none-eabi/12.3.1/../../../../arm-none-eabi/lib/thumb/v7e-m+fp/hard\libc_nano.a(libc_a-nano-svfprintf.o)
                0x080031ac                _svfiprintf_r
                0x080031ac                _svfprintf_r
 .text._printf_common
                0x080033a4       0xda C:/ST/STM32CubeCLT_1.16.0/GNU-tools-for-STM32/bin/../lib/gcc/arm-none-eabi/12.3.1/../../../../arm-none-eabi/lib/thumb/v7e-m+fp/hard\libc_nano.a(libc_a-nano-vfprintf_i.o)
                0x080033a4                _printf_common
 *fill*         0x0800347e        0x2 
 .text._printf_i
                0x08003480      0x240 C:/ST/STM32CubeCLT_1.16.0/GNU-tools-for-STM32/bin/../lib/gcc/arm-none-eabi/12.3.1/../../../../arm-none-eabi/lib/thumb/v7e-m+fp/hard\libc_nano.a(libc_a-nano-vfprintf_i.o)
                0x08003480                _printf_i
 .text.memmove  0x080036c0       0x34 C:/ST/STM32CubeCLT_1.16.0/GNU-tools-for-STM32/bin/../lib/gcc/arm-none-eabi/12.3.1/../../../../arm-none-eabi/lib/thumb/v7e-m+fp/hard\libc_nano.a(libc_a-memmove.o)
                0x080036c0                memmove
 .text._sbrk_r  0x080036f4       0x20 C:/ST/STM32CubeCLT_1.16.0/GNU-tools-for-STM32/bin/../lib/gcc/arm-none-eabi/12.3.1/../../../../arm-none-eabi/lib/thumb/v7e-m+fp/hard\libc_nano.a(libc_a-sbrkr.o)
                0x080036f4                _sbrk_r
 .text.memcpy   0x08003714       0x1c C:/ST/STM32CubeCLT_1.16.0/GNU-tools-for-STM32/bin/../lib/gcc/arm-none-eabi/12.3.1/../../../../arm-none-eabi/lib/thumb/v7e-m+fp/hard\libc_nano.a(libc_a-memcpy-stub.o)
                0x08003714                memcpy
 .text._realloc_r
                0x08003730       0x5c C:/ST/STM32CubeCLT_1.16.0/GNU-tools-for-STM32/bin/../lib/gcc/arm-none-eabi/12.3.1/../../../../arm-none-eabi/lib/thumb/v7e-m+fp/hard\libc_nano.a(libc_a-reallocr.o)
                0x08003730                _realloc_r
 .text._malloc_usable_size_r
                0x0800378c       0x10 C:/ST/STM32CubeCLT_1.16.0/GNU-tools-for-STM32/bin/../lib/gcc/arm-none-eabi/12.3.1/../../../../arm-none-eabi/lib/thumb/v7e-m+fp/hard\libc_nano.a(libc_a-msizer.o)
                0x0800378c                _malloc_usable_size_r
 *(.glue_7)
 .glue_7        0x0800379c        0x0 linker stubs
 *(.glue_7t)
 .glue_7t       0x0800379c        0x0 linker stubs
 *(.eh_frame)
 .eh_frame      0x0800379c        0x0 C:/ST/STM32CubeCLT_1.16.0/GNU-tools-for-STM32/bin/../lib/gcc/arm-none-eabi/12.3.1/thumb/v7e-m+fp/hard/crtbegin.o
 *(.init)
 .init          0x0800379c        0x4 C:/ST/STM32CubeCLT_1.16.0/GNU-tools-for-STM32/bin/../lib/gcc/arm-none-eabi/12.3.1/thumb/v7e-m+fp/hard/crti.o
                0x0800379c                _init
 .init          0x080037a0        0x8 C:/ST/STM32CubeCLT_1.16.0/GNU-tools-for-STM32/bin/../lib/gcc/arm-none-eabi/12.3.1/thumb/v7e-m+fp/hard/crtn.o
 *(.fini)
 .fini          0x080037a8        0x4 C:/ST/STM32CubeCLT_1.16.0/GNU-tools-for-STM32/bin/../lib/gcc/arm-none-eabi/12.3.1/thumb/v7e-m+fp/hard/crti.o
                0x080037a8                _fini
 .fini          0x080037ac        0x8 C:/ST/STM32CubeCLT_1.16.0/GNU-tools-for-STM32/bin/../lib/gcc/arm-none-eabi/12.3.1/thumb/v7e-m+fp/hard/crtn.o
                0x080037b8                        . = ALIGN (0x8)
 *fill*         0x080037b4        0x4 
                0x080037b8                        _etext = .

.vfp11_veneer   0x080037b8        0x0
 .vfp11_veneer  0x080037b8        0x0 linker stubs

.v4_bx          0x080037b8        0x0
 .v4_bx         0x080037b8        0x0 linker stubs

.iplt           0x080037b8        0x0
 .iplt          0x080037b8        0x0 C:/ST/STM32CubeCLT_1.16.0/GNU-tools-for-STM32/bin/../lib/gcc/arm-none-eabi/12.3.1/thumb/v7e-m+fp/hard/crtbegin.o

.rodata         0x080037b8       0x90
                0x080037b8                        . = ALIGN (0x8)
 *(.rodata)
 *(.rodata*)
 .rodata.main.str1.4
                0x080037b8        0xf build/main.o
 *fill*         0x080037c7        0x1 
 .rodata.MSIRangeTable
                0x080037c8       0x30 build/system_stm32l4xx.o
                0x080037c8                MSIRangeTable
 .rodata.APBPrescTable
                0x080037f8        0x8 build/system_stm32l4xx.o
                0x080037f8                APBPrescTable
 .rodata.AHBPrescTable
                0x08003800       0x10 build/system_stm32l4xx.o
                0x08003800                AHBPrescTable
 .rodata._svfprintf_r.str1.1
                0x08003810       0x11 C:/ST/STM32CubeCLT_1.16.0/GNU-tools-for-STM32/bin/../lib/gcc/arm-none-eabi/12.3.1/../../../../arm-none-eabi/lib/thumb/v7e-m+fp/hard\libc_nano.a(libc_a-nano-svfprintf.o)
 .rodata._printf_i.str1.1
                0x08003821       0x22 C:/ST/STM32CubeCLT_1.16.0/GNU-tools-for-STM32/bin/../lib/gcc/arm-none-eabi/12.3.1/../../../../arm-none-eabi/lib/thumb/v7e-m+fp/hard\libc_nano.a(libc_a-nano-vfprintf_i.o)
                0x08003848                        . = ALIGN (0x8)
 *fill*         0x08003843        0x5 

.ARM.extab      0x08003848        0x0
                0x08003848                        . = ALIGN (0x8)
 *(.ARM.extab* .gnu.linkonce.armextab.*)
                0x08003848                        . = ALIGN (0x8)

.ARM            0x08003848        0x8
                0x08003848                        . = ALIGN (0x8)
                0x08003848                        __exidx_start = .
 *(.ARM.exidx*)
 .ARM.exidx     0x08003848        0x8 C:/ST/STM32CubeCLT_1.16.0/GNU-tools-for-STM32/bin/../lib/gcc/arm-none-eabi/12.3.1/../../../../arm-none-eabi/lib/thumb/v7e-m+fp/hard\libc_nano.a(libc_a-memchr.o)
 .ARM.exidx     0x08003850        0x0 C:/ST/STM32CubeCLT_1.16.0/GNU-tools-for-STM32/bin/../lib/gcc/arm-none-eabi/12.3.1/thumb/v7e-m+fp/hard\libgcc.a(_udivmoddi4.o)
                                  0x8 (size before relaxing)
                0x08003850                        __exidx_end = .
                0x08003850                        . = ALIGN (0x8)

.rel.dyn        0x08003850        0x0
 .rel.iplt      0x08003850        0x0 C:/ST/STM32CubeCLT_1.16.0/GNU-tools-for-STM32/bin/../lib/gcc/arm-none-eabi/12.3.1/thumb/v7e-m+fp/hard/crtbegin.o

.preinit_array  0x08003850        0x0
                0x08003850                        . = ALIGN (0x8)
                0x08003850                        PROVIDE (__preinit_array_start = .)
 *(.preinit_array*)
                0x08003850                        PROVIDE (__preinit_array_end = .)
                0x08003850                        . = ALIGN (0x8)

.init_array     0x08003850        0x8
                0x08003850                        . = ALIGN (0x8)
                0x08003850                        PROVIDE (__init_array_start = .)
 *(SORT_BY_NAME(.init_array.*))
 *(.init_array*)
 .init_array    0x08003850        0x4 C:/ST/STM32CubeCLT_1.16.0/GNU-tools-for-STM32/bin/../lib/gcc/arm-none-eabi/12.3.1/thumb/v7e-m+fp/hard/crtbegin.o
                0x08003854                        PROVIDE (__init_array_end = .)
                0x08003858                        . = ALIGN (0x8)
 *fill*         0x08003854        0x4 

.fini_array     0x08003858        0x8
                0x08003858                        . = ALIGN (0x8)
                [!provide]                        PROVIDE (__fini_array_start = .)
 *(SORT_BY_NAME(.fini_array.*))
 *(.fini_array*)
 .fini_array    0x08003858        0x4 C:/ST/STM32CubeCLT_1.16.0/GNU-tools-for-STM32/bin/../lib/gcc/arm-none-eabi/12.3.1/thumb/v7e-m+fp/hard/crtbegin.o
                [!provide]                        PROVIDE (__fini_array_end = .)
                0x08003860                        . = ALIGN (0x8)
 *fill*         0x0800385c        0x4 
                0x08003860                        _sidata = LOADADDR (.data)

.data           0x20000000       0x60 load address 0x08003860
                0x20000000                        . = ALIGN (0x8)
                0x20000000                        _sdata = .
 *(.data)
 *(.data*)
 .data.uwTickFreq
                0x20000000        0x1 build/stm32l4xx_hal.o
                0x20000000                uwTickFreq
 *fill*         0x20000001        0x3 
 .data.uwTickPrio
                0x20000004        0x4 build/stm32l4xx_hal.o
                0x20000004                uwTickPrio
 .data.SystemCoreClock
                0x20000008        0x4 build/system_stm32l4xx.o
                0x20000008                SystemCoreClock
 .data._impure_ptr
                0x2000000c        0x4 C:/ST/STM32CubeCLT_1.16.0/GNU-tools-for-STM32/bin/../lib/gcc/arm-none-eabi/12.3.1/../../../../arm-none-eabi/lib/thumb/v7e-m+fp/hard\libc_nano.a(libc_a-impure.o)
                0x2000000c                _impure_ptr
 .data._impure_data
                0x20000010       0x4c C:/ST/STM32CubeCLT_1.16.0/GNU-tools-for-STM32/bin/../lib/gcc/arm-none-eabi/12.3.1/../../../../arm-none-eabi/lib/thumb/v7e-m+fp/hard\libc_nano.a(libc_a-impure.o)
                0x20000010                _impure_data
                0x20000060                        . = ALIGN (0x8)
 *fill*         0x2000005c        0x4 
                0x20000060                        _edata = .

.igot.plt       0x20000060        0x0 load address 0x080038c0
 .igot.plt      0x20000060        0x0 C:/ST/STM32CubeCLT_1.16.0/GNU-tools-for-STM32/bin/../lib/gcc/arm-none-eabi/12.3.1/thumb/v7e-m+fp/hard/crtbegin.o
                0x20000060                        . = ALIGN (0x4)

.bss            0x20000060      0x32c load address 0x080038c0
                0x20000060                        _sbss = .
                0x20000060                        __bss_start__ = _sbss
 *(.bss)
 .bss           0x20000060       0x1c C:/ST/STM32CubeCLT_1.16.0/GNU-tools-for-STM32/bin/../lib/gcc/arm-none-eabi/12.3.1/thumb/v7e-m+fp/hard/crtbegin.o
 *(.bss*)
 .bss.huart3    0x2000007c       0x88 build/main.o
                0x2000007c                huart3
 .bss.huart2    0x20000104       0x88 build/main.o
                0x20000104                huart2
 .bss.htim3     0x2000018c       0x4c build/main.o
                0x2000018c                htim3
 .bss.hrng      0x200001d8       0x10 build/main.o
                0x200001d8                hrng
 .bss.hi2c3     0x200001e8       0x54 build/main.o
                0x200001e8                hi2c3
 .bss.__sbrk_heap_end
                0x2000023c        0x4 build/sysmem.o
 .bss.uwTick    0x20000240        0x4 build/stm32l4xx_hal.o
                0x20000240                uwTick
 .bss.__sf      0x20000244      0x138 C:/ST/STM32CubeCLT_1.16.0/GNU-tools-for-STM32/bin/../lib/gcc/arm-none-eabi/12.3.1/../../../../arm-none-eabi/lib/thumb/v7e-m+fp/hard\libc_nano.a(libc_a-findfp.o)
                0x20000244                __sf
 .bss.errno     0x2000037c        0x4 C:/ST/STM32CubeCLT_1.16.0/GNU-tools-for-STM32/bin/../lib/gcc/arm-none-eabi/12.3.1/../../../../arm-none-eabi/lib/thumb/v7e-m+fp/hard\libc_nano.a(libc_a-reent.o)
                0x2000037c                errno
 .bss.__lock___malloc_recursive_mutex
                0x20000380        0x1 C:/ST/STM32CubeCLT_1.16.0/GNU-tools-for-STM32/bin/../lib/gcc/arm-none-eabi/12.3.1/../../../../arm-none-eabi/lib/thumb/v7e-m+fp/hard\libc_nano.a(libc_a-lock.o)
                0x20000380                __lock___malloc_recursive_mutex
 *fill*         0x20000381        0x3 
 .bss.__malloc_sbrk_start
                0x20000384        0x4 C:/ST/STM32CubeCLT_1.16.0/GNU-tools-for-STM32/bin/../lib/gcc/arm-none-eabi/12.3.1/../../../../arm-none-eabi/lib/thumb/v7e-m+fp/hard\libc_nano.a(libc_a-mallocr.o)
                0x20000384                __malloc_sbrk_start
 .bss.__malloc_free_list
                0x20000388        0x4 C:/ST/STM32CubeCLT_1.16.0/GNU-tools-for-STM32/bin/../lib/gcc/arm-none-eabi/12.3.1/../../../../arm-none-eabi/lib/thumb/v7e-m+fp/hard\libc_nano.a(libc_a-mallocr.o)
                0x20000388                __malloc_free_list
 *(COMMON)
                0x2000038c                        . = ALIGN (0x4)
                0x2000038c                        _ebss = .
                0x2000038c                        __bss_end__ = _ebss

._user_heap_stack
                0x2000038c      0x604 load address 0x080038c0
                0x20000390                        . = ALIGN (0x8)
 *fill*         0x2000038c        0x4 
                [!provide]                        PROVIDE (end = .)
                0x20000390                        PROVIDE (_end = .)
                0x20000590                        . = (. + _Min_Heap_Size)
 *fill*         0x20000390      0x200 
                0x20000990                        . = (. + _Min_Stack_Size)
 *fill*         0x20000590      0x400 
                0x20000990                        . = ALIGN (0x8)

/DISCARD/
 libc.a(*)
 libm.a(*)
 libgcc.a(*)

.ARM.attributes
                0x00000000       0x30
 *(.ARM.attributes)
 .ARM.attributes
                0x00000000       0x22 C:/ST/STM32CubeCLT_1.16.0/GNU-tools-for-STM32/bin/../lib/gcc/arm-none-eabi/12.3.1/thumb/v7e-m+fp/hard/crti.o
 .ARM.attributes
                0x00000022       0x34 C:/ST/STM32CubeCLT_1.16.0/GNU-tools-for-STM32/bin/../lib/gcc/arm-none-eabi/12.3.1/thumb/v7e-m+fp/hard/crtbegin.o
 .ARM.attributes
                0x00000056       0x34 build/main.o
 .ARM.attributes
                0x0000008a       0x34 build/stm32l4xx_it.o
 .ARM.attributes
                0x000000be       0x34 build/stm32l4xx_hal_msp.o
 .ARM.attributes
                0x000000f2       0x34 build/sysmem.o
 .ARM.attributes
                0x00000126       0x34 build/stm32l4xx_hal_i2c.o
 .ARM.attributes
                0x0000015a       0x34 build/stm32l4xx_hal_i2c_ex.o
 .ARM.attributes
                0x0000018e       0x34 build/stm32l4xx_hal.o
 .ARM.attributes
                0x000001c2       0x34 build/stm32l4xx_hal_rcc.o
 .ARM.attributes
                0x000001f6       0x34 build/stm32l4xx_hal_rcc_ex.o
 .ARM.attributes
                0x0000022a       0x34 build/stm32l4xx_hal_gpio.o
 .ARM.attributes
                0x0000025e       0x34 build/stm32l4xx_hal_pwr_ex.o
 .ARM.attributes
                0x00000292       0x34 build/stm32l4xx_hal_cortex.o
 .ARM.attributes
                0x000002c6       0x34 build/stm32l4xx_hal_rng.o
 .ARM.attributes
                0x000002fa       0x34 build/stm32l4xx_hal_tim.o
 .ARM.attributes
                0x0000032e       0x34 build/stm32l4xx_hal_tim_ex.o
 .ARM.attributes
                0x00000362       0x34 build/stm32l4xx_hal_uart.o
 .ARM.attributes
                0x00000396       0x34 build/system_stm32l4xx.o
 .ARM.attributes
                0x000003ca       0x21 build/startup_stm32l476xx.o
 .ARM.attributes
                0x000003eb       0x34 C:/ST/STM32CubeCLT_1.16.0/GNU-tools-for-STM32/bin/../lib/gcc/arm-none-eabi/12.3.1/../../../../arm-none-eabi/lib/thumb/v7e-m+fp/hard\libc_nano.a(libc_a-findfp.o)
 .ARM.attributes
                0x0000041f       0x34 C:/ST/STM32CubeCLT_1.16.0/GNU-tools-for-STM32/bin/../lib/gcc/arm-none-eabi/12.3.1/../../../../arm-none-eabi/lib/thumb/v7e-m+fp/hard\libc_nano.a(libc_a-snprintf.o)
 .ARM.attributes
                0x00000453       0x34 C:/ST/STM32CubeCLT_1.16.0/GNU-tools-for-STM32/bin/../lib/gcc/arm-none-eabi/12.3.1/../../../../arm-none-eabi/lib/thumb/v7e-m+fp/hard\libc_nano.a(libc_a-memset.o)
 .ARM.attributes
                0x00000487       0x34 C:/ST/STM32CubeCLT_1.16.0/GNU-tools-for-STM32/bin/../lib/gcc/arm-none-eabi/12.3.1/../../../../arm-none-eabi/lib/thumb/v7e-m+fp/hard\libc_nano.a(libc_a-reent.o)
 .ARM.attributes
                0x000004bb       0x34 C:/ST/STM32CubeCLT_1.16.0/GNU-tools-for-STM32/bin/../lib/gcc/arm-none-eabi/12.3.1/../../../../arm-none-eabi/lib/thumb/v7e-m+fp/hard\libc_nano.a(libc_a-impure.o)
 .ARM.attributes
                0x000004ef       0x34 C:/ST/STM32CubeCLT_1.16.0/GNU-tools-for-STM32/bin/../lib/gcc/arm-none-eabi/12.3.1/../../../../arm-none-eabi/lib/thumb/v7e-m+fp/hard\libc_nano.a(libc_a-errno.o)
 .ARM.attributes
                0x00000523       0x34 C:/ST/STM32CubeCLT_1.16.0/GNU-tools-for-STM32/bin/../lib/gcc/arm-none-eabi/12.3.1/../../../../arm-none-eabi/lib/thumb/v7e-m+fp/hard\libc_nano.a(libc_a-init.o)
 .ARM.attributes
                0x00000557       0x34 C:/ST/STM32CubeCLT_1.16.0/GNU-tools-for-STM32/bin/../lib/gcc/arm-none-eabi/12.3.1/../../../../arm-none-eabi/lib/thumb/v7e-m+fp/hard\libc_nano.a(libc_a-lock.o)
 .ARM.attributes
                0x0000058b       0x34 C:/ST/STM32CubeCLT_1.16.0/GNU-tools-for-STM32/bin/../lib/gcc/arm-none-eabi/12.3.1/../../../../arm-none-eabi/lib/thumb/v7e-m+fp/hard\libc_nano.a(libc_a-freer.o)
 .ARM.attributes
                0x000005bf       0x34 C:/ST/STM32CubeCLT_1.16.0/GNU-tools-for-STM32/bin/../lib/gcc/arm-none-eabi/12.3.1/../../../../arm-none-eabi/lib/thumb/v7e-m+fp/hard\libc_nano.a(libc_a-mallocr.o)
 .ARM.attributes
                0x000005f3       0x34 C:/ST/STM32CubeCLT_1.16.0/GNU-tools-for-STM32/bin/../lib/gcc/arm-none-eabi/12.3.1/../../../../arm-none-eabi/lib/thumb/v7e-m+fp/hard\libc_nano.a(libc_a-mlock.o)
 .ARM.attributes
                0x00000627       0x34 C:/ST/STM32CubeCLT_1.16.0/GNU-tools-for-STM32/bin/../lib/gcc/arm-none-eabi/12.3.1/../../../../arm-none-eabi/lib/thumb/v7e-m+fp/hard\libc_nano.a(libc_a-nano-svfprintf.o)
 .ARM.attributes
                0x0000065b       0x34 C:/ST/STM32CubeCLT_1.16.0/GNU-tools-for-STM32/bin/../lib/gcc/arm-none-eabi/12.3.1/../../../../arm-none-eabi/lib/thumb/v7e-m+fp/hard\libc_nano.a(libc_a-nano-vfprintf_i.o)
 .ARM.attributes
                0x0000068f       0x34 C:/ST/STM32CubeCLT_1.16.0/GNU-tools-for-STM32/bin/../lib/gcc/arm-none-eabi/12.3.1/../../../../arm-none-eabi/lib/thumb/v7e-m+fp/hard\libc_nano.a(libc_a-memmove.o)
 .ARM.attributes
                0x000006c3       0x34 C:/ST/STM32CubeCLT_1.16.0/GNU-tools-for-STM32/bin/../lib/gcc/arm-none-eabi/12.3.1/../../../../arm-none-eabi/lib/thumb/v7e-m+fp/hard\libc_nano.a(libc_a-sbrkr.o)
 .ARM.attributes
                0x000006f7       0x1c C:/ST/STM32CubeCLT_1.16.0/GNU-tools-for-STM32/bin/../lib/gcc/arm-none-eabi/12.3.1/../../../../arm-none-eabi/lib/thumb/v7e-m+fp/hard\libc_nano.a(libc_a-memchr.o)
 .ARM.attributes
                0x00000713       0x34 C:/ST/STM32CubeCLT_1.16.0/GNU-tools-for-STM32/bin/../lib/gcc/arm-none-eabi/12.3.1/../../../../arm-none-eabi/lib/thumb/v7e-m+fp/hard\libc_nano.a(libc_a-memcpy-stub.o)
 .ARM.attributes
                0x00000747       0x34 C:/ST/STM32CubeCLT_1.16.0/GNU-tools-for-STM32/bin/../lib/gcc/arm-none-eabi/12.3.1/../../../../arm-none-eabi/lib/thumb/v7e-m+fp/hard\libc_nano.a(libc_a-reallocr.o)
 .ARM.attributes
                0x0000077b       0x34 C:/ST/STM32CubeCLT_1.16.0/GNU-tools-for-STM32/bin/../lib/gcc/arm-none-eabi/12.3.1/../../../../arm-none-eabi/lib/thumb/v7e-m+fp/hard\libc_nano.a(libc_a-msizer.o)
 .ARM.attributes
                0x000007af       0x22 C:/ST/STM32CubeCLT_1.16.0/GNU-tools-for-STM32/bin/../lib/gcc/arm-none-eabi/12.3.1/thumb/v7e-m+fp/hard\libgcc.a(_aeabi_uldivmod.o)
 .ARM.attributes
                0x000007d1       0x34 C:/ST/STM32CubeCLT_1.16.0/GNU-tools-for-STM32/bin/../lib/gcc/arm-none-eabi/12.3.1/thumb/v7e-m+fp/hard\libgcc.a(_udivmoddi4.o)
 .ARM.attributes
                0x00000805       0x22 C:/ST/STM32CubeCLT_1.16.0/GNU-tools-for-STM32/bin/../lib/gcc/arm-none-eabi/12.3.1/thumb/v7e-m+fp/hard\libgcc.a(_dvmd_tls.o)
 .ARM.attributes
                0x00000827       0x22 C:/ST/STM32CubeCLT_1.16.0/GNU-tools-for-STM32/bin/../lib/gcc/arm-none-eabi/12.3.1/thumb/v7e-m+fp/hard/crtn.o
OUTPUT(build/NUCLEO_L476RG.elf elf32-littlearm)
LOAD linker stubs
LOAD C:/ST/STM32CubeCLT_1.16.0/GNU-tools-for-STM32/bin/../lib/gcc/arm-none-eabi/12.3.1/../../../../arm-none-eabi/lib/thumb/v7e-m+fp/hard\libc.a
LOAD C:/ST/STM32CubeCLT_1.16.0/GNU-tools-for-STM32/bin/../lib/gcc/arm-none-eabi/12.3.1/../../../../arm-none-eabi/lib/thumb/v7e-m+fp/hard\libm.a
LOAD C:/ST/STM32CubeCLT_1.16.0/GNU-tools-for-STM32/bin/../lib/gcc/arm-none-eabi/12.3.1/thumb/v7e-m+fp/hard\libgcc.a

.debug_info     0x00000000    0x1b550
 .debug_info    0x00000000     0x1fd4 build/main.o
 .debug_info    0x00001fd4      0x839 build/stm32l4xx_it.o
 .debug_info    0x0000280d     0x1dec build/stm32l4xx_hal_msp.o
 .debug_info    0x000045f9      0x18c build/sysmem.o
 .debug_info    0x00004785     0x45ae build/stm32l4xx_hal_i2c.o
 .debug_info    0x00008d33      0xb5e build/stm32l4xx_hal_i2c_ex.o
 .debug_info    0x00009891      0xe51 build/stm32l4xx_hal.o
 .debug_info    0x0000a6e2     0x10ad build/stm32l4xx_hal_rcc.o
 .debug_info    0x0000b78f     0x13ed build/stm32l4xx_hal_rcc_ex.o
 .debug_info    0x0000cb7c      0x91b build/stm32l4xx_hal_gpio.o
 .debug_info    0x0000d497      0xbc9 build/stm32l4xx_hal_pwr_ex.o
 .debug_info    0x0000e060     0x115a build/stm32l4xx_hal_cortex.o
 .debug_info    0x0000f1ba      0x60b build/stm32l4xx_hal_rng.o
 .debug_info    0x0000f7c5     0x4220 build/stm32l4xx_hal_tim.o
 .debug_info    0x000139e5     0x1fb8 build/stm32l4xx_hal_tim_ex.o
 .debug_info    0x0001599d     0x550c build/stm32l4xx_hal_uart.o
 .debug_info    0x0001aea9      0x677 build/system_stm32l4xx.o
 .debug_info    0x0001b520       0x30 build/startup_stm32l476xx.o

.debug_abbrev   0x00000000     0x2940
 .debug_abbrev  0x00000000      0x36b build/main.o
 .debug_abbrev  0x0000036b      0x190 build/stm32l4xx_it.o
 .debug_abbrev  0x000004fb      0x283 build/stm32l4xx_hal_msp.o
 .debug_abbrev  0x0000077e       0xeb build/sysmem.o
 .debug_abbrev  0x00000869      0x2e4 build/stm32l4xx_hal_i2c.o
 .debug_abbrev  0x00000b4d      0x1b5 build/stm32l4xx_hal_i2c_ex.o
 .debug_abbrev  0x00000d02      0x284 build/stm32l4xx_hal.o
 .debug_abbrev  0x00000f86      0x2de build/stm32l4xx_hal_rcc.o
 .debug_abbrev  0x00001264      0x2de build/stm32l4xx_hal_rcc_ex.o
 .debug_abbrev  0x00001542      0x222 build/stm32l4xx_hal_gpio.o
 .debug_abbrev  0x00001764      0x233 build/stm32l4xx_hal_pwr_ex.o
 .debug_abbrev  0x00001997      0x3d3 build/stm32l4xx_hal_cortex.o
 .debug_abbrev  0x00001d6a      0x1fb build/stm32l4xx_hal_rng.o
 .debug_abbrev  0x00001f65      0x2bd build/stm32l4xx_hal_tim.o
 .debug_abbrev  0x00002222      0x2b7 build/stm32l4xx_hal_tim_ex.o
 .debug_abbrev  0x000024d9      0x32f build/stm32l4xx_hal_uart.o
 .debug_abbrev  0x00002808      0x11b build/system_stm32l4xx.o
 .debug_abbrev  0x00002923       0x1d build/startup_stm32l476xx.o

.debug_loc      0x00000000    0x1829b
 .debug_loc     0x00000000      0x2b6 build/main.o
 .debug_loc     0x000002b6       0x40 build/stm32l4xx_it.o
 .debug_loc     0x000002f6      0x35b build/stm32l4xx_hal_msp.o
 .debug_loc     0x00000651       0x84 build/sysmem.o
 .debug_loc     0x000006d5     0x5a59 build/stm32l4xx_hal_i2c.o
 .debug_loc     0x0000612e      0x237 build/stm32l4xx_hal_i2c_ex.o
 .debug_loc     0x00006365      0x2af build/stm32l4xx_hal.o
 .debug_loc     0x00006614      0x9ac build/stm32l4xx_hal_rcc.o
 .debug_loc     0x00006fc0     0x1ca4 build/stm32l4xx_hal_rcc_ex.o
 .debug_loc     0x00008c64      0x489 build/stm32l4xx_hal_gpio.o
 .debug_loc     0x000090ed      0x8e8 build/stm32l4xx_hal_pwr_ex.o
 .debug_loc     0x000099d5      0x7c7 build/stm32l4xx_hal_cortex.o
 .debug_loc     0x0000a19c      0x4e0 build/stm32l4xx_hal_rng.o
 .debug_loc     0x0000a67c     0x6108 build/stm32l4xx_hal_tim.o
 .debug_loc     0x00010784     0x2897 build/stm32l4xx_hal_tim_ex.o
 .debug_loc     0x0001301b     0x5159 build/stm32l4xx_hal_uart.o
 .debug_loc     0x00018174      0x127 build/system_stm32l4xx.o

.debug_aranges  0x00000000     0x11d8
 .debug_aranges
                0x00000000       0x90 build/main.o
 .debug_aranges
                0x00000090       0x68 build/stm32l4xx_it.o
 .debug_aranges
                0x000000f8       0x60 build/stm32l4xx_hal_msp.o
 .debug_aranges
                0x00000158       0x20 build/sysmem.o
 .debug_aranges
                0x00000178      0x2a0 build/stm32l4xx_hal_i2c.o
 .debug_aranges
                0x00000418       0x48 build/stm32l4xx_hal_i2c_ex.o
 .debug_aranges
                0x00000460      0x130 build/stm32l4xx_hal.o
 .debug_aranges
                0x00000590       0x90 build/stm32l4xx_hal_rcc.o
 .debug_aranges
                0x00000620       0xc0 build/stm32l4xx_hal_rcc_ex.o
 .debug_aranges
                0x000006e0       0x58 build/stm32l4xx_hal_gpio.o
 .debug_aranges
                0x00000738      0x160 build/stm32l4xx_hal_pwr_ex.o
 .debug_aranges
                0x00000898       0xe0 build/stm32l4xx_hal_cortex.o
 .debug_aranges
                0x00000978       0x88 build/stm32l4xx_hal_rng.o
 .debug_aranges
                0x00000a00      0x3e0 build/stm32l4xx_hal_tim.o
 .debug_aranges
                0x00000de0      0x180 build/stm32l4xx_hal_tim_ex.o
 .debug_aranges
                0x00000f60      0x228 build/stm32l4xx_hal_uart.o
 .debug_aranges
                0x00001188       0x28 build/system_stm32l4xx.o
 .debug_aranges
                0x000011b0       0x28 build/startup_stm32l476xx.o

.debug_ranges   0x00000000     0x1108
 .debug_ranges  0x00000000       0x80 build/main.o
 .debug_ranges  0x00000080       0x58 build/stm32l4xx_it.o
 .debug_ranges  0x000000d8       0x50 build/stm32l4xx_hal_msp.o
 .debug_ranges  0x00000128       0x10 build/sysmem.o
 .debug_ranges  0x00000138      0x290 build/stm32l4xx_hal_i2c.o
 .debug_ranges  0x000003c8       0x38 build/stm32l4xx_hal_i2c_ex.o
 .debug_ranges  0x00000400      0x120 build/stm32l4xx_hal.o
 .debug_ranges  0x00000520       0x98 build/stm32l4xx_hal_rcc.o
 .debug_ranges  0x000005b8       0xc8 build/stm32l4xx_hal_rcc_ex.o
 .debug_ranges  0x00000680       0x48 build/stm32l4xx_hal_gpio.o
 .debug_ranges  0x000006c8      0x150 build/stm32l4xx_hal_pwr_ex.o
 .debug_ranges  0x00000818       0xd0 build/stm32l4xx_hal_cortex.o
 .debug_ranges  0x000008e8       0x78 build/stm32l4xx_hal_rng.o
 .debug_ranges  0x00000960      0x3d0 build/stm32l4xx_hal_tim.o
 .debug_ranges  0x00000d30      0x170 build/stm32l4xx_hal_tim_ex.o
 .debug_ranges  0x00000ea0      0x230 build/stm32l4xx_hal_uart.o
 .debug_ranges  0x000010d0       0x18 build/system_stm32l4xx.o
 .debug_ranges  0x000010e8       0x20 build/startup_stm32l476xx.o

.debug_line     0x00000000    0x17d59
 .debug_line    0x00000000      0x8c4 build/main.o
 .debug_line    0x000008c4      0x325 build/stm32l4xx_it.o
 .debug_line    0x00000be9      0x605 build/stm32l4xx_hal_msp.o
 .debug_line    0x000011ee      0x21a build/sysmem.o
 .debug_line    0x00001408     0x5284 build/stm32l4xx_hal_i2c.o
 .debug_line    0x0000668c      0x547 build/stm32l4xx_hal_i2c_ex.o
 .debug_line    0x00006bd3      0x6ef build/stm32l4xx_hal.o
 .debug_line    0x000072c2      0xf45 build/stm32l4xx_hal_rcc.o
 .debug_line    0x00008207     0x156d build/stm32l4xx_hal_rcc_ex.o
 .debug_line    0x00009774      0x737 build/stm32l4xx_hal_gpio.o
 .debug_line    0x00009eab      0xae6 build/stm32l4xx_hal_pwr_ex.o
 .debug_line    0x0000a991      0x868 build/stm32l4xx_hal_cortex.o
 .debug_line    0x0000b1f9      0x677 build/stm32l4xx_hal_rng.o
 .debug_line    0x0000b870     0x4f48 build/stm32l4xx_hal_tim.o
 .debug_line    0x000107b8     0x2033 build/stm32l4xx_hal_tim_ex.o
 .debug_line    0x000127eb     0x520d build/stm32l4xx_hal_uart.o
 .debug_line    0x000179f8      0x2eb build/system_stm32l4xx.o
 .debug_line    0x00017ce3       0x76 build/startup_stm32l476xx.o

.debug_str      0x00000000     0x58a2
 .debug_str     0x00000000     0x1220 build/main.o
                               0x1363 (size before relaxing)
 .debug_str     0x00001220       0xd7 build/stm32l4xx_it.o
                                0x73f (size before relaxing)
 .debug_str     0x000012f7      0x89d build/stm32l4xx_hal_msp.o
                               0x16de (size before relaxing)
 .debug_str     0x00001b94       0x7a build/sysmem.o
                                0x1fa (size before relaxing)
 .debug_str     0x00001c0e      0x8f0 build/stm32l4xx_hal_i2c.o
                                0xfbc (size before relaxing)
 .debug_str     0x000024fe       0xe8 build/stm32l4xx_hal_i2c_ex.o
                                0x8e5 (size before relaxing)
 .debug_str     0x000025e6      0x4b5 build/stm32l4xx_hal.o
                                0xd39 (size before relaxing)
 .debug_str     0x00002a9b      0x2a5 build/stm32l4xx_hal_rcc.o
                                0x871 (size before relaxing)
 .debug_str     0x00002d40      0x33b build/stm32l4xx_hal_rcc_ex.o
                                0xa90 (size before relaxing)
 .debug_str     0x0000307b       0xb4 build/stm32l4xx_hal_gpio.o
                                0x515 (size before relaxing)
 .debug_str     0x0000312f      0x537 build/stm32l4xx_hal_pwr_ex.o
                                0x824 (size before relaxing)
 .debug_str     0x00003666      0x41a build/stm32l4xx_hal_cortex.o
                                0xbf5 (size before relaxing)
 .debug_str     0x00003a80      0x150 build/stm32l4xx_hal_rng.o
                                0x435 (size before relaxing)
 .debug_str     0x00003bd0      0xed4 build/stm32l4xx_hal_tim.o
                               0x16ee (size before relaxing)
 .debug_str     0x00004aa4      0x5e0 build/stm32l4xx_hal_tim_ex.o
                               0x1002 (size before relaxing)
 .debug_str     0x00005084      0x7af build/stm32l4xx_hal_uart.o
                                0xfe9 (size before relaxing)
 .debug_str     0x00005833       0x3d build/system_stm32l4xx.o
                                0x3ae (size before relaxing)
 .debug_str     0x00005870       0x32 build/startup_stm32l476xx.o
                                 0x57 (size before relaxing)

.comment        0x00000000       0x43
 .comment       0x00000000       0x43 build/main.o
                                 0x44 (size before relaxing)
 .comment       0x00000043       0x44 build/stm32l4xx_it.o
 .comment       0x00000043       0x44 build/stm32l4xx_hal_msp.o
 .comment       0x00000043       0x44 build/sysmem.o
 .comment       0x00000043       0x44 build/stm32l4xx_hal_i2c.o
 .comment       0x00000043       0x44 build/stm32l4xx_hal_i2c_ex.o
 .comment       0x00000043       0x44 build/stm32l4xx_hal.o
 .comment       0x00000043       0x44 build/stm32l4xx_hal_rcc.o
 .comment       0x00000043       0x44 build/stm32l4xx_hal_rcc_ex.o
 .comment       0x00000043       0x44 build/stm32l4xx_hal_gpio.o
 .comment       0x00000043       0x44 build/stm32l4xx_hal_pwr_ex.o
 .comment       0x00000043       0x44 build/stm32l4xx_hal_cortex.o
 .comment       0x00000043       0x44 build/stm32l4xx_hal_rng.o
 .comment       0x00000043       0x44 build/stm32l4xx_hal_tim.o
 .comment       0x00000043       0x44 build/stm32l4xx_hal_tim_ex.o
 .comment       0x00000043       0x44 build/stm32l4xx_hal_uart.o
 .comment       0x00000043       0x44 build/system_stm32l4xx.o

.debug_frame    0x00000000     0x3618
 .debug_frame   0x00000000      0x188 build/main.o
 .debug_frame   0x00000188       0xc0 build/stm32l4xx_it.o
 .debug_frame   0x00000248      0x10c build/stm32l4xx_hal_msp.o
 .debug_frame   0x00000354       0x28 build/sysmem.o
 .debug_frame   0x0000037c      0x984 build/stm32l4xx_hal_i2c.o
 .debug_frame   0x00000d00       0x80 build/stm32l4xx_hal_i2c_ex.o
 .debug_frame   0x00000d80      0x274 build/stm32l4xx_hal.o
 .debug_frame   0x00000ff4      0x19c build/stm32l4xx_hal_rcc.o
 .debug_frame   0x00001190      0x204 build/stm32l4xx_hal_rcc_ex.o
 .debug_frame   0x00001394       0xd0 build/stm32l4xx_hal_gpio.o
 .debug_frame   0x00001464      0x2b8 build/stm32l4xx_hal_pwr_ex.o
 .debug_frame   0x0000171c      0x1e4 build/stm32l4xx_hal_cortex.o
 .debug_frame   0x00001900      0x130 build/stm32l4xx_hal_rng.o
 .debug_frame   0x00001a30      0xb54 build/stm32l4xx_hal_tim.o
 .debug_frame   0x00002584      0x470 build/stm32l4xx_hal_tim_ex.o
 .debug_frame   0x000029f4      0x600 build/stm32l4xx_hal_uart.o
 .debug_frame   0x00002ff4       0x30 build/system_stm32l4xx.o
 .debug_frame   0x00003024      0x144 C:/ST/STM32CubeCLT_1.16.0/GNU-tools-for-STM32/bin/../lib/gcc/arm-none-eabi/12.3.1/../../../../arm-none-eabi/lib/thumb/v7e-m+fp/hard\libc_nano.a(libc_a-findfp.o)
 .debug_frame   0x00003168       0x7c C:/ST/STM32CubeCLT_1.16.0/GNU-tools-for-STM32/bin/../lib/gcc/arm-none-eabi/12.3.1/../../../../arm-none-eabi/lib/thumb/v7e-m+fp/hard\libc_nano.a(libc_a-snprintf.o)
 .debug_frame   0x000031e4       0x20 C:/ST/STM32CubeCLT_1.16.0/GNU-tools-for-STM32/bin/../lib/gcc/arm-none-eabi/12.3.1/../../../../arm-none-eabi/lib/thumb/v7e-m+fp/hard\libc_nano.a(libc_a-memset.o)
 .debug_frame   0x00003204       0x38 C:/ST/STM32CubeCLT_1.16.0/GNU-tools-for-STM32/bin/../lib/gcc/arm-none-eabi/12.3.1/../../../../arm-none-eabi/lib/thumb/v7e-m+fp/hard\libc_nano.a(libc_a-reent.o)
 .debug_frame   0x0000323c       0x20 C:/ST/STM32CubeCLT_1.16.0/GNU-tools-for-STM32/bin/../lib/gcc/arm-none-eabi/12.3.1/../../../../arm-none-eabi/lib/thumb/v7e-m+fp/hard\libc_nano.a(libc_a-errno.o)
 .debug_frame   0x0000325c       0x2c C:/ST/STM32CubeCLT_1.16.0/GNU-tools-for-STM32/bin/../lib/gcc/arm-none-eabi/12.3.1/../../../../arm-none-eabi/lib/thumb/v7e-m+fp/hard\libc_nano.a(libc_a-init.o)
 .debug_frame   0x00003288       0xb0 C:/ST/STM32CubeCLT_1.16.0/GNU-tools-for-STM32/bin/../lib/gcc/arm-none-eabi/12.3.1/../../../../arm-none-eabi/lib/thumb/v7e-m+fp/hard\libc_nano.a(libc_a-lock.o)
 .debug_frame   0x00003338       0x38 C:/ST/STM32CubeCLT_1.16.0/GNU-tools-for-STM32/bin/../lib/gcc/arm-none-eabi/12.3.1/../../../../arm-none-eabi/lib/thumb/v7e-m+fp/hard\libc_nano.a(libc_a-freer.o)
 .debug_frame   0x00003370       0x50 C:/ST/STM32CubeCLT_1.16.0/GNU-tools-for-STM32/bin/../lib/gcc/arm-none-eabi/12.3.1/../../../../arm-none-eabi/lib/thumb/v7e-m+fp/hard\libc_nano.a(libc_a-mallocr.o)
 .debug_frame   0x000033c0       0x30 C:/ST/STM32CubeCLT_1.16.0/GNU-tools-for-STM32/bin/../lib/gcc/arm-none-eabi/12.3.1/../../../../arm-none-eabi/lib/thumb/v7e-m+fp/hard\libc_nano.a(libc_a-mlock.o)
 .debug_frame   0x000033f0       0x90 C:/ST/STM32CubeCLT_1.16.0/GNU-tools-for-STM32/bin/../lib/gcc/arm-none-eabi/12.3.1/../../../../arm-none-eabi/lib/thumb/v7e-m+fp/hard\libc_nano.a(libc_a-nano-svfprintf.o)
 .debug_frame   0x00003480       0x60 C:/ST/STM32CubeCLT_1.16.0/GNU-tools-for-STM32/bin/../lib/gcc/arm-none-eabi/12.3.1/../../../../arm-none-eabi/lib/thumb/v7e-m+fp/hard\libc_nano.a(libc_a-nano-vfprintf_i.o)
 .debug_frame   0x000034e0       0x28 C:/ST/STM32CubeCLT_1.16.0/GNU-tools-for-STM32/bin/../lib/gcc/arm-none-eabi/12.3.1/../../../../arm-none-eabi/lib/thumb/v7e-m+fp/hard\libc_nano.a(libc_a-memmove.o)
 .debug_frame   0x00003508       0x2c C:/ST/STM32CubeCLT_1.16.0/GNU-tools-for-STM32/bin/../lib/gcc/arm-none-eabi/12.3.1/../../../../arm-none-eabi/lib/thumb/v7e-m+fp/hard\libc_nano.a(libc_a-sbrkr.o)
 .debug_frame   0x00003534       0x28 C:/ST/STM32CubeCLT_1.16.0/GNU-tools-for-STM32/bin/../lib/gcc/arm-none-eabi/12.3.1/../../../../arm-none-eabi/lib/thumb/v7e-m+fp/hard\libc_nano.a(libc_a-memcpy-stub.o)
 .debug_frame   0x0000355c       0x3c C:/ST/STM32CubeCLT_1.16.0/GNU-tools-for-STM32/bin/../lib/gcc/arm-none-eabi/12.3.1/../../../../arm-none-eabi/lib/thumb/v7e-m+fp/hard\libc_nano.a(libc_a-reallocr.o)
 .debug_frame   0x00003598       0x20 C:/ST/STM32CubeCLT_1.16.0/GNU-tools-for-STM32/bin/../lib/gcc/arm-none-eabi/12.3.1/../../../../arm-none-eabi/lib/thumb/v7e-m+fp/hard\libc_nano.a(libc_a-msizer.o)
 .debug_frame   0x000035b8       0x2c C:/ST/STM32CubeCLT_1.16.0/GNU-tools-for-STM32/bin/../lib/gcc/arm-none-eabi/12.3.1/thumb/v7e-m+fp/hard\libgcc.a(_aeabi_uldivmod.o)
 .debug_frame   0x000035e4       0x34 C:/ST/STM32CubeCLT_1.16.0/GNU-tools-for-STM32/bin/../lib/gcc/arm-none-eabi/12.3.1/thumb/v7e-m+fp/hard\libgcc.a(_udivmoddi4.o)

Cross Reference Table

Symbol                                            File
ADC1_2_IRQHandler                                 build/startup_stm32l476xx.o
ADC3_IRQHandler                                   build/startup_stm32l476xx.o
AHBPrescTable                                     build/system_stm32l4xx.o
                                                  build/stm32l4xx_hal_rcc.o
APBPrescTable                                     build/system_stm32l4xx.o
                                                  build/stm32l4xx_hal_rcc.o
BusFault_Handler                                  build/stm32l4xx_it.o
CAN1_RX0_IRQHandler                               build/startup_stm32l476xx.o
CAN1_RX1_IRQHandler                               build/startup_stm32l476xx.o
CAN1_SCE_IRQHandler                               build/startup_stm32l476xx.o
CAN1_TX_IRQHandler                                build/startup_stm32l476xx.o
COMP_IRQHandler                                   build/startup_stm32l476xx.o
CurrentAddressReadHandler                         build/main.o
DFSDM1_FLT0_IRQHandler                            build/startup_stm32l476xx.o
DFSDM1_FLT1_IRQHandler                            build/startup_stm32l476xx.o
DFSDM1_FLT2_IRQHandler                            build/startup_stm32l476xx.o
DFSDM1_FLT3_IRQHandler                            build/startup_stm32l476xx.o
DMA1_Channel1_IRQHandler                          build/startup_stm32l476xx.o
DMA1_Channel2_IRQHandler                          build/startup_stm32l476xx.o
DMA1_Channel3_IRQHandler                          build/startup_stm32l476xx.o
DMA1_Channel4_IRQHandler                          build/startup_stm32l476xx.o
DMA1_Channel5_IRQHandler                          build/startup_stm32l476xx.o
DMA1_Channel6_IRQHandler                          build/startup_stm32l476xx.o
DMA1_Channel7_IRQHandler                          build/startup_stm32l476xx.o
DMA2_Channel1_IRQHandler                          build/startup_stm32l476xx.o
DMA2_Channel2_IRQHandler                          build/startup_stm32l476xx.o
DMA2_Channel3_IRQHandler                          build/startup_stm32l476xx.o
DMA2_Channel4_IRQHandler                          build/startup_stm32l476xx.o
DMA2_Channel5_IRQHandler                          build/startup_stm32l476xx.o
DMA2_Channel6_IRQHandler                          build/startup_stm32l476xx.o
DMA2_Channel7_IRQHandler                          build/startup_stm32l476xx.o
DebugMon_Handler                                  build/stm32l4xx_it.o
Default_Handler                                   build/startup_stm32l476xx.o
EXTI0_IRQHandler                                  build/startup_stm32l476xx.o
EXTI15_10_IRQHandler                              build/startup_stm32l476xx.o
EXTI1_IRQHandler                                  build/startup_stm32l476xx.o
EXTI2_IRQHandler                                  build/startup_stm32l476xx.o
EXTI3_IRQHandler                                  build/startup_stm32l476xx.o
EXTI4_IRQHandler                                  build/startup_stm32l476xx.o
EXTI9_5_IRQHandler                                build/startup_stm32l476xx.o
Error_Handler                                     build/main.o
                                                  build/stm32l4xx_hal_msp.o
FLASH_FlushCaches                                 build/stm32l4xx_hal_flash_ex.o
                                                  build/stm32l4xx_hal_flash.o
FLASH_IRQHandler                                  build/startup_stm32l476xx.o
FLASH_PageErase                                   build/stm32l4xx_hal_flash_ex.o
                                                  build/stm32l4xx_hal_flash.o
FLASH_WaitForLastOperation                        build/stm32l4xx_hal_flash.o
                                                  build/stm32l4xx_hal_flash_ex.o
FMC_IRQHandler                                    build/startup_stm32l476xx.o
FPU_IRQHandler                                    build/startup_stm32l476xx.o
HAL_DBGMCU_DisableDBGSleepMode                    build/stm32l4xx_hal.o
HAL_DBGMCU_DisableDBGStandbyMode                  build/stm32l4xx_hal.o
HAL_DBGMCU_DisableDBGStopMode                     build/stm32l4xx_hal.o
HAL_DBGMCU_EnableDBGSleepMode                     build/stm32l4xx_hal.o
HAL_DBGMCU_EnableDBGStandbyMode                   build/stm32l4xx_hal.o
HAL_DBGMCU_EnableDBGStopMode                      build/stm32l4xx_hal.o
HAL_DMA_Abort                                     build/stm32l4xx_hal_dma.o
                                                  build/stm32l4xx_hal_uart.o
HAL_DMA_Abort_IT                                  build/stm32l4xx_hal_dma.o
                                                  build/stm32l4xx_hal_uart.o
                                                  build/stm32l4xx_hal_tim_ex.o
                                                  build/stm32l4xx_hal_tim.o
                                                  build/stm32l4xx_hal_i2c.o
HAL_DMA_DeInit                                    build/stm32l4xx_hal_dma.o
HAL_DMA_GetError                                  build/stm32l4xx_hal_dma.o
                                                  build/stm32l4xx_hal_uart.o
HAL_DMA_GetState                                  build/stm32l4xx_hal_dma.o
                                                  build/stm32l4xx_hal_i2c.o
HAL_DMA_IRQHandler                                build/stm32l4xx_hal_dma.o
HAL_DMA_Init                                      build/stm32l4xx_hal_dma.o
HAL_DMA_PollForTransfer                           build/stm32l4xx_hal_dma.o
HAL_DMA_RegisterCallback                          build/stm32l4xx_hal_dma.o
HAL_DMA_Start                                     build/stm32l4xx_hal_dma.o
HAL_DMA_Start_IT                                  build/stm32l4xx_hal_dma.o
                                                  build/stm32l4xx_hal_uart.o
                                                  build/stm32l4xx_hal_tim_ex.o
                                                  build/stm32l4xx_hal_tim.o
                                                  build/stm32l4xx_hal_i2c.o
HAL_DMA_UnRegisterCallback                        build/stm32l4xx_hal_dma.o
HAL_DeInit                                        build/stm32l4xx_hal.o
HAL_Delay                                         build/stm32l4xx_hal.o
                                                  build/main.o
HAL_EXTI_ClearConfigLine                          build/stm32l4xx_hal_exti.o
HAL_EXTI_ClearPending                             build/stm32l4xx_hal_exti.o
HAL_EXTI_GenerateSWI                              build/stm32l4xx_hal_exti.o
HAL_EXTI_GetConfigLine                            build/stm32l4xx_hal_exti.o
HAL_EXTI_GetHandle                                build/stm32l4xx_hal_exti.o
HAL_EXTI_GetPending                               build/stm32l4xx_hal_exti.o
HAL_EXTI_IRQHandler                               build/stm32l4xx_hal_exti.o
HAL_EXTI_RegisterCallback                         build/stm32l4xx_hal_exti.o
HAL_EXTI_SetConfigLine                            build/stm32l4xx_hal_exti.o
HAL_FLASHEx_DisableRunPowerDown                   build/stm32l4xx_hal_flash_ramfunc.o
HAL_FLASHEx_EnableRunPowerDown                    build/stm32l4xx_hal_flash_ramfunc.o
HAL_FLASHEx_Erase                                 build/stm32l4xx_hal_flash_ex.o
HAL_FLASHEx_Erase_IT                              build/stm32l4xx_hal_flash_ex.o
HAL_FLASHEx_OBGetConfig                           build/stm32l4xx_hal_flash_ex.o
HAL_FLASHEx_OBProgram                             build/stm32l4xx_hal_flash_ex.o
HAL_FLASH_EndOfOperationCallback                  build/stm32l4xx_hal_flash.o
HAL_FLASH_GetError                                build/stm32l4xx_hal_flash.o
HAL_FLASH_IRQHandler                              build/stm32l4xx_hal_flash.o
HAL_FLASH_Lock                                    build/stm32l4xx_hal_flash.o
HAL_FLASH_OB_Launch                               build/stm32l4xx_hal_flash.o
HAL_FLASH_OB_Lock                                 build/stm32l4xx_hal_flash.o
HAL_FLASH_OB_Unlock                               build/stm32l4xx_hal_flash.o
HAL_FLASH_OperationErrorCallback                  build/stm32l4xx_hal_flash.o
HAL_FLASH_Program                                 build/stm32l4xx_hal_flash.o
HAL_FLASH_Program_IT                              build/stm32l4xx_hal_flash.o
HAL_FLASH_Unlock                                  build/stm32l4xx_hal_flash.o
HAL_GPIO_DeInit                                   build/stm32l4xx_hal_gpio.o
                                                  build/stm32l4xx_hal_msp.o
HAL_GPIO_EXTI_Callback                            build/stm32l4xx_hal_gpio.o
HAL_GPIO_EXTI_IRQHandler                          build/stm32l4xx_hal_gpio.o
HAL_GPIO_Init                                     build/stm32l4xx_hal_gpio.o
                                                  build/stm32l4xx_hal_rcc_ex.o
                                                  build/stm32l4xx_hal_rcc.o
                                                  build/stm32l4xx_hal_msp.o
                                                  build/main.o
HAL_GPIO_LockPin                                  build/stm32l4xx_hal_gpio.o
HAL_GPIO_ReadPin                                  build/stm32l4xx_hal_gpio.o
HAL_GPIO_TogglePin                                build/stm32l4xx_hal_gpio.o
                                                  build/main.o
HAL_GPIO_WritePin                                 build/stm32l4xx_hal_gpio.o
                                                  build/main.o
HAL_GetDEVID                                      build/stm32l4xx_hal.o
HAL_GetHalVersion                                 build/stm32l4xx_hal.o
HAL_GetREVID                                      build/stm32l4xx_hal.o
HAL_GetTick                                       build/stm32l4xx_hal.o
                                                  build/stm32l4xx_hal_uart_ex.o
                                                  build/stm32l4xx_hal_uart.o
                                                  build/stm32l4xx_hal_rng.o
                                                  build/stm32l4xx_hal_dma.o
                                                  build/stm32l4xx_hal_flash.o
                                                  build/stm32l4xx_hal_rcc_ex.o
                                                  build/stm32l4xx_hal_rcc.o
                                                  build/stm32l4xx_hal_i2c.o
HAL_GetTickFreq                                   build/stm32l4xx_hal.o
HAL_GetTickPrio                                   build/stm32l4xx_hal.o
HAL_GetUIDw0                                      build/stm32l4xx_hal.o
HAL_GetUIDw1                                      build/stm32l4xx_hal.o
HAL_GetUIDw2                                      build/stm32l4xx_hal.o
HAL_HalfDuplex_EnableReceiver                     build/stm32l4xx_hal_uart.o
HAL_HalfDuplex_EnableTransmitter                  build/stm32l4xx_hal_uart.o
HAL_HalfDuplex_Init                               build/stm32l4xx_hal_uart.o
HAL_I2CEx_ConfigAnalogFilter                      build/stm32l4xx_hal_i2c_ex.o
                                                  build/main.o
HAL_I2CEx_ConfigDigitalFilter                     build/stm32l4xx_hal_i2c_ex.o
                                                  build/main.o
HAL_I2CEx_DisableFastModePlus                     build/stm32l4xx_hal_i2c_ex.o
HAL_I2CEx_DisableWakeUp                           build/stm32l4xx_hal_i2c_ex.o
HAL_I2CEx_EnableFastModePlus                      build/stm32l4xx_hal_i2c_ex.o
HAL_I2CEx_EnableWakeUp                            build/stm32l4xx_hal_i2c_ex.o
HAL_I2C_AbortCpltCallback                         build/stm32l4xx_hal_i2c.o
HAL_I2C_AddrCallback                              build/stm32l4xx_hal_i2c.o
HAL_I2C_DeInit                                    build/stm32l4xx_hal_i2c.o
HAL_I2C_DisableListen_IT                          build/stm32l4xx_hal_i2c.o
HAL_I2C_ER_IRQHandler                             build/stm32l4xx_hal_i2c.o
HAL_I2C_EV_IRQHandler                             build/stm32l4xx_hal_i2c.o
HAL_I2C_EnableListen_IT                           build/stm32l4xx_hal_i2c.o
HAL_I2C_ErrorCallback                             build/stm32l4xx_hal_i2c.o
HAL_I2C_GetError                                  build/stm32l4xx_hal_i2c.o
HAL_I2C_GetMode                                   build/stm32l4xx_hal_i2c.o
HAL_I2C_GetState                                  build/stm32l4xx_hal_i2c.o
HAL_I2C_Init                                      build/stm32l4xx_hal_i2c.o
                                                  build/main.o
HAL_I2C_IsDeviceReady                             build/stm32l4xx_hal_i2c.o
HAL_I2C_ListenCpltCallback                        build/stm32l4xx_hal_i2c.o
HAL_I2C_MasterRxCpltCallback                      build/stm32l4xx_hal_i2c.o
HAL_I2C_MasterTxCpltCallback                      build/stm32l4xx_hal_i2c.o
HAL_I2C_Master_Abort_IT                           build/stm32l4xx_hal_i2c.o
HAL_I2C_Master_Receive                            build/stm32l4xx_hal_i2c.o
HAL_I2C_Master_Receive_DMA                        build/stm32l4xx_hal_i2c.o
HAL_I2C_Master_Receive_IT                         build/stm32l4xx_hal_i2c.o
HAL_I2C_Master_Seq_Receive_DMA                    build/stm32l4xx_hal_i2c.o
HAL_I2C_Master_Seq_Receive_IT                     build/stm32l4xx_hal_i2c.o
HAL_I2C_Master_Seq_Transmit_DMA                   build/stm32l4xx_hal_i2c.o
HAL_I2C_Master_Seq_Transmit_IT                    build/stm32l4xx_hal_i2c.o
HAL_I2C_Master_Transmit                           build/stm32l4xx_hal_i2c.o
HAL_I2C_Master_Transmit_DMA                       build/stm32l4xx_hal_i2c.o
HAL_I2C_Master_Transmit_IT                        build/stm32l4xx_hal_i2c.o
HAL_I2C_MemRxCpltCallback                         build/stm32l4xx_hal_i2c.o
HAL_I2C_MemTxCpltCallback                         build/stm32l4xx_hal_i2c.o
HAL_I2C_Mem_Read                                  build/stm32l4xx_hal_i2c.o
HAL_I2C_Mem_Read_DMA                              build/stm32l4xx_hal_i2c.o
HAL_I2C_Mem_Read_IT                               build/stm32l4xx_hal_i2c.o
HAL_I2C_Mem_Write                                 build/stm32l4xx_hal_i2c.o
HAL_I2C_Mem_Write_DMA                             build/stm32l4xx_hal_i2c.o
HAL_I2C_Mem_Write_IT                              build/stm32l4xx_hal_i2c.o
HAL_I2C_MspDeInit                                 build/stm32l4xx_hal_msp.o
HAL_I2C_MspInit                                   build/stm32l4xx_hal_msp.o
HAL_I2C_SlaveRxCpltCallback                       build/stm32l4xx_hal_i2c.o
HAL_I2C_SlaveTxCpltCallback                       build/stm32l4xx_hal_i2c.o
HAL_I2C_Slave_Receive                             build/stm32l4xx_hal_i2c.o
HAL_I2C_Slave_Receive_DMA                         build/stm32l4xx_hal_i2c.o
HAL_I2C_Slave_Receive_IT                          build/stm32l4xx_hal_i2c.o
HAL_I2C_Slave_Seq_Receive_DMA                     build/stm32l4xx_hal_i2c.o
HAL_I2C_Slave_Seq_Receive_IT                      build/stm32l4xx_hal_i2c.o
HAL_I2C_Slave_Seq_Transmit_DMA                    build/stm32l4xx_hal_i2c.o
HAL_I2C_Slave_Seq_Transmit_IT                     build/stm32l4xx_hal_i2c.o
HAL_I2C_Slave_Transmit                            build/stm32l4xx_hal_i2c.o
HAL_I2C_Slave_Transmit_DMA                        build/stm32l4xx_hal_i2c.o
HAL_I2C_Slave_Transmit_IT                         build/stm32l4xx_hal_i2c.o
HAL_IncTick                                       build/stm32l4xx_hal.o
                                                  build/stm32l4xx_it.o
HAL_Init                                          build/stm32l4xx_hal.o
                                                  build/main.o
HAL_InitTick                                      build/stm32l4xx_hal.o
                                                  build/stm32l4xx_hal_rcc.o
HAL_LIN_Init                                      build/stm32l4xx_hal_uart.o
HAL_LIN_SendBreak                                 build/stm32l4xx_hal_uart.o
HAL_MPU_ConfigRegion                              build/stm32l4xx_hal_cortex.o
HAL_MPU_Disable                                   build/stm32l4xx_hal_cortex.o
HAL_MPU_Enable                                    build/stm32l4xx_hal_cortex.o
HAL_MspDeInit                                     build/stm32l4xx_hal.o
HAL_MspInit                                       build/stm32l4xx_hal_msp.o
HAL_MultiProcessorEx_AddressLength_Set            build/stm32l4xx_hal_uart_ex.o
HAL_MultiProcessor_DisableMuteMode                build/stm32l4xx_hal_uart.o
HAL_MultiProcessor_EnableMuteMode                 build/stm32l4xx_hal_uart.o
HAL_MultiProcessor_EnterMuteMode                  build/stm32l4xx_hal_uart.o
HAL_MultiProcessor_Init                           build/stm32l4xx_hal_uart.o
HAL_NVIC_ClearPendingIRQ                          build/stm32l4xx_hal_cortex.o
HAL_NVIC_DisableIRQ                               build/stm32l4xx_hal_cortex.o
                                                  build/stm32l4xx_hal_msp.o
HAL_NVIC_EnableIRQ                                build/stm32l4xx_hal_cortex.o
                                                  build/stm32l4xx_hal_msp.o
HAL_NVIC_GetActive                                build/stm32l4xx_hal_cortex.o
HAL_NVIC_GetPendingIRQ                            build/stm32l4xx_hal_cortex.o
HAL_NVIC_GetPriority                              build/stm32l4xx_hal_cortex.o
HAL_NVIC_GetPriorityGrouping                      build/stm32l4xx_hal_cortex.o
HAL_NVIC_SetPendingIRQ                            build/stm32l4xx_hal_cortex.o
HAL_NVIC_SetPriority                              build/stm32l4xx_hal_cortex.o
                                                  build/stm32l4xx_hal.o
                                                  build/stm32l4xx_hal_msp.o
HAL_NVIC_SetPriorityGrouping                      build/stm32l4xx_hal_cortex.o
                                                  build/stm32l4xx_hal.o
HAL_NVIC_SystemReset                              build/stm32l4xx_hal_cortex.o
HAL_PWREx_ConfigPVM                               build/stm32l4xx_hal_pwr_ex.o
HAL_PWREx_ControlVoltageScaling                   build/stm32l4xx_hal_pwr_ex.o
                                                  build/main.o
HAL_PWREx_DisableBatteryCharging                  build/stm32l4xx_hal_pwr_ex.o
HAL_PWREx_DisableExtSMPS_0V95                     build/stm32l4xx_hal_pwr_ex.o
HAL_PWREx_DisableGPIOPullDown                     build/stm32l4xx_hal_pwr_ex.o
HAL_PWREx_DisableGPIOPullUp                       build/stm32l4xx_hal_pwr_ex.o
HAL_PWREx_DisableInternalWakeUpLine               build/stm32l4xx_hal_pwr_ex.o
HAL_PWREx_DisableLowPowerRunMode                  build/stm32l4xx_hal_pwr_ex.o
                                                  build/stm32l4xx_hal_pwr.o
HAL_PWREx_DisablePVM1                             build/stm32l4xx_hal_pwr_ex.o
HAL_PWREx_DisablePVM2                             build/stm32l4xx_hal_pwr_ex.o
HAL_PWREx_DisablePVM3                             build/stm32l4xx_hal_pwr_ex.o
HAL_PWREx_DisablePVM4                             build/stm32l4xx_hal_pwr_ex.o
HAL_PWREx_DisablePullUpPullDownConfig             build/stm32l4xx_hal_pwr_ex.o
HAL_PWREx_DisableSRAM2ContentRetention            build/stm32l4xx_hal_pwr_ex.o
HAL_PWREx_DisableVddIO2                           build/stm32l4xx_hal_pwr_ex.o
HAL_PWREx_DisableVddUSB                           build/stm32l4xx_hal_pwr_ex.o
HAL_PWREx_EnableBatteryCharging                   build/stm32l4xx_hal_pwr_ex.o
HAL_PWREx_EnableExtSMPS_0V95                      build/stm32l4xx_hal_pwr_ex.o
HAL_PWREx_EnableGPIOPullDown                      build/stm32l4xx_hal_pwr_ex.o
HAL_PWREx_EnableGPIOPullUp                        build/stm32l4xx_hal_pwr_ex.o
HAL_PWREx_EnableInternalWakeUpLine                build/stm32l4xx_hal_pwr_ex.o
HAL_PWREx_EnableLowPowerRunMode                   build/stm32l4xx_hal_pwr_ex.o
                                                  build/stm32l4xx_hal_pwr.o
HAL_PWREx_EnablePVM1                              build/stm32l4xx_hal_pwr_ex.o
HAL_PWREx_EnablePVM2                              build/stm32l4xx_hal_pwr_ex.o
HAL_PWREx_EnablePVM3                              build/stm32l4xx_hal_pwr_ex.o
HAL_PWREx_EnablePVM4                              build/stm32l4xx_hal_pwr_ex.o
HAL_PWREx_EnablePullUpPullDownConfig              build/stm32l4xx_hal_pwr_ex.o
HAL_PWREx_EnableSRAM2ContentRetention             build/stm32l4xx_hal_pwr_ex.o
HAL_PWREx_EnableVddIO2                            build/stm32l4xx_hal_pwr_ex.o
HAL_PWREx_EnableVddUSB                            build/stm32l4xx_hal_pwr_ex.o
HAL_PWREx_EnterSHUTDOWNMode                       build/stm32l4xx_hal_pwr_ex.o
HAL_PWREx_EnterSTOP0Mode                          build/stm32l4xx_hal_pwr_ex.o
                                                  build/stm32l4xx_hal_pwr.o
HAL_PWREx_EnterSTOP1Mode                          build/stm32l4xx_hal_pwr_ex.o
                                                  build/stm32l4xx_hal_pwr.o
HAL_PWREx_EnterSTOP2Mode                          build/stm32l4xx_hal_pwr_ex.o
HAL_PWREx_GetVoltageRange                         build/stm32l4xx_hal_pwr_ex.o
                                                  build/stm32l4xx_hal_rcc.o
HAL_PWREx_PVD_PVM_IRQHandler                      build/stm32l4xx_hal_pwr_ex.o
HAL_PWREx_PVM1Callback                            build/stm32l4xx_hal_pwr_ex.o
HAL_PWREx_PVM2Callback                            build/stm32l4xx_hal_pwr_ex.o
HAL_PWREx_PVM3Callback                            build/stm32l4xx_hal_pwr_ex.o
HAL_PWREx_PVM4Callback                            build/stm32l4xx_hal_pwr_ex.o
HAL_PWREx_SetSRAM2ContentRetention                build/stm32l4xx_hal_pwr_ex.o
HAL_PWR_ConfigPVD                                 build/stm32l4xx_hal_pwr.o
HAL_PWR_DeInit                                    build/stm32l4xx_hal_pwr.o
HAL_PWR_DisableBkUpAccess                         build/stm32l4xx_hal_pwr.o
                                                  build/stm32l4xx_hal_rcc_ex.o
HAL_PWR_DisablePVD                                build/stm32l4xx_hal_pwr.o
HAL_PWR_DisableSEVOnPend                          build/stm32l4xx_hal_pwr.o
HAL_PWR_DisableSleepOnExit                        build/stm32l4xx_hal_pwr.o
HAL_PWR_DisableWakeUpPin                          build/stm32l4xx_hal_pwr.o
HAL_PWR_EnableBkUpAccess                          build/stm32l4xx_hal_pwr.o
                                                  build/stm32l4xx_hal_rcc_ex.o
HAL_PWR_EnablePVD                                 build/stm32l4xx_hal_pwr.o
HAL_PWR_EnableSEVOnPend                           build/stm32l4xx_hal_pwr.o
HAL_PWR_EnableSleepOnExit                         build/stm32l4xx_hal_pwr.o
HAL_PWR_EnableWakeUpPin                           build/stm32l4xx_hal_pwr.o
HAL_PWR_EnterSLEEPMode                            build/stm32l4xx_hal_pwr.o
HAL_PWR_EnterSTANDBYMode                          build/stm32l4xx_hal_pwr.o
HAL_PWR_EnterSTOPMode                             build/stm32l4xx_hal_pwr.o
HAL_PWR_PVDCallback                               build/stm32l4xx_hal_pwr.o
                                                  build/stm32l4xx_hal_pwr_ex.o
HAL_RCCEx_DisableLSCO                             build/stm32l4xx_hal_rcc_ex.o
HAL_RCCEx_DisableLSECSS                           build/stm32l4xx_hal_rcc_ex.o
HAL_RCCEx_DisableMSIPLLMode                       build/stm32l4xx_hal_rcc_ex.o
HAL_RCCEx_DisablePLLSAI1                          build/stm32l4xx_hal_rcc_ex.o
HAL_RCCEx_DisablePLLSAI2                          build/stm32l4xx_hal_rcc_ex.o
HAL_RCCEx_EnableLSCO                              build/stm32l4xx_hal_rcc_ex.o
HAL_RCCEx_EnableLSECSS                            build/stm32l4xx_hal_rcc_ex.o
HAL_RCCEx_EnableLSECSS_IT                         build/stm32l4xx_hal_rcc_ex.o
HAL_RCCEx_EnableMSIPLLMode                        build/stm32l4xx_hal_rcc_ex.o
HAL_RCCEx_EnablePLLSAI1                           build/stm32l4xx_hal_rcc_ex.o
HAL_RCCEx_EnablePLLSAI2                           build/stm32l4xx_hal_rcc_ex.o
HAL_RCCEx_GetPeriphCLKConfig                      build/stm32l4xx_hal_rcc_ex.o
HAL_RCCEx_GetPeriphCLKFreq                        build/stm32l4xx_hal_rcc_ex.o
HAL_RCCEx_LSECSS_Callback                         build/stm32l4xx_hal_rcc_ex.o
HAL_RCCEx_LSECSS_IRQHandler                       build/stm32l4xx_hal_rcc_ex.o
HAL_RCCEx_PeriphCLKConfig                         build/stm32l4xx_hal_rcc_ex.o
                                                  build/stm32l4xx_hal_msp.o
HAL_RCCEx_StandbyMSIRangeConfig                   build/stm32l4xx_hal_rcc_ex.o
HAL_RCCEx_WakeUpStopCLKConfig                     build/stm32l4xx_hal_rcc_ex.o
HAL_RCC_CSSCallback                               build/stm32l4xx_hal_rcc.o
HAL_RCC_ClockConfig                               build/stm32l4xx_hal_rcc.o
                                                  build/main.o
HAL_RCC_DeInit                                    build/stm32l4xx_hal_rcc.o
HAL_RCC_EnableCSS                                 build/stm32l4xx_hal_rcc.o
HAL_RCC_GetClockConfig                            build/stm32l4xx_hal_rcc.o
HAL_RCC_GetHCLKFreq                               build/stm32l4xx_hal_rcc.o
HAL_RCC_GetOscConfig                              build/stm32l4xx_hal_rcc.o
HAL_RCC_GetPCLK1Freq                              build/stm32l4xx_hal_rcc.o
                                                  build/stm32l4xx_hal_uart.o
                                                  build/stm32l4xx_hal_rcc_ex.o
HAL_RCC_GetPCLK2Freq                              build/stm32l4xx_hal_rcc.o
                                                  build/stm32l4xx_hal_uart.o
                                                  build/stm32l4xx_hal_rcc_ex.o
HAL_RCC_GetResetSource                            build/stm32l4xx_hal_rcc.o
HAL_RCC_GetSysClockFreq                           build/stm32l4xx_hal_rcc.o
                                                  build/stm32l4xx_hal_uart.o
                                                  build/stm32l4xx_hal_rcc_ex.o
HAL_RCC_MCOConfig                                 build/stm32l4xx_hal_rcc.o
HAL_RCC_NMI_IRQHandler                            build/stm32l4xx_hal_rcc.o
HAL_RCC_OscConfig                                 build/stm32l4xx_hal_rcc.o
                                                  build/main.o
HAL_RNG_DeInit                                    build/stm32l4xx_hal_rng.o
HAL_RNG_ErrorCallback                             build/stm32l4xx_hal_rng.o
HAL_RNG_GenerateRandomNumber                      build/stm32l4xx_hal_rng.o
HAL_RNG_GenerateRandomNumber_IT                   build/stm32l4xx_hal_rng.o
HAL_RNG_GetError                                  build/stm32l4xx_hal_rng.o
HAL_RNG_GetRandomNumber                           build/stm32l4xx_hal_rng.o
HAL_RNG_GetRandomNumber_IT                        build/stm32l4xx_hal_rng.o
HAL_RNG_GetState                                  build/stm32l4xx_hal_rng.o
HAL_RNG_IRQHandler                                build/stm32l4xx_hal_rng.o
HAL_RNG_Init                                      build/stm32l4xx_hal_rng.o
                                                  build/main.o
HAL_RNG_MspDeInit                                 build/stm32l4xx_hal_msp.o
HAL_RNG_MspInit                                   build/stm32l4xx_hal_msp.o
HAL_RNG_ReadLastRandomNumber                      build/stm32l4xx_hal_rng.o
HAL_RNG_ReadyDataCallback                         build/stm32l4xx_hal_rng.o
HAL_RS485Ex_Init                                  build/stm32l4xx_hal_uart_ex.o
HAL_ResumeTick                                    build/stm32l4xx_hal.o
HAL_SYSCFG_DisableIOAnalogSwitchBooster           build/stm32l4xx_hal.o
HAL_SYSCFG_DisableMemorySwappingBank              build/stm32l4xx_hal.o
HAL_SYSCFG_DisableVREFBUF                         build/stm32l4xx_hal.o
HAL_SYSCFG_EnableIOAnalogSwitchBooster            build/stm32l4xx_hal.o
HAL_SYSCFG_EnableMemorySwappingBank               build/stm32l4xx_hal.o
HAL_SYSCFG_EnableVREFBUF                          build/stm32l4xx_hal.o
HAL_SYSCFG_SRAM2Erase                             build/stm32l4xx_hal.o
HAL_SYSCFG_VREFBUF_HighImpedanceConfig            build/stm32l4xx_hal.o
HAL_SYSCFG_VREFBUF_TrimmingConfig                 build/stm32l4xx_hal.o
HAL_SYSCFG_VREFBUF_VoltageScalingConfig           build/stm32l4xx_hal.o
HAL_SYSTICK_CLKSourceConfig                       build/stm32l4xx_hal_cortex.o
HAL_SYSTICK_Callback                              build/stm32l4xx_hal_cortex.o
HAL_SYSTICK_Config                                build/stm32l4xx_hal_cortex.o
                                                  build/stm32l4xx_hal.o
HAL_SYSTICK_IRQHandler                            build/stm32l4xx_hal_cortex.o
HAL_SetTickFreq                                   build/stm32l4xx_hal.o
HAL_SuspendTick                                   build/stm32l4xx_hal.o
HAL_TIMEx_Break2Callback                          build/stm32l4xx_hal_tim_ex.o
                                                  build/stm32l4xx_hal_tim.o
HAL_TIMEx_BreakCallback                           build/stm32l4xx_hal_tim_ex.o
                                                  build/stm32l4xx_hal_tim.o
HAL_TIMEx_CommutCallback                          build/stm32l4xx_hal_tim_ex.o
                                                  build/stm32l4xx_hal_tim.o
HAL_TIMEx_CommutHalfCpltCallback                  build/stm32l4xx_hal_tim_ex.o
HAL_TIMEx_ConfigBreakDeadTime                     build/stm32l4xx_hal_tim_ex.o
HAL_TIMEx_ConfigBreakInput                        build/stm32l4xx_hal_tim_ex.o
HAL_TIMEx_ConfigCommutEvent                       build/stm32l4xx_hal_tim_ex.o
HAL_TIMEx_ConfigCommutEvent_DMA                   build/stm32l4xx_hal_tim_ex.o
HAL_TIMEx_ConfigCommutEvent_IT                    build/stm32l4xx_hal_tim_ex.o
HAL_TIMEx_GetChannelNState                        build/stm32l4xx_hal_tim_ex.o
HAL_TIMEx_GroupChannel5                           build/stm32l4xx_hal_tim_ex.o
HAL_TIMEx_HallSensor_DeInit                       build/stm32l4xx_hal_tim_ex.o
HAL_TIMEx_HallSensor_GetState                     build/stm32l4xx_hal_tim_ex.o
HAL_TIMEx_HallSensor_Init                         build/stm32l4xx_hal_tim_ex.o
HAL_TIMEx_HallSensor_MspDeInit                    build/stm32l4xx_hal_tim_ex.o
HAL_TIMEx_HallSensor_MspInit                      build/stm32l4xx_hal_tim_ex.o
HAL_TIMEx_HallSensor_Start                        build/stm32l4xx_hal_tim_ex.o
HAL_TIMEx_HallSensor_Start_DMA                    build/stm32l4xx_hal_tim_ex.o
HAL_TIMEx_HallSensor_Start_IT                     build/stm32l4xx_hal_tim_ex.o
HAL_TIMEx_HallSensor_Stop                         build/stm32l4xx_hal_tim_ex.o
HAL_TIMEx_HallSensor_Stop_DMA                     build/stm32l4xx_hal_tim_ex.o
HAL_TIMEx_HallSensor_Stop_IT                      build/stm32l4xx_hal_tim_ex.o
HAL_TIMEx_MasterConfigSynchronization             build/stm32l4xx_hal_tim_ex.o
                                                  build/main.o
HAL_TIMEx_OCN_Start                               build/stm32l4xx_hal_tim_ex.o
HAL_TIMEx_OCN_Start_DMA                           build/stm32l4xx_hal_tim_ex.o
HAL_TIMEx_OCN_Start_IT                            build/stm32l4xx_hal_tim_ex.o
HAL_TIMEx_OCN_Stop                                build/stm32l4xx_hal_tim_ex.o
HAL_TIMEx_OCN_Stop_DMA                            build/stm32l4xx_hal_tim_ex.o
HAL_TIMEx_OCN_Stop_IT                             build/stm32l4xx_hal_tim_ex.o
HAL_TIMEx_OnePulseN_Start                         build/stm32l4xx_hal_tim_ex.o
HAL_TIMEx_OnePulseN_Start_IT                      build/stm32l4xx_hal_tim_ex.o
HAL_TIMEx_OnePulseN_Stop                          build/stm32l4xx_hal_tim_ex.o
HAL_TIMEx_OnePulseN_Stop_IT                       build/stm32l4xx_hal_tim_ex.o
HAL_TIMEx_PWMN_Start                              build/stm32l4xx_hal_tim_ex.o
HAL_TIMEx_PWMN_Start_DMA                          build/stm32l4xx_hal_tim_ex.o
HAL_TIMEx_PWMN_Start_IT                           build/stm32l4xx_hal_tim_ex.o
HAL_TIMEx_PWMN_Stop                               build/stm32l4xx_hal_tim_ex.o
HAL_TIMEx_PWMN_Stop_DMA                           build/stm32l4xx_hal_tim_ex.o
HAL_TIMEx_PWMN_Stop_IT                            build/stm32l4xx_hal_tim_ex.o
HAL_TIMEx_RemapConfig                             build/stm32l4xx_hal_tim_ex.o
HAL_TIM_Base_DeInit                               build/stm32l4xx_hal_tim.o
HAL_TIM_Base_GetState                             build/stm32l4xx_hal_tim.o
HAL_TIM_Base_Init                                 build/stm32l4xx_hal_tim.o
                                                  build/main.o
HAL_TIM_Base_MspDeInit                            build/stm32l4xx_hal_msp.o
HAL_TIM_Base_MspInit                              build/stm32l4xx_hal_msp.o
HAL_TIM_Base_Start                                build/stm32l4xx_hal_tim.o
HAL_TIM_Base_Start_DMA                            build/stm32l4xx_hal_tim.o
HAL_TIM_Base_Start_IT                             build/stm32l4xx_hal_tim.o
HAL_TIM_Base_Stop                                 build/stm32l4xx_hal_tim.o
HAL_TIM_Base_Stop_DMA                             build/stm32l4xx_hal_tim.o
HAL_TIM_Base_Stop_IT                              build/stm32l4xx_hal_tim.o
HAL_TIM_ConfigClockSource                         build/stm32l4xx_hal_tim.o
                                                  build/main.o
HAL_TIM_ConfigOCrefClear                          build/stm32l4xx_hal_tim.o
HAL_TIM_ConfigTI1Input                            build/stm32l4xx_hal_tim.o
HAL_TIM_DMABurstState                             build/stm32l4xx_hal_tim.o
HAL_TIM_DMABurst_MultiReadStart                   build/stm32l4xx_hal_tim.o
HAL_TIM_DMABurst_MultiWriteStart                  build/stm32l4xx_hal_tim.o
HAL_TIM_DMABurst_ReadStart                        build/stm32l4xx_hal_tim.o
HAL_TIM_DMABurst_ReadStop                         build/stm32l4xx_hal_tim.o
HAL_TIM_DMABurst_WriteStart                       build/stm32l4xx_hal_tim.o
HAL_TIM_DMABurst_WriteStop                        build/stm32l4xx_hal_tim.o
HAL_TIM_Encoder_DeInit                            build/stm32l4xx_hal_tim.o
HAL_TIM_Encoder_GetState                          build/stm32l4xx_hal_tim.o
HAL_TIM_Encoder_Init                              build/stm32l4xx_hal_tim.o
HAL_TIM_Encoder_MspDeInit                         build/stm32l4xx_hal_tim.o
HAL_TIM_Encoder_MspInit                           build/stm32l4xx_hal_tim.o
HAL_TIM_Encoder_Start                             build/stm32l4xx_hal_tim.o
HAL_TIM_Encoder_Start_DMA                         build/stm32l4xx_hal_tim.o
HAL_TIM_Encoder_Start_IT                          build/stm32l4xx_hal_tim.o
HAL_TIM_Encoder_Stop                              build/stm32l4xx_hal_tim.o
HAL_TIM_Encoder_Stop_DMA                          build/stm32l4xx_hal_tim.o
HAL_TIM_Encoder_Stop_IT                           build/stm32l4xx_hal_tim.o
HAL_TIM_ErrorCallback                             build/stm32l4xx_hal_tim.o
                                                  build/stm32l4xx_hal_tim_ex.o